de.tum.in.ma.simpleproject.core.Calculation$1.compareTo(de.tum.in.ma.simpleproject.core.Calculation)
de.tum.in.ma.simpleproject.core.CalculationDefaultTests;comparable
.
de.tum.in.ma.simpleproject.core.Calculation.isPositive(int)
de.tum.in.ma.simpleproject.core.CalculationDefaultTests;mult1
de.tum.in.ma.simpleproject.core.CalculationDefaultTests;positive
de.tum.in.ma.simpleproject.core.CalculationDefaultTests;mult3
.
de.tum.in.ma.simpleproject.core.Calculation.parse(java.lang.String)
de.tum.in.ma.simpleproject.core.CalculationStringTests;parse
.
de.tum.in.ma.simpleproject.core.Calculation.isPositive()
de.tum.in.ma.simpleproject.core.CalculationDefaultTests;positive
.
de.tum.in.ma.simpleproject.core.Calculation.mult(int)
de.tum.in.ma.simpleproject.core.CalculationDefaultTests;mult1
de.tum.in.ma.simpleproject.core.CalculationDefaultTests;positive
de.tum.in.ma.simpleproject.core.CalculationDefaultTests;mult2
de.tum.in.ma.simpleproject.core.CalculationDefaultTests;mult3
.
de.tum.in.ma.simpleproject.lite.CalculationLite.setResult(int)
de.tum.in.ma.simpleproject.core.CalculationDefaultTests;resultAsList
de.tum.in.ma.simpleproject.core.CalculationDefaultTests;mult1
de.tum.in.ma.simpleproject.core.CalculationDefaultTests;positive
de.tum.in.ma.simpleproject.core.CalculationDefaultTests;even
de.tum.in.ma.simpleproject.core.CalculationDefaultTests;clear
de.tum.in.ma.simpleproject.core.CalculationDefaultTests;constructor
de.tum.in.ma.simpleproject.core.CalculationDefaultTests;increment
de.tum.in.ma.simpleproject.core.CalculationDefaultTests;add0
de.tum.in.ma.simpleproject.core.CalculationDefaultTests;add5
de.tum.in.ma.simpleproject.core.CalculationDefaultTests;mult2
de.tum.in.ma.simpleproject.core.CalculationDefaultTests;sub
de.tum.in.ma.simpleproject.core.CalculationDefaultTests;mult3
de.tum.in.ma.simpleproject.core.CalculationStringTests;parse
.
de.tum.in.ma.simpleproject.lite.CalculationLite.getResultAsString()
de.tum.in.ma.simpleproject.core.CalculationStringTests;stringCorrect
de.tum.in.ma.simpleproject.core.CalculationStringTests;stringReturnNotNull
.
de.tum.in.ma.simpleproject.lite.CalculationLite.getResult()
de.tum.in.ma.simpleproject.core.CalculationDefaultTests;mult1
de.tum.in.ma.simpleproject.core.CalculationStringTests;stringCorrect
de.tum.in.ma.simpleproject.core.CalculationDefaultTests;even
de.tum.in.ma.simpleproject.core.CalculationDefaultTests;clear
de.tum.in.ma.simpleproject.core.CalculationDefaultTests;add0
de.tum.in.ma.simpleproject.core.CalculationDefaultTests;increment
de.tum.in.ma.simpleproject.core.CalculationDefaultTests;add5
de.tum.in.ma.simpleproject.core.CalculationDefaultTests;mult2
de.tum.in.ma.simpleproject.core.CalculationDefaultTests;mult3
de.tum.in.ma.simpleproject.core.CalculationStringTests;stringReturnNotNull
de.tum.in.ma.simpleproject.core.CalculationDefaultTests;resultAsList
de.tum.in.ma.simpleproject.core.CalculationDefaultTests;intArray
de.tum.in.ma.simpleproject.core.CalculationDefaultTests;positive
de.tum.in.ma.simpleproject.core.CalculationDefaultTests;constructor
de.tum.in.ma.simpleproject.core.CalculationDefaultTests;sub
de.tum.in.ma.simpleproject.core.CalculationStringTests;parse
.
de.tum.in.ma.simpleproject.core.Calculation.getResultAsArray()
de.tum.in.ma.simpleproject.core.CalculationDefaultTests;intArray
.
de.tum.in.ma.simpleproject.core.Calculation$1.compareTo(java.lang.Object)
de.tum.in.ma.simpleproject.core.CalculationDefaultTests;comparable
.
de.tum.in.ma.simpleproject.lite.CalculationLite.add(int)
de.tum.in.ma.simpleproject.core.CalculationDefaultTests;resultAsList
de.tum.in.ma.simpleproject.core.CalculationDefaultTests;mult1
de.tum.in.ma.simpleproject.core.CalculationDefaultTests;positive
de.tum.in.ma.simpleproject.core.CalculationDefaultTests;even
de.tum.in.ma.simpleproject.core.CalculationDefaultTests;clear
de.tum.in.ma.simpleproject.core.CalculationDefaultTests;increment
de.tum.in.ma.simpleproject.core.CalculationDefaultTests;add0
de.tum.in.ma.simpleproject.core.CalculationDefaultTests;add5
de.tum.in.ma.simpleproject.core.CalculationDefaultTests;mult2
de.tum.in.ma.simpleproject.core.CalculationDefaultTests;sub
de.tum.in.ma.simpleproject.core.CalculationDefaultTests;mult3
.
de.tum.in.ma.simpleproject.core.Calculation.trimString(java.lang.String)
de.tum.in.ma.simpleproject.core.CalculationStringTests;parse
.
de.tum.in.ma.simpleproject.core.Calculation.clear()
de.tum.in.ma.simpleproject.core.CalculationDefaultTests;clear
.
de.tum.in.ma.simpleproject.core.Calculation.sub(int)
de.tum.in.ma.simpleproject.core.CalculationDefaultTests;sub
.
de.tum.in.ma.simpleproject.core.Calculation.getComparable()
de.tum.in.ma.simpleproject.core.CalculationDefaultTests;comparable
.
de.tum.in.ma.simpleproject.lite.CalculationLite.increment()
de.tum.in.ma.simpleproject.core.CalculationDefaultTests;positive
de.tum.in.ma.simpleproject.core.CalculationDefaultTests;even
de.tum.in.ma.simpleproject.core.CalculationDefaultTests;increment
.
de.tum.in.ma.simpleproject.lite.CalculationLite.isEven()
de.tum.in.ma.simpleproject.core.CalculationDefaultTests;even
.
de.tum.in.ma.simpleproject.core.Calculation.getResultAsList()
de.tum.in.ma.simpleproject.core.CalculationDefaultTests;resultAsList
.
