de.tum.in.ma.simpleproject.special.Special.staticMethod()
de.tum.in.ma.simpleproject.special.HasFailingTest;successfulTest
de.tum.in.ma.simpleproject.special.MiscellaneousTests;testStaticMethod
.
de.tum.in.ma.simpleproject.special.Java8.applyMultiplyWithEight(int)
de.tum.in.ma.simpleproject.special.Java8Test;testMultiplyEight
.
de.tum.in.ma.simpleproject.special.Java8.usePredicateLambda()
de.tum.in.ma.simpleproject.special.Java8Test;testPredicateLambda
.
de.tum.in.ma.simpleproject.special.Special.returnFiveForTestNotToCauseATimeout()
de.tum.in.ma.simpleproject.special.TimeoutInTest;testTimeoutIfMutated
.
de.tum.in.ma.simpleproject.special.Java8.lambda$1(java.lang.Integer)
de.tum.in.ma.simpleproject.special.Java8Test;testPredicateLambda
.
de.tum.in.ma.simpleproject.special.Special.compareTo(java.lang.Integer)
de.tum.in.ma.simpleproject.special.MiscellaneousTests;testSyntheticBride
.
de.tum.in.ma.simpleproject.special.Java8.apply(java.util.function.Predicate,int)
de.tum.in.ma.simpleproject.special.Java8Test;testPredicateLambda
.
de.tum.in.ma.simpleproject.special.Special.add(int,int,int)
de.tum.in.ma.simpleproject.special.HierarchyTestsInherited;testInInheritingClass
de.tum.in.ma.simpleproject.special.HierarchyTestsInherited;testInAbstractClass
.
de.tum.in.ma.simpleproject.special.SpecialTest2Object.callTest()
de.tum.in.ma.simpleproject.special.JUnitRulesTest;testRun
de.tum.in.ma.simpleproject.special.SetUpAndTearDownTests;testBeforeAndAfterDontInstrument
.
de.tum.in.ma.simpleproject.special.Java8.multiApplyFunction(java.util.function.Function,int,int)
de.tum.in.ma.simpleproject.special.Java8Test;testMultiplyEight
.
de.tum.in.ma.simpleproject.special.Java8.lambda$0(java.lang.Integer)
de.tum.in.ma.simpleproject.special.Java8Test;testMultiplyEight
.
de.tum.in.ma.simpleproject.special.Special.noReturnStatement()
de.tum.in.ma.simpleproject.special.MiscellaneousTests;testWithTryCatchBlock
de.tum.in.ma.simpleproject.special.MiscellaneousTests;testNoReturnStatement
.
de.tum.in.ma.simpleproject.special.Special.tryCatchBlock(java.lang.String)
de.tum.in.ma.simpleproject.special.MiscellaneousTests;testTryCatchBlock
.
de.tum.in.ma.simpleproject.special.Special.returnFiveForTestNotToExit()
de.tum.in.ma.simpleproject.special.TimeoutInTest;testDieIfMutated
.
