{
'project:PHPExcel_1.7.9_doc/Examples/Quadratic.php':[
10,
11,
21,
22,
23,
],
'project:PHPExcel_1.7.9_doc/Examples/Quadratic2.php':[
10,
11,
21,
21,
21,
24,
24,
25,
25,
],
'project:PHPMailer/class.phpmailer.php':[
2731,
2731,
2731,
2732,
],
'project:PHPMailer/extras/class.html2text.php':[
374,
375,
],
'project:PHP_CodeSniffer/CodeSniffer/CLI.php':[
191,
192,
268,
269,
313,
314,
318,
326,
327,
328,
329,
],
'project:stackphp-0.5beta1-source/examples/src/auth_explicit.php':[
19,
19,
22,
24,
30,
],
'project:stackphp-0.5beta1-source/examples/src/auth_implicit.php':[
13,
13,
16,
],
'project:stackphp-0.5beta1-source/examples/src/simple_api.php':[
25,
28,
],
'project:stackphp-0.5beta1-source/examples/src/user_info.php':[
14,
17,
17,
20,
20,
],
'project:stackphp-0.5beta1-source/examples/src/user_list.php':[
14,
16,
19,
20,
22,
22,
49,
49,
50,
50,
],
'project:stackphp-0.5beta1-source/examples/src/user_search.php':[
11,
15,
22,
38,
46,
],
'project:stackphp-0.5beta1-source/examples/view_source.php':[
6,
7,
8,
9,
20,
],
'project:stackphp-0.5beta1-source/src/auth.php':[
69,
75,
],
'project:stackphp-0.5beta1-source/src/combobox_output.php':[
38,
39,
],
'project:symfony/Symfony/Bundle/FrameworkBundle/Resources/config/router_dev.php':[
24,
24,
28,
28,
],
'project:symfony/Symfony/Bundle/FrameworkBundle/Resources/config/router_prod.php':[
24,
24,
28,
28,
],
'project:symfony/Symfony/Bundle/FrameworkBundle/Test/WebTestCase.php':[
67,
67,
101,
129,
130,
],
'project:symfony/Symfony/Component/Console/Command/Command.php':[
528,
],
'project:symfony/Symfony/Component/Console/Input/ArgvInput.php':[
57,
],
'project:symfony/Symfony/Component/Console/Shell.php':[
99,
],
'project:symfony/Symfony/Component/Console/Tests/ApplicationTest.php':[
532,
],
'project:symfony/Symfony/Component/Console/Tests/Input/ArgvInputTest.php':[
23,
],
'project:symfony/Symfony/Component/Form/Extension/Validator/Util/ServerParams.php':[
68,
69,
],
'project:symfony/Symfony/Component/Form/NativeRequestHandler.php':[
54,
58,
62,
66,
71,
73,
75,
75,
104,
105,
108,
109,
],
'project:symfony/Symfony/Component/Form/Tests/NativeRequestHandlerTest.php':[
25,
32,
33,
34,
35,
45,
46,
47,
48,
67,
179,
190,
191,
193,
194,
197,
],
'project:symfony/Symfony/Component/HttpFoundation/Request.php':[
271,
271,
271,
271,
271,
504,
505,
506,
507,
512,
514,
518,
518,
518,
],
'project:symfony/Symfony/Component/HttpFoundation/Tests/RequestTest.php':[
938,
939,
940,
941,
942,
951,
951,
951,
951,
951,
953,
954,
959,
959,
963,
964,
965,
971,
971,
971,
981,
985,
990,
992,
1002,
1007,
1008,
1011,
],
'project:symfony/Symfony/Component/HttpKernel/Kernel.php':[
612,
],
'project:symfony/Symfony/Component/Process/ProcessBuilder.php':[
170,
170,
],
'project:symfony/Symfony/Component/Process/Tests/ProcessBuilderTest.php':[
20,
26,
53,
60,
],
'project:symfony/Symfony/Component/Routing/Matcher/ApacheUrlMatcher.php':[
46,
85,
],
'project:symfony/Symfony/Component/Routing/Tests/Matcher/ApacheUrlMatcherTest.php':[
24,
29,
41,
],
}
