{
'project:PHPExcel_1.7.9_doc/Classes/PHPExcel/Calculation.php':[
2824,
3710,
3794,
],
'project:PHPExcel_1.7.9_doc/Classes/PHPExcel/Calculation/Database.php':[
103,
108,
],
'project:PHPExcel_1.7.9_doc/Classes/PHPExcel/Calculation/DateTime.php':[
599,
827,
1315,
],
'project:PHPExcel_1.7.9_doc/Classes/PHPExcel/Calculation/LookupRef.php':[
122,
190,
197,
],
'project:PHPExcel_1.7.9_doc/Classes/PHPExcel/Calculation/Statistical.php':[
593,
852,
2218,
2380,
],
'project:PHPExcel_1.7.9_doc/Classes/PHPExcel/Chart/Renderer/jpgraph.php':[
187,
415,
419,
463,
498,
501,
506,
520,
525,
605,
616,
],
'project:PHPExcel_1.7.9_doc/Classes/PHPExcel/Reader/CSV.php':[
194,
],
'project:PHPExcel_1.7.9_doc/Classes/PHPExcel/Reader/Excel2003XML.php':[
320,
321,
621,
766,
],
'project:PHPExcel_1.7.9_doc/Classes/PHPExcel/Reader/Excel2007.php':[
206,
1250,
1443,
1444,
1445,
1446,
],
'project:PHPExcel_1.7.9_doc/Classes/PHPExcel/Reader/Excel2007/Chart.php':[
74,
77,
77,
366,
396,
],
'project:PHPExcel_1.7.9_doc/Classes/PHPExcel/Reader/Excel5.php':[
410,
861,
1067,
1097,
1105,
1257,
1267,
1450,
1457,
2078,
2245,
2424,
2542,
2828,
2856,
3707,
3931,
4001,
4004,
4068,
4071,
4082,
4083,
4155,
4158,
4161,
4165,
4271,
4292,
4424,
4472,
4603,
4778,
4798,
4810,
4813,
4823,
4838,
4849,
4944,
6334,
6358,
6391,
6394,
],
'project:PHPExcel_1.7.9_doc/Classes/PHPExcel/Reader/Excel5/Escher.php':[
149,
152,
155,
185,
232,
235,
238,
241,
244,
247,
250,
253,
259,
262,
265,
294,
299,
304,
335,
340,
345,
384,
387,
399,
420,
429,
460,
480,
489,
503,
506,
520,
523,
589,
617,
],
'project:PHPExcel_1.7.9_doc/Classes/PHPExcel/Reader/Gnumeric.php':[
237,
238,
692,
],
'project:PHPExcel_1.7.9_doc/Classes/PHPExcel/Reader/HTML.php':[
197,
388,
],
'project:PHPExcel_1.7.9_doc/Classes/PHPExcel/Reader/OOCalc.php':[
135,
185,
],
'project:PHPExcel_1.7.9_doc/Classes/PHPExcel/Shared/Font.php':[
263,
319,
321,
323,
325,
],
'project:PHPExcel_1.7.9_doc/Classes/PHPExcel/Shared/JAMA/EigenvalueDecomposition.php':[
206,
],
'project:PHPExcel_1.7.9_doc/Classes/PHPExcel/Shared/PCLZip/pclzip.lib.php':[
507,
645,
1127,
2127,
2162,
3304,
4685,
],
'project:PHPExcel_1.7.9_doc/Classes/PHPExcel/Shared/trend/bestFitClass.php':[
315,
],
'project:PHPExcel_1.7.9_doc/Classes/PHPExcel/Style/NumberFormat.php':[
688,
],
'project:PHPExcel_1.7.9_doc/Classes/PHPExcel/Worksheet.php':[
1231,
1259,
1466,
],
'project:PHPExcel_1.7.9_doc/Classes/PHPExcel/Worksheet/AutoFilter.php':[
115,
210,
736,
],
'project:PHPExcel_1.7.9_doc/Classes/PHPExcel/Writer/Excel2007/StringTable.php':[
51,
],
'project:PHPExcel_1.7.9_doc/Classes/PHPExcel/Writer/Excel2007/Workbook.php':[
362,
435,
],
'project:PHPExcel_1.7.9_doc/Classes/PHPExcel/Writer/Excel2007/Worksheet.php':[
755,
],
'project:PHPExcel_1.7.9_doc/Classes/PHPExcel/Writer/Excel5.php':[
226,
477,
477,
],
'project:PHPExcel_1.7.9_doc/Classes/PHPExcel/Writer/Excel5/Workbook.php':[
674,
941,
975,
],
'project:PHPExcel_1.7.9_doc/Classes/PHPExcel/Writer/Excel5/Worksheet.php':[
250,
280,
427,
533,
591,
917,
1175,
1182,
2999,
],
'project:PHPExcel_1.7.9_doc/Classes/PHPExcel/Writer/PDF/DomPDF.php':[
76,
],
'project:PHPExcel_1.7.9_doc/Classes/PHPExcel/Writer/PDF/mPDF.php':[
76,
],
'project:PHP_CodeSniffer/CodeSniffer.php':[
1210,
],
'project:PHP_CodeSniffer/CodeSniffer/File.php':[
530,
1157,
],
'project:PHP_CodeSniffer/CodeSniffer/Reporting.php':[
90,
],
'project:PHP_CodeSniffer/CodeSniffer/Reports/Full.php':[
108,
],
'project:PHP_CodeSniffer/CodeSniffer/Reports/Source.php':[
66,
67,
],
'project:PHP_CodeSniffer/CodeSniffer/Reports/VersionControl.php':[
101,
],
'project:PHP_CodeSniffer/CodeSniffer/Standards/AbstractPatternSniff.php':[
693,
],
'project:PHP_CodeSniffer/CodeSniffer/Standards/Generic/Sniffs/CodeAnalysis/UselessOverridingMethodSniff.php':[
127,
],
'project:PHP_CodeSniffer/CodeSniffer/Standards/Generic/Sniffs/Debug/ClosureLinterSniff.php':[
87,
],
'project:PHP_CodeSniffer/CodeSniffer/Standards/Generic/Sniffs/Debug/JSHintSniff.php':[
74,
],
'project:PHP_CodeSniffer/CodeSniffer/Standards/Generic/Sniffs/VersionControl/SubversionPropertiesSniff.php':[
69,
],
'project:PHP_CodeSniffer/CodeSniffer/Standards/Generic/Sniffs/WhiteSpace/ScopeIndentSniff.php':[
372,
],
'project:PHP_CodeSniffer/CodeSniffer/Standards/PEAR/Sniffs/Commenting/ClassCommentSniff.php':[
105,
217,
],
'project:PHP_CodeSniffer/CodeSniffer/Standards/PEAR/Sniffs/Commenting/FileCommentSniff.php':[
444,
778,
],
'project:PHP_CodeSniffer/CodeSniffer/Standards/PSR1/Sniffs/Classes/ClassDeclarationSniff.php':[
58,
],
'project:PHP_CodeSniffer/CodeSniffer/Standards/PSR2/Sniffs/Classes/ClassDeclarationSniff.php':[
321,
],
'project:PHP_CodeSniffer/CodeSniffer/Standards/PSR2/Sniffs/ControlStructures/SwitchDeclarationSniff.php':[
75,
],
'project:PHP_CodeSniffer/CodeSniffer/Standards/Squiz/Sniffs/Arrays/ArrayDeclarationSniff.php':[
219,
],
'project:PHP_CodeSniffer/CodeSniffer/Standards/Squiz/Sniffs/CSS/MissingColonSniff.php':[
65,
],
'project:PHP_CodeSniffer/CodeSniffer/Standards/Squiz/Sniffs/Classes/ClassDeclarationSniff.php':[
53,
166,
],
'project:PHP_CodeSniffer/CodeSniffer/Standards/Squiz/Sniffs/Commenting/ClassCommentSniff.php':[
91,
],
'project:PHP_CodeSniffer/CodeSniffer/Standards/Squiz/Sniffs/Commenting/FunctionCommentSniff.php':[
145,
403,
],
'project:PHP_CodeSniffer/CodeSniffer/Standards/Squiz/Sniffs/Commenting/InlineCommentSniff.php':[
252,
],
'project:PHP_CodeSniffer/CodeSniffer/Standards/Squiz/Sniffs/Debug/JSLintSniff.php':[
72,
],
'project:PHP_CodeSniffer/CodeSniffer/Standards/Squiz/Sniffs/Functions/MultiLineFunctionDeclarationSniff.php':[
70,
],
'project:PHP_CodeSniffer/CodeSniffer/Standards/Squiz/Sniffs/PHP/DisallowBooleanStatementSniff.php':[
57,
],
'project:PHP_CodeSniffer/CodeSniffer/Standards/Squiz/Sniffs/Scope/StaticThisUsageSniff.php':[
70,
72,
],
'project:PHP_CodeSniffer/tests/Standards/AbstractSniffUnitTest.php':[
178,
],
'project:stackphp-0.5beta1-source/src/auth.php':[
79,
],
'project:stackphp-0.5beta1-source/src/filestore_cache.php':[
207,
],
'project:stackphp-0.5beta1-source/tests/test.php':[
31,
],
'project:symfony/Symfony/Bridge/Doctrine/Tests/Form/Type/EntityTypeTest.php':[
179,
],
'project:symfony/Symfony/Bridge/Doctrine/Tests/Validator/Constraints/UniqueValidatorTest.php':[
372,
],
'project:symfony/Symfony/Bridge/Propel1/Tests/Form/ChoiceList/ModelChoiceListTest.php':[
252,
260,
],
'project:symfony/Symfony/Bridge/Twig/Tests/Command/LintCommandTest.php':[
57,
],
'project:symfony/Symfony/Bridge/Twig/Tests/Extension/StopwatchExtensionTest.php':[
35,
],
'project:symfony/Symfony/Bridge/Twig/Tests/Extension/TranslationExtensionTest.php':[
52,
61,
70,
],
'project:symfony/Symfony/Bundle/FrameworkBundle/CacheWarmer/TemplateFinder.php':[
58,
],
'project:symfony/Symfony/Bundle/FrameworkBundle/Command/RouterMatchCommand.php':[
75,
],
'project:symfony/Symfony/Bundle/FrameworkBundle/Tests/Functional/Bundle/TestBundle/Controller/SessionController.php':[
45,
],
'project:symfony/Symfony/Bundle/FrameworkBundle/Tests/Functional/ProfilerTest.php':[
34,
],
'project:symfony/Symfony/Bundle/SecurityBundle/Tests/DependencyInjection/MainConfigurationTest.php':[
113,
],
'project:symfony/Symfony/Bundle/SecurityBundle/Tests/DependencyInjection/Security/Factory/AbstractFactoryTest.php':[
50,
51,
52,
63,
64,
65,
],
'project:symfony/Symfony/Component/BrowserKit/Tests/CookieJarTest.php':[
36,
53,
54,
122,
123,
124,
125,
127,
148,
157,
158,
170,
180,
181,
191,
192,
],
'project:symfony/Symfony/Component/Config/Definition/Dumper/XmlReferenceDumper.php':[
62,
],
'project:symfony/Symfony/Component/Config/Tests/Loader/DelegatingLoaderTest.php':[
24,
24,
],
'project:symfony/Symfony/Component/Config/Tests/Loader/FileLoaderTest.php':[
36,
],
'project:symfony/Symfony/Component/Config/Tests/Resource/DirectoryResourceTest.php':[
147,
],
'project:symfony/Symfony/Component/Config/Tests/Resource/FileResourceTest.php':[
54,
],
'project:symfony/Symfony/Component/Console/Descriptor/MarkdownDescriptor.php':[
106,
],
'project:symfony/Symfony/Component/Console/Tests/ApplicationTest.php':[
238,
357,
],
'project:symfony/Symfony/Component/Console/Tests/Command/CommandTest.php':[
186,
208,
],
'project:symfony/Symfony/Component/Console/Tests/Formatter/OutputFormatterStyleStackTest.php':[
22,
55,
],
'project:symfony/Symfony/Component/Console/Tests/Helper/ProgressHelperTest.php':[
134,
147,
156,
],
'project:symfony/Symfony/Component/CssSelector/Tests/Parser/TokenStreamTest.php':[
36,
86,
],
'project:symfony/Symfony/Component/Debug/FatalErrorHandler/UndefinedFunctionFatalErrorHandler.php':[
68,
],
'project:symfony/Symfony/Component/Debug/Tests/ErrorHandlerTest.php':[
84,
158,
],
'project:symfony/Symfony/Component/Debug/Tests/ExceptionHandlerTest.php':[
60,
],
'project:symfony/Symfony/Component/DependencyInjection/ContainerBuilder.php':[
1058,
],
'project:symfony/Symfony/Component/DependencyInjection/Loader/PhpFileLoader.php':[
35,
36,
],
'project:symfony/Symfony/Component/DependencyInjection/Tests/Compiler/AnalyzeServiceReferencesPassTest.php':[
27,
32,
34,
37,
39,
43,
48,
91,
92,
],
'project:symfony/Symfony/Component/DependencyInjection/Tests/Compiler/InlineServiceDefinitionsPassTest.php':[
118,
],
'project:symfony/Symfony/Component/DependencyInjection/Tests/Compiler/IntegrationTest.php':[
40,
],
'project:symfony/Symfony/Component/DependencyInjection/Tests/ContainerBuilderTest.php':[
162,
],
'project:symfony/Symfony/Component/DependencyInjection/Tests/ContainerTest.php':[
121,
208,
590,
],
'project:symfony/Symfony/Component/DependencyInjection/Tests/Loader/XmlFileLoaderTest.php':[
243,
],
'project:symfony/Symfony/Component/DependencyInjection/Tests/ParameterBag/ParameterBagTest.php':[
38,
],
'project:symfony/Symfony/Component/DomCrawler/Tests/Field/ChoiceFormFieldTest.php':[
22,
],
'project:symfony/Symfony/Component/DomCrawler/Tests/FormTest.php':[
42,
84,
],
'project:symfony/Symfony/Component/EventDispatcher/ContainerAwareEventDispatcher.php':[
82,
],
'project:symfony/Symfony/Component/EventDispatcher/Tests/ContainerAwareEventDispatcherTest.php':[
178,
197,
214,
],
'project:symfony/Symfony/Component/EventDispatcher/Tests/Debug/TraceableEventDispatcherTest.php':[
41,
53,
78,
95,
96,
110,
111,
126,
127,
138,
],
'project:symfony/Symfony/Component/Finder/Tests/FinderTest.php':[
480,
492,
],
'project:symfony/Symfony/Component/Finder/Tests/Iterator/FilterIteratorTest.php':[
33,
],
'project:symfony/Symfony/Component/Form/Tests/CompoundFormTest.php':[
528,
529,
],
'project:symfony/Symfony/Component/Form/Tests/Extension/Core/DataTransformer/DateTimeToLocalizedStringTransformerTest.php':[
155,
],
'project:symfony/Symfony/Component/Form/Tests/Extension/Core/EventListener/FixRadioInputListenerTest.php':[
33,
],
'project:symfony/Symfony/Component/Form/Tests/Fixtures/AlternatingRowType.php':[
14,
16,
],
'project:symfony/Symfony/Component/HttpFoundation/Request.php':[
458,
],
'project:symfony/Symfony/Component/HttpFoundation/Tests/CookieTest.php':[
54,
],
'project:symfony/Symfony/Component/HttpFoundation/Tests/File/UploadedFileTest.php':[
144,
],
'project:symfony/Symfony/Component/HttpFoundation/Tests/HeaderBagTest.php':[
59,
],
'project:symfony/Symfony/Component/HttpFoundation/Tests/RedirectResponseTest.php':[
33,
41,
],
'project:symfony/Symfony/Component/HttpFoundation/Tests/ResponseHeaderBagTest.php':[
215,
],
'project:symfony/Symfony/Component/HttpFoundation/Tests/Session/Storage/Handler/NativeFileSessionHandlerTest.php':[
47,
70,
76,
],
'project:symfony/Symfony/Component/HttpFoundation/Tests/Session/Storage/Handler/NullSessionHandlerTest.php':[
29,
],
'project:symfony/Symfony/Component/HttpFoundation/Tests/Session/Storage/Handler/PdoSessionHandlerTest.php':[
35,
45,
],
'project:symfony/Symfony/Component/HttpFoundation/Tests/Session/Storage/NativeSessionStorageTest.php':[
122,
130,
],
'project:symfony/Symfony/Component/HttpKernel/HttpCache/Store.php':[
141,
],
'project:symfony/Symfony/Component/HttpKernel/Tests/HttpCache/HttpCacheTest.php':[
790,
791,
],
'project:symfony/Symfony/Component/HttpKernel/Tests/HttpCache/StoreTest.php':[
50,
90,
217,
],
'project:symfony/Symfony/Component/OptionsResolver/Tests/OptionsTest.php':[
94,
96,
169,
],
'project:symfony/Symfony/Component/Process/Process.php':[
1110,
1111,
],
'project:symfony/Symfony/Component/Process/ProcessPipes.php':[
82,
],
'project:symfony/Symfony/Component/Routing/Loader/PhpFileLoader.php':[
42,
],
'project:symfony/Symfony/Component/Routing/Tests/Annotation/RouteTest.php':[
23,
],
'project:symfony/Symfony/Component/Routing/Tests/Fixtures/dumper/url_matcher1.php':[
27,
28,
],
'project:symfony/Symfony/Component/Routing/Tests/Fixtures/dumper/url_matcher2.php':[
27,
28,
],
'project:symfony/Symfony/Component/Routing/Tests/Fixtures/dumper/url_matcher3.php':[
28,
],
'project:symfony/Symfony/Component/Routing/Tests/Generator/Dumper/PhpGeneratorDumperTest.php':[
102,
],
'project:symfony/Symfony/Component/Routing/Tests/RouteCollectionTest.php':[
144,
146,
167,
168,
205,
221,
],
'project:symfony/Symfony/Component/Routing/Tests/RouteCompilerTest.php':[
161,
],
'project:symfony/Symfony/Component/Security/Acl/Dbal/MutableAclProvider.php':[
875,
905,
],
'project:symfony/Symfony/Component/Security/Acl/Tests/Dbal/AclProviderBenchmarkTest.php':[
83,
],
'project:symfony/Symfony/Component/Security/Acl/Tests/Dbal/AclProviderTest.php':[
154,
],
'project:symfony/Symfony/Component/Security/Acl/Tests/Dbal/MutableAclProviderTest.php':[
82,
],
'project:symfony/Symfony/Component/Security/Acl/Tests/Domain/AclTest.php':[
25,
],
'project:symfony/Symfony/Component/Security/Core/Tests/Authorization/AccessDecisionManagerTest.php':[
54,
],
'project:symfony/Symfony/Component/Security/Core/Tests/Encoder/EncoderFactoryTest.php':[
121,
],
'project:symfony/Symfony/Component/Security/Http/Firewall/AccessListener.php':[
58,
],
'project:symfony/Symfony/Component/Security/Http/Firewall/ChannelListener.php':[
47,
],
'project:symfony/Symfony/Component/Security/Http/RememberMe/PersistentTokenBasedRememberMeServices.php':[
76,
],
'project:symfony/Symfony/Component/Security/Http/Tests/Firewall/BasicAuthenticationListenerTest.php':[
76,
],
'project:symfony/Symfony/Component/Security/Http/Tests/Firewall/LogoutListenerTest.php':[
22,
131,
155,
],
'project:symfony/Symfony/Component/Security/Http/Tests/Firewall/RememberMeListenerTest.php':[
22,
],
'project:symfony/Symfony/Component/Security/Http/Tests/Firewall/X509AuthenticationListenerTest.php':[
79,
],
'project:symfony/Symfony/Component/Security/Http/Tests/FirewallTest.php':[
49,
],
'project:symfony/Symfony/Component/Security/Http/Tests/RememberMe/AbstractRememberMeServicesTest.php':[
111,
],
'project:symfony/Symfony/Component/Security/Http/Tests/RememberMe/PersistentTokenBasedRememberMeServicesTest.php':[
53,
54,
],
'project:symfony/Symfony/Component/Templating/PhpEngine.php':[
154,
],
'project:symfony/Symfony/Component/Templating/Tests/Loader/CacheLoaderTest.php':[
35,
],
'project:symfony/Symfony/Component/Templating/Tests/Loader/FilesystemLoaderTest.php':[
30,
],
'project:symfony/Symfony/Component/Validator/Mapping/Loader/XmlFileLoader.php':[
48,
],
'project:symfony/Symfony/Component/Validator/Tests/Constraints/CollectionValidatorTest.php':[
388,
],
'project:symfony/Symfony/Component/Validator/Tests/Constraints/IpValidatorTest.php':[
64,
],
'project:symfony/Symfony/Component/Validator/Tests/Mapping/ClassMetadataFactoryTest.php':[
96,
],
'project:symfony/Symfony/Component/Yaml/Tests/ParserTest.php':[
87,
],
}
