{
'project:PHPExcel_1.7.9_doc/Classes/PHPExcel/CachedObjectStorage/CacheBase.php':[
286,
],
'project:PHPExcel_1.7.9_doc/Classes/PHPExcel/Calculation/MathTrig.php':[
883,
885,
],
'project:PHPExcel_1.7.9_doc/Classes/PHPExcel/Worksheet/MemoryDrawing.php':[
87,
87,
],
'project:PHPExcel_1.7.9_doc/Examples/10autofilter-selection-1.php':[
85,
85,
87,
89,
89,
92,
92,
93,
93,
96,
96,
],
'project:PHPExcel_1.7.9_doc/Examples/10autofilter-selection-2.php':[
85,
85,
87,
89,
89,
92,
92,
93,
93,
96,
96,
],
'project:PHPExcel_1.7.9_doc/Examples/10autofilter-selection-display.php':[
85,
85,
87,
89,
89,
92,
92,
93,
93,
96,
96,
],
'project:PHPMailer/extras/EasyPeasyICS.php':[
63,
],
'project:symfony/Symfony/Component/ClassLoader/Tests/ClassMapGeneratorTest.php':[
25,
],
'project:symfony/Symfony/Component/Config/Tests/Resource/DirectoryResourceTest.php':[
72,
],
'project:symfony/Symfony/Component/Config/Tests/Resource/FileResourceTest.php':[
48,
],
'project:symfony/Symfony/Component/DomCrawler/Field/FileFormField.php':[
66,
],
'project:symfony/Symfony/Component/Filesystem/Tests/FilesystemTest.php':[
501,
514,
567,
580,
],
'project:symfony/Symfony/Component/Filesystem/Tests/FilesystemTestCase.php':[
40,
],
'project:symfony/Symfony/Component/Form/Tests/Extension/Core/Type/ChoiceTypePerformanceTest.php':[
33,
],
'project:symfony/Symfony/Component/HttpFoundation/Session/Storage/MockArraySessionStorage.php':[
252,
],
'project:symfony/Symfony/Component/HttpKernel/Profiler/Profiler.php':[
214,
],
'project:symfony/Symfony/Component/Intl/Tests/ResourceBundle/Reader/AbstractBundleReaderTest.php':[
35,
],
'project:symfony/Symfony/Component/Intl/Tests/ResourceBundle/Writer/PhpBundleWriterTest.php':[
37,
],
'project:symfony/Symfony/Component/Intl/Tests/ResourceBundle/Writer/TextBundleWriterTest.php':[
39,
],
'project:symfony/Symfony/Component/Security/Acl/Tests/Dbal/AclProviderBenchmarkTest.php':[
104,
110,
123,
124,
129,
140,
142,
160,
163,
164,
170,
182,
182,
194,
207,
212,
214,
215,
224,
228,
241,
],
'project:symfony/Symfony/Component/Security/Core/Tests/Util/SecureRandomTest.php':[
141,
],
'project:symfony/Symfony/Component/Security/Core/Util/SecureRandom.php':[
85,
93,
108,
],
'project:symfony/Symfony/Component/Templating/Tests/Loader/CacheLoaderTest.php':[
32,
],
}
