{
'project:PHPExcel_1.7.9_doc/Classes/PHPExcel/Calculation.php':[
2789,
3052,
3458,
3624,
],
'project:PHPExcel_1.7.9_doc/Classes/PHPExcel/Calculation/DateTime.php':[
74,
],
'project:PHPExcel_1.7.9_doc/Classes/PHPExcel/Calculation/Engineering.php':[
1645,
],
'project:PHPExcel_1.7.9_doc/Classes/PHPExcel/Calculation/Financial.php':[
916,
924,
983,
989,
],
'project:PHPExcel_1.7.9_doc/Classes/PHPExcel/Calculation/FormulaParser.php':[
495,
507,
543,
561,
],
'project:PHPExcel_1.7.9_doc/Classes/PHPExcel/Calculation/Statistical.php':[
891,
892,
929,
930,
],
'project:PHPExcel_1.7.9_doc/Classes/PHPExcel/Reader/Excel2007.php':[
907,
],
'project:PHPExcel_1.7.9_doc/Classes/PHPExcel/Shared/OLE.php':[
345,
],
'project:PHPExcel_1.7.9_doc/Classes/PHPExcel/Shared/PCLZip/pclzip.lib.php':[
2495,
],
'project:PHPExcel_1.7.9_doc/Classes/PHPExcel/Shared/String.php':[
319,
],
'project:PHPExcel_1.7.9_doc/Classes/PHPExcel/Worksheet/Protection.php':[
170,
],
'project:PHPExcel_1.7.9_doc/Classes/PHPExcel/Writer/Excel2007/StringTable.php':[
66,
],
'project:PHPExcel_1.7.9_doc/Classes/PHPExcel/Writer/Excel2007/Worksheet.php':[
981,
],
'project:PHPExcel_1.7.9_doc/Classes/PHPExcel/Writer/Excel5/Parser.php':[
1126,
1166,
1561,
],
'project:PHPExcel_1.7.9_doc/Classes/PHPExcel/Writer/Excel5/Worksheet.php':[
3093,
3130,
],
'project:PHPExcel_1.7.9_doc/Classes/PHPExcel/Writer/Excel5/Xf.php':[
183,
],
'project:PHPMailer/class.phpmailer.php':[
984,
3134,
],
'project:PHP_CodeSniffer/CodeSniffer/Standards/Generic/Sniffs/PHP/LowerCaseConstantSniff.php':[
79,
],
'project:PHP_CodeSniffer/CodeSniffer/Standards/Generic/Sniffs/PHP/UpperCaseConstantSniff.php':[
70,
],
'project:symfony/Symfony/Bridge/Twig/Extension/RoutingExtension.php':[
82,
],
'project:symfony/Symfony/Bundle/FrameworkBundle/Console/Descriptor/MarkdownDescriptor.php':[
51,
],
'project:symfony/Symfony/Bundle/WebProfilerBundle/EventListener/WebDebugToolbarListener.php':[
89,
],
'project:symfony/Symfony/Component/Config/FileLocator.php':[
87,
],
'project:symfony/Symfony/Component/Console/Input/InputOption.php':[
204,
],
'project:symfony/Symfony/Component/CssSelector/Parser/Parser.php':[
188,
],
'project:symfony/Symfony/Component/DependencyInjection/ContainerBuilder.php':[
391,
],
'project:symfony/Symfony/Component/DependencyInjection/Dumper/PhpDumper.php':[
276,
],
'project:symfony/Symfony/Component/Filesystem/Filesystem.php':[
420,
],
'project:symfony/Symfony/Component/Finder/Expression/Glob.php':[
122,
],
'project:symfony/Symfony/Component/Finder/Glob.php':[
68,
],
'project:symfony/Symfony/Component/Form/Extension/Core/DataMapper/PropertyPathMapper.php':[
83,
],
'project:symfony/Symfony/Component/HttpKernel/DataCollector/ConfigDataCollector.php':[
220,
],
'project:symfony/Symfony/Component/HttpKernel/Profiler/BaseMemcacheProfilerStorage.php':[
69,
],
'project:symfony/Symfony/Component/HttpKernel/Profiler/FileProfilerStorage.php':[
68,
],
'project:symfony/Symfony/Component/HttpKernel/Profiler/RedisProfilerStorage.php':[
78,
209,
],
'project:symfony/Symfony/Component/HttpKernel/Tests/DataCollector/ConfigDataCollectorTest.php':[
45,
],
'project:symfony/Symfony/Component/Intl/NumberFormatter/NumberFormatter.php':[
872,
],
'project:symfony/Symfony/Component/Routing/Generator/UrlGenerator.php':[
335,
],
'project:symfony/Symfony/Component/Security/Core/Encoder/EncoderFactory.php':[
43,
],
'project:symfony/Symfony/Component/Templating/Loader/FilesystemLoader.php':[
120,
],
'project:symfony/Symfony/Component/Translation/PluralizationRules.php':[
148,
158,
161,
167,
173,
176,
179,
182,
],
'project:symfony/Symfony/Component/Validator/Constraints/ImageValidator.php':[
40,
],
}
