{
'project:PHPExcel_1.7.9_doc/Classes/PHPExcel/Calculation/Statistical.php':[
798,
1887,
2872,
3055,
3154,
3470,
3565,
],
'project:PHPExcel_1.7.9_doc/Classes/PHPExcel/Shared/PCLZip/pclzip.lib.php':[
378,
935,
1529,
1811,
2102,
3773,
3792,
4494,
4496,
4498,
4500,
4502,
4504,
],
'project:PHPMailer/extras/htmlfilter.php':[
255,
628,
647,
701,
707,
],
'project:symfony/Symfony/Bridge/Doctrine/Tests/Form/ChoiceList/AbstractEntityChoiceListTest.php':[
62,
67,
],
'project:symfony/Symfony/Bridge/Doctrine/Tests/Form/ChoiceList/GenericEntityChoiceListTest.php':[
67,
72,
],
'project:symfony/Symfony/Bridge/Doctrine/Tests/Form/ChoiceList/ORMQueryBuilderLoaderTest.php':[
33,
],
'project:symfony/Symfony/Bridge/Doctrine/Tests/Form/Type/EntityTypePerformanceTest.php':[
64,
69,
],
'project:symfony/Symfony/Bridge/Doctrine/Tests/Form/Type/EntityTypeTest.php':[
79,
84,
],
'project:symfony/Symfony/Bundle/FrameworkBundle/Command/RouterDebugCommand.php':[
111,
],
'project:symfony/Symfony/Bundle/FrameworkBundle/Tests/Console/ApplicationTest.php':[
46,
],
'project:symfony/Symfony/Bundle/TwigBundle/Controller/ExceptionController.php':[
133,
],
'project:symfony/Symfony/Bundle/TwigBundle/TwigEngine.php':[
80,
],
'project:symfony/Symfony/Bundle/WebProfilerBundle/Controller/ExceptionController.php':[
123,
],
'project:symfony/Symfony/Bundle/WebProfilerBundle/Profiler/TemplateManager.php':[
132,
],
'project:symfony/Symfony/Component/Config/Tests/Loader/LoaderResolverTest.php':[
42,
],
'project:symfony/Symfony/Component/Console/Helper/DialogHelper.php':[
467,
],
'project:symfony/Symfony/Component/Console/Input/StringInput.php':[
66,
],
'project:symfony/Symfony/Component/Console/Tests/ApplicationTest.php':[
683,
],
'project:symfony/Symfony/Component/Debug/ErrorHandler.php':[
153,
209,
],
'project:symfony/Symfony/Component/DependencyInjection/Tests/ContainerBuilderTest.php':[
137,
],
'project:symfony/Symfony/Component/DependencyInjection/Tests/Loader/ClosureLoaderTest.php':[
26,
],
'project:symfony/Symfony/Component/EventDispatcher/Tests/EventDispatcherTest.php':[
273,
],
'project:symfony/Symfony/Component/Finder/Finder.php':[
786,
],
'project:symfony/Symfony/Component/Form/Tests/Extension/Core/Type/FormTypeTest.php':[
398,
424,
],
'project:symfony/Symfony/Component/Form/Tests/Extension/DataCollector/FormDataExtractorTest.php':[
373,
],
'project:symfony/Symfony/Component/HttpFoundation/Request.php':[
1812,
],
'project:symfony/Symfony/Component/HttpFoundation/Tests/StreamedResponseTest.php':[
109,
],
'project:symfony/Symfony/Component/HttpKernel/Debug/TraceableEventDispatcher.php':[
68,
92,
],
'project:symfony/Symfony/Component/HttpKernel/Fragment/HIncludeFragmentRenderer.php':[
150,
],
'project:symfony/Symfony/Component/HttpKernel/Tests/Controller/ControllerResolverTest.php':[
33,
105,
110,
],
'project:symfony/Symfony/Component/HttpKernel/Tests/KernelTest.php':[
522,
528,
],
'project:symfony/Symfony/Component/OptionsResolver/Tests/OptionsTest.php':[
89,
],
'project:symfony/Symfony/Component/Process/Tests/AbstractProcessTest.php':[
513,
537,
592,
],
'project:symfony/Symfony/Component/Routing/Matcher/TraceableUrlMatcher.php':[
37,
],
'project:symfony/Symfony/Component/Routing/Tests/Loader/ClosureLoaderTest.php':[
24,
],
'project:symfony/Symfony/Component/Routing/Tests/Matcher/UrlMatcherTest.php':[
81,
101,
214,
],
'project:symfony/Symfony/Component/Security/Acl/Tests/Dbal/MutableAclProviderTest.php':[
91,
106,
291,
],
'project:symfony/Symfony/Component/Security/Acl/Tests/Domain/PermissionGrantingStrategyTest.php':[
157,
],
'project:symfony/Symfony/Component/Security/Http/Firewall/DigestAuthenticationListener.php':[
206,
],
'project:symfony/Symfony/Component/Security/Http/Tests/RememberMe/PersistentTokenBasedRememberMeServicesTest.php':[
120,
],
'project:symfony/Symfony/Component/Validator/Tests/Mapping/Loader/StaticMethodLoaderTest.php':[
85,
],
}
