{
'project:PHPExcel_1.7.9_doc/Classes/PHPExcel/Chart/Renderer/jpgraph.php':[
528,
],
'project:stackphp-0.5beta1-source/examples/src/error_handling.php':[
43,
],
}
