{
'project:PHPExcel_1.7.9_doc/Classes/PHPExcel/Shared/PCLZip/pclzip.lib.php':[
221,
],
'project:PHPExcel_1.7.9_doc/Examples/01simple-download-pdf.php':[
35,
89,
104,
],
'project:PHPExcel_1.7.9_doc/Examples/01simple-download-xls.php':[
35,
89,
],
'project:PHPExcel_1.7.9_doc/Examples/01simple-download-xlsx.php':[
35,
81,
],
'project:PHPExcel_1.7.9_doc/Examples/06largescale-with-cellcaching.php':[
42,
],
'project:PHPExcel_1.7.9_doc/Examples/07reader.php':[
41,
],
'project:PHPExcel_1.7.9_doc/Examples/20readexcel5.php':[
43,
],
'project:PHPExcel_1.7.9_doc/Examples/21pdf.php':[
68,
],
'project:PHPExcel_1.7.9_doc/Examples/24readfilter.php':[
42,
],
'project:PHPExcel_1.7.9_doc/Examples/25inmemoryimage.php':[
57,
],
'project:PHPExcel_1.7.9_doc/Examples/28iterator.php':[
42,
],
'project:PHPExcel_1.7.9_doc/Examples/34chartupdate.php':[
43,
],
'project:PHPExcel_1.7.9_doc/Examples/35chartrender.php':[
57,
],
'project:PHPExcel_1.7.9_doc/Examples/36chartreadwriteHTML.php':[
57,
],
'project:PHPExcel_1.7.9_doc/Examples/36chartreadwritePDF.php':[
61,
80,
],
'project:PHPExcel_1.7.9_doc/Examples/runall.php':[
32,
],
'project:PHPMailer/class.phpmailer.php':[
22,
],
'project:PHP_CodeSniffer/CodeSniffer.php':[
1410,
],
'project:PHP_CodeSniffer/CodeSniffer/CLI.php':[
77,
82,
243,
247,
307,
311,
316,
320,
324,
347,
354,
421,
486,
497,
534,
545,
554,
568,
],
'project:PHP_CodeSniffer/CodeSniffer/Reports/Gitblame.php':[
106,
113,
],
'project:PHP_CodeSniffer/CodeSniffer/Reports/Hgblame.php':[
107,
114,
],
'project:PHP_CodeSniffer/CodeSniffer/Reports/Svnblame.php':[
81,
],
'project:stackphp-0.5beta1-source/examples/src/auth_explicit.php':[
26,
33,
],
'project:stackphp-0.5beta1-source/examples/src/auth_implicit.php':[
20,
],
'project:stackphp-0.5beta1-source/examples/view_source.php':[
12,
],
'project:symfony/Symfony/Component/Console/Application.php':[
151,
],
'project:symfony/Symfony/Component/Intl/Resources/bin/common.php':[
20,
],
'project:symfony/Symfony/Component/Process/Tests/PipeStdinInStdoutStdErrStreamSelect.php':[
23,
25,
31,
42,
59,
],
'project:symfony/Symfony/Component/Process/Tests/SignalListener.php':[
6,
],
}
