{
'project:PHPExcel_1.7.9_doc/Classes/PHPExcel/Calculation.php':[
62,
],
'project:PHPExcel_1.7.9_doc/Classes/PHPExcel/Calculation/FormulaToken.php':[
60,
],
'project:PHPExcel_1.7.9_doc/Classes/PHPExcel/Cell/DataValidation.php':[
36,
],
'project:PHPExcel_1.7.9_doc/Classes/PHPExcel/Chart/DataSeries.php':[
36,
],
'project:PHPExcel_1.7.9_doc/Classes/PHPExcel/Reader/Excel5.php':[
78,
],
'project:PHPExcel_1.7.9_doc/Classes/PHPExcel/Reader/Excel5/Escher.php':[
35,
],
'project:PHPExcel_1.7.9_doc/Classes/PHPExcel/Shared/Font.php':[
36,
],
'project:PHPExcel_1.7.9_doc/Classes/PHPExcel/Shared/trend/bestFitClass.php':[
36,
],
'project:PHPExcel_1.7.9_doc/Classes/PHPExcel/Style/Conditional.php':[
36,
],
'project:PHPExcel_1.7.9_doc/Classes/PHPExcel/Style/Fill.php':[
36,
],
'project:PHPExcel_1.7.9_doc/Classes/PHPExcel/Style/NumberFormat.php':[
36,
],
'project:PHPExcel_1.7.9_doc/Classes/PHPExcel/Worksheet.php':[
36,
],
'project:PHPExcel_1.7.9_doc/Classes/PHPExcel/Worksheet/AutoFilter/Column/Rule.php':[
36,
],
'project:PHPExcel_1.7.9_doc/Classes/PHPExcel/Worksheet/PageSetup.php':[
107,
],
'project:PHPExcel_1.7.9_doc/Classes/PHPExcel/Writer/Excel5/Worksheet.php':[
71,
],
'project:PHPMailer/class.phpmailer.php':[
37,
],
'project:symfony/Symfony/Component/Console/Helper/ProgressHelper.php':[
23,
],
'project:symfony/Symfony/Component/Finder/Finder.php':[
35,
],
'project:symfony/Symfony/Component/Form/FormConfigBuilder.php':[
28,
],
'project:symfony/Symfony/Component/Form/Tests/Extension/Core/ChoiceList/AbstractChoiceListTest.php':[
17,
],
'project:symfony/Symfony/Component/HttpFoundation/Request.php':[
31,
],
'project:symfony/Symfony/Component/HttpFoundation/Response.php':[
21,
],
'project:symfony/Symfony/Component/Intl/Collator/Collator.php':[
34,
],
'project:symfony/Symfony/Component/Intl/NumberFormatter/NumberFormatter.php':[
41,
],
'project:symfony/Symfony/Component/Process/Process.php':[
28,
],
'project:symfony/Symfony/Component/Security/Acl/Permission/MaskBuilder.php':[
45,
],
'project:symfony/Symfony/Component/Validator/Constraints/Image.php':[
19,
],
}
