{
'project:PHPExcel_1.7.9_doc/Classes/PHPExcel/Shared/JAMA/Matrix.php':[
896,
],
'project:PHPExcel_1.7.9_doc/Classes/PHPExcel/Style.php':[
408,
],
'project:symfony/Symfony/Component/Debug/Tests/ErrorHandlerTest.php':[
159,
159,
],
}
