{
'project:PHPExcel_1.7.9_doc/Classes/PHPExcel/Calculation.php':[
2014,
2038,
2852,
3122,
3554,
3629,
],
'project:PHPExcel_1.7.9_doc/Classes/PHPExcel/Calculation/DateTime.php':[
184,
225,
348,
426,
548,
595,
804,
1047,
1128,
1416,
1464,
],
'project:PHPExcel_1.7.9_doc/Classes/PHPExcel/Calculation/Financial.php':[
716,
],
'project:PHPExcel_1.7.9_doc/Classes/PHPExcel/Calculation/Functions.php':[
518,
726,
],
'project:PHPExcel_1.7.9_doc/Classes/PHPExcel/Calculation/MathTrig.php':[
1071,
],
'project:PHPExcel_1.7.9_doc/Classes/PHPExcel/DocumentProperties.php':[
478,
536,
],
'project:PHPExcel_1.7.9_doc/Classes/PHPExcel/Reader/Excel2003XML.php':[
339,
383,
421,
426,
449,
477,
504,
515,
632,
],
'project:PHPExcel_1.7.9_doc/Classes/PHPExcel/Reader/Excel2007.php':[
98,
138,
359,
396,
1674,
],
'project:PHPExcel_1.7.9_doc/Classes/PHPExcel/Reader/Excel2007/Chart.php':[
71,
75,
80,
181,
209,
213,
254,
261,
332,
368,
491,
],
'project:PHPExcel_1.7.9_doc/Classes/PHPExcel/Reader/Excel5.php':[
893,
954,
1130,
1160,
1296,
1331,
1668,
1676,
1687,
1826,
1848,
1858,
1893,
1978,
2092,
3067,
3780,
4451,
4464,
4488,
4614,
5057,
5098,
6216,
],
'project:PHPExcel_1.7.9_doc/Classes/PHPExcel/Reader/Gnumeric.php':[
268,
296,
311,
330,
380,
385,
454,
519,
541,
568,
657,
806,
],
'project:PHPExcel_1.7.9_doc/Classes/PHPExcel/Reader/HTML.php':[
231,
284,
],
'project:PHPExcel_1.7.9_doc/Classes/PHPExcel/Reader/OOCalc.php':[
354,
381,
461,
541,
],
'project:PHPExcel_1.7.9_doc/Classes/PHPExcel/Reader/SYLK.php':[
171,
260,
270,
294,
355,
368,
411,
],
'project:PHPExcel_1.7.9_doc/Classes/PHPExcel/Shared/CodePage.php':[
48,
],
'project:PHPExcel_1.7.9_doc/Classes/PHPExcel/Shared/Date.php':[
284,
],
'project:PHPExcel_1.7.9_doc/Classes/PHPExcel/Shared/JAMA/SingularValueDecomposition.php':[
288,
],
'project:PHPExcel_1.7.9_doc/Classes/PHPExcel/Style.php':[
329,
370,
417,
],
'project:PHPExcel_1.7.9_doc/Classes/PHPExcel/Style/Border.php':[
122,
152,
],
'project:PHPExcel_1.7.9_doc/Classes/PHPExcel/Style/Color.php':[
116,
134,
],
'project:PHPExcel_1.7.9_doc/Classes/PHPExcel/Worksheet/AutoFilter.php':[
372,
409,
475,
502,
545,
613,
],
'project:PHPExcel_1.7.9_doc/Classes/PHPExcel/Writer/Excel2007/StringTable.php':[
257,
],
'project:PHPExcel_1.7.9_doc/Classes/PHPExcel/Writer/Excel2007/Style.php':[
362,
],
'project:PHPExcel_1.7.9_doc/Classes/PHPExcel/Writer/Excel2007/Worksheet.php':[
1070,
1089,
],
'project:PHPExcel_1.7.9_doc/Classes/PHPExcel/Writer/Excel5.php':[
522,
],
'project:PHPExcel_1.7.9_doc/Classes/PHPExcel/Writer/Excel5/Escher.php':[
80,
229,
],
'project:PHPExcel_1.7.9_doc/Classes/PHPExcel/Writer/Excel5/Parser.php':[
784,
],
'project:PHPExcel_1.7.9_doc/Classes/PHPExcel/Writer/Excel5/Worksheet.php':[
444,
2850,
2864,
2890,
2977,
3035,
3316,
3329,
3356,
3372,
3388,
3404,
3428,
],
'project:PHPMailer/class.smtp.php':[
304,
],
'project:PHPMailer/extras/class.html2text.php':[
624,
],
'project:PHPMailer/test/phpmailerTest.php':[
283,
],
'project:PHP_CodeSniffer/CodeSniffer.php':[
1877,
],
'project:PHP_CodeSniffer/CodeSniffer/File.php':[
2177,
2303,
2412,
2480,
],
'project:PHP_CodeSniffer/CodeSniffer/Standards/AbstractPatternSniff.php':[
886,
],
'project:PHP_CodeSniffer/CodeSniffer/Standards/MySource/Sniffs/Channels/UnusedSystemSniff.php':[
113,
],
'project:symfony/Symfony/Bridge/Propel1/Form/PropelTypeGuesser.php':[
129,
145,
],
'project:symfony/Symfony/Bridge/Propel1/Tests/Fixtures/Column.php':[
37,
],
'project:symfony/Symfony/Component/CssSelector/Parser/Parser.php':[
83,
],
'project:symfony/Symfony/Component/ExpressionLanguage/Node/BinaryNode.php':[
96,
],
'project:symfony/Symfony/Component/ExpressionLanguage/Node/GetAttrNode.php':[
32,
64,
],
'project:symfony/Symfony/Component/ExpressionLanguage/Node/UnaryNode.php':[
46,
],
'project:symfony/Symfony/Component/Finder/Comparator/Comparator.php':[
83,
],
'project:symfony/Symfony/Component/Finder/Comparator/NumberComparator.php':[
57,
],
'project:symfony/Symfony/Component/Form/Extension/Core/DataTransformer/NumberToLocalizedStringTransformer.php':[
262,
],
'project:symfony/Symfony/Component/Form/Extension/Validator/Util/ServerParams.php':[
41,
],
'project:symfony/Symfony/Component/Form/Extension/Validator/ValidatorTypeGuesser.php':[
89,
91,
175,
194,
226,
],
'project:symfony/Symfony/Component/HttpFoundation/File/UploadedFile.php':[
280,
],
'project:symfony/Symfony/Component/HttpKernel/DataCollector/MemoryDataCollector.php':[
100,
],
'project:symfony/Symfony/Component/HttpKernel/Debug/TraceableEventDispatcher.php':[
48,
78,
],
'project:symfony/Symfony/Component/HttpKernel/Tests/HttpCache/HttpCacheTest.php':[
720,
],
'project:symfony/Symfony/Component/Intl/NumberFormatter/NumberFormatter.php':[
728,
],
'project:symfony/Symfony/Component/Yaml/Inline.php':[
333,
],
'project:symfony/Symfony/Component/Yaml/Unescaper.php':[
69,
],
}
