{
'project:PHPExcel_1.7.9_doc/Classes/PHPExcel/Calculation.php':[
3479,
],
'project:PHPExcel_1.7.9_doc/Classes/PHPExcel/Calculation/Financial.php':[
1656,
],
'project:PHPExcel_1.7.9_doc/Classes/PHPExcel/Calculation/Functions.php':[
781,
],
'project:PHPExcel_1.7.9_doc/Classes/PHPExcel/Cell.php':[
651,
],
'project:PHPExcel_1.7.9_doc/Classes/PHPExcel/Cell/DataType.php':[
100,
],
'project:PHPExcel_1.7.9_doc/Classes/PHPExcel/Reader/Excel2003XML.php':[
262,
275,
],
'project:PHPExcel_1.7.9_doc/Classes/PHPExcel/Reader/Excel2007/Chart.php':[
199,
],
'project:PHPExcel_1.7.9_doc/Classes/PHPExcel/Reader/Excel5.php':[
4956,
5026,
5186,
],
'project:PHPExcel_1.7.9_doc/Classes/PHPExcel/Reader/Gnumeric.php':[
868,
],
'project:PHPExcel_1.7.9_doc/Classes/PHPExcel/Shared/Drawing.php':[
119,
],
'project:PHPExcel_1.7.9_doc/Classes/PHPExcel/Shared/Excel5.php':[
159,
188,
305,
],
'project:PHPExcel_1.7.9_doc/Classes/PHPExcel/Shared/Font.php':[
328,
386,
],
'project:PHPExcel_1.7.9_doc/Classes/PHPExcel/Shared/OLE.php':[
230,
242,
254,
],
'project:PHPExcel_1.7.9_doc/Classes/PHPExcel/Shared/OLE/PPS.php':[
174,
],
'project:PHPExcel_1.7.9_doc/Classes/PHPExcel/Shared/PCLZip/pclzip.lib.php':[
1068,
2169,
5056,
5067,
5241,
5660,
],
'project:PHPExcel_1.7.9_doc/Classes/PHPExcel/Shared/String.php':[
386,
391,
481,
],
'project:PHPExcel_1.7.9_doc/Classes/PHPExcel/Worksheet.php':[
2739,
2786,
],
'project:PHPExcel_1.7.9_doc/Classes/PHPExcel/Writer/Excel2007/Style.php':[
576,
],
'project:PHPExcel_1.7.9_doc/Classes/PHPExcel/Writer/Excel5.php':[
755,
931,
],
'project:PHPExcel_1.7.9_doc/Classes/PHPExcel/Writer/Excel5/BIFFwriter.php':[
250,
],
'project:PHPExcel_1.7.9_doc/Classes/PHPExcel/Writer/Excel5/Parser.php':[
1286,
1293,
1328,
1442,
1578,
],
'project:PHPExcel_1.7.9_doc/Classes/PHPExcel/Writer/Excel5/Workbook.php':[
293,
],
'project:PHPExcel_1.7.9_doc/Classes/PHPExcel/Writer/HTML.php':[
344,
872,
969,
1001,
1062,
1297,
1318,
],
'project:PHPMailer/class.phpmailer.php':[
1937,
2299,
2357,
3186,
3358,
],
'project:PHPMailer/extras/class.html2text.php':[
692,
],
'project:PHPMailer/extras/htmlfilter.php':[
244,
346,
721,
863,
],
'project:PHP_CodeSniffer/CodeSniffer/Reports/Svnblame.php':[
91,
],
'project:PHP_CodeSniffer/CodeSniffer/Standards/AbstractPatternSniff.php':[
727,
],
'project:PHP_CodeSniffer/CodeSniffer/Tokenizers/JS.php':[
953,
],
'project:stackphp-0.5beta1-source/src/combobox_output.php':[
67,
],
'project:stackphp-0.5beta1-source/src/output_helper.php':[
81,
],
'project:stackphp-0.5beta1-source/src/table_output.php':[
95,
124,
145,
],
'project:stackphp-0.5beta1-source/src/url.php':[
128,
],
'project:symfony/Symfony/Bridge/Doctrine/Tests/Validator/Constraints/UniqueValidatorTest.php':[
42,
],
'project:symfony/Symfony/Bridge/Twig/Tests/Extension/HttpKernelExtensionTest.php':[
65,
],
'project:symfony/Symfony/Bundle/TwigBundle/Tests/DependencyInjection/TwigExtensionTest.php':[
182,
],
'project:symfony/Symfony/Component/Config/Tests/Definition/NormalizationTest.php':[
213,
],
'project:symfony/Symfony/Component/Console/Helper/DialogHelper.php':[
54,
],
'project:symfony/Symfony/Component/DependencyInjection/Dumper/PhpDumper.php':[
116,
789,
841,
960,
1242,
],
'project:symfony/Symfony/Component/DependencyInjection/Extension/Extension.php':[
94,
],
'project:symfony/Symfony/Component/Form/Extension/Core/DataTransformer/NumberToLocalizedStringTransformer.php':[
145,
],
'project:symfony/Symfony/Component/HttpFoundation/File/File.php':[
156,
],
'project:symfony/Symfony/Component/HttpKernel/Kernel.php':[
776,
],
'project:symfony/Symfony/Component/HttpKernel/Profiler/PdoProfilerStorage.php':[
192,
],
'project:symfony/Symfony/Component/HttpKernel/Tests/CacheWarmer/CacheWarmerAggregateTest.php':[
96,
],
'project:symfony/Symfony/Component/HttpKernel/Tests/Fixtures/TestClient.php':[
27,
],
'project:symfony/Symfony/Component/HttpKernel/Tests/HttpCache/TestMultipleHttpKernel.php':[
66,
],
'project:symfony/Symfony/Component/Intl/DateFormatter/DateFormat/FullTransformer.php':[
93,
187,
247,
],
'project:symfony/Symfony/Component/Intl/DateFormatter/IntlDateFormatter.php':[
627,
],
'project:symfony/Symfony/Component/Intl/ResourceBundle/LanguageBundle.php':[
82,
],
'project:symfony/Symfony/Component/Process/Process.php':[
1111,
],
'project:symfony/Symfony/Component/Process/Tests/AbstractProcessTest.php':[
742,
],
'project:symfony/Symfony/Component/Routing/Generator/Dumper/PhpGeneratorDumper.php':[
99,
],
'project:symfony/Symfony/Component/Routing/Tests/Generator/UrlGeneratorTest.php':[
659,
],
'project:symfony/Symfony/Component/Security/Acl/Dbal/AclProvider.php':[
252,
309,
],
'project:symfony/Symfony/Component/Security/Acl/Dbal/MutableAclProvider.php':[
647,
],
'project:symfony/Symfony/Component/Security/Http/Tests/RememberMe/TokenBasedRememberMeServicesTest.php':[
256,
],
'project:symfony/Symfony/Component/Translation/Dumper/IcuResFileDumper.php':[
105,
123,
],
'project:symfony/Symfony/Component/Translation/Dumper/MoFileDumper.php':[
60,
],
'project:symfony/Symfony/Component/Translation/Dumper/PhpFileDumper.php':[
28,
],
}
