{
'project:PHPExcel_1.7.9_doc/Classes/PHPExcel.php':[
622,
],
'project:PHPExcel_1.7.9_doc/Classes/PHPExcel/CachedObjectStorage/APC.php':[
156,
],
'project:PHPExcel_1.7.9_doc/Classes/PHPExcel/CachedObjectStorage/DiscISAM.php':[
126,
],
'project:PHPExcel_1.7.9_doc/Classes/PHPExcel/CachedObjectStorage/Memcache.php':[
160,
],
'project:PHPExcel_1.7.9_doc/Classes/PHPExcel/CachedObjectStorage/MemoryGZip.php':[
98,
],
'project:PHPExcel_1.7.9_doc/Classes/PHPExcel/CachedObjectStorage/MemorySerialized.php':[
98,
],
'project:PHPExcel_1.7.9_doc/Classes/PHPExcel/CachedObjectStorage/PHPTemp.php':[
118,
],
'project:PHPExcel_1.7.9_doc/Classes/PHPExcel/CachedObjectStorage/SQLite.php':[
118,
],
'project:PHPExcel_1.7.9_doc/Classes/PHPExcel/CachedObjectStorage/SQLite3.php':[
150,
],
'project:PHPExcel_1.7.9_doc/Classes/PHPExcel/CachedObjectStorage/Wincache.php':[
160,
],
'project:PHPExcel_1.7.9_doc/Classes/PHPExcel/Worksheet.php':[
2813,
],
'project:stackphp-0.5beta1-source/src/api.php':[
210,
],
'project:stackphp-0.5beta1-source/src/filestore_cache.php':[
90,
],
'project:symfony/Symfony/Bridge/Doctrine/Tests/DataCollector/DoctrineDataCollectorTest.php':[
97,
],
'project:symfony/Symfony/Bundle/FrameworkBundle/Tests/Functional/app/AppKernel.php':[
108,
],
'project:symfony/Symfony/Bundle/SecurityBundle/Tests/Functional/app/AppKernel.php':[
108,
],
'project:symfony/Symfony/Component/BrowserKit/Client.php':[
364,
],
'project:symfony/Symfony/Component/ClassLoader/ClassCollectionLoader.php':[
71,
],
'project:symfony/Symfony/Component/Config/ConfigCache.php':[
76,
],
'project:symfony/Symfony/Component/Config/Resource/DirectoryResource.php':[
100,
],
'project:symfony/Symfony/Component/Config/Resource/FileResource.php':[
78,
],
'project:symfony/Symfony/Component/Config/Tests/Resource/DirectoryResourceTest.php':[
147,
],
'project:symfony/Symfony/Component/Config/Tests/Resource/FileResourceTest.php':[
54,
],
'project:symfony/Symfony/Component/Debug/Tests/Exception/FlattenExceptionTest.php':[
205,
],
'project:symfony/Symfony/Component/ExpressionLanguage/SerializedParsedExpression.php':[
37,
],
'project:symfony/Symfony/Component/ExpressionLanguage/Tests/ExpressionTest.php':[
14,
],
'project:symfony/Symfony/Component/ExpressionLanguage/Tests/Node/ArrayNodeTest.php':[
25,
],
'project:symfony/Symfony/Component/ExpressionLanguage/Tests/Node/NodeTest.php':[
36,
],
'project:symfony/Symfony/Component/ExpressionLanguage/Tests/ParsedExpressionTest.php':[
15,
],
'project:symfony/Symfony/Component/Form/FormError.php':[
183,
],
'project:symfony/Symfony/Component/Form/Tests/Fixtures/CustomArrayObject.php':[
68,
],
'project:symfony/Symfony/Component/HttpFoundation/Session/Storage/MockFileSessionStorage.php':[
134,
],
'project:symfony/Symfony/Component/HttpKernel/DataCollector/DataCollector.php':[
40,
],
'project:symfony/Symfony/Component/HttpKernel/HttpCache/Store.php':[
296,
],
'project:symfony/Symfony/Component/HttpKernel/Kernel.php':[
788,
],
'project:symfony/Symfony/Component/HttpKernel/Profiler/FileProfilerStorage.php':[
122,
272,
],
'project:symfony/Symfony/Component/HttpKernel/Profiler/MongoDbProfilerStorage.php':[
232,
],
'project:symfony/Symfony/Component/HttpKernel/Profiler/PdoProfilerStorage.php':[
208,
],
'project:symfony/Symfony/Component/HttpKernel/Profiler/Profiler.php':[
155,
],
'project:symfony/Symfony/Component/HttpKernel/Tests/HttpCache/HttpCacheTest.php':[
620,
],
'project:symfony/Symfony/Component/HttpKernel/Tests/Profiler/Mock/MemcacheMock.php':[
242,
],
'project:symfony/Symfony/Component/HttpKernel/Tests/Profiler/Mock/MemcachedMock.php':[
207,
],
'project:symfony/Symfony/Component/HttpKernel/Tests/Profiler/Mock/RedisMock.php':[
222,
],
'project:symfony/Symfony/Component/PropertyAccess/Tests/Fixtures/CustomArrayObject.php':[
68,
],
'project:symfony/Symfony/Component/Routing/Route.php':[
118,
],
'project:symfony/Symfony/Component/Routing/Tests/RouteTest.php':[
235,
],
'project:symfony/Symfony/Component/Security/Acl/Domain/Acl.php':[
288,
],
'project:symfony/Symfony/Component/Security/Acl/Domain/DoctrineAclCache.php':[
151,
],
'project:symfony/Symfony/Component/Security/Acl/Domain/Entry.php':[
206,
],
'project:symfony/Symfony/Component/Security/Acl/Domain/FieldEntry.php':[
71,
],
'project:symfony/Symfony/Component/Security/Acl/Tests/Domain/EntryTest.php':[
77,
],
'project:symfony/Symfony/Component/Security/Acl/Tests/Domain/FieldEntryTest.php':[
30,
],
'project:symfony/Symfony/Component/Security/Core/Authentication/Token/AbstractToken.php':[
163,
],
'project:symfony/Symfony/Component/Security/Core/Authentication/Token/AnonymousToken.php':[
72,
],
'project:symfony/Symfony/Component/Security/Core/Authentication/Token/PreAuthenticatedToken.php':[
85,
],
'project:symfony/Symfony/Component/Security/Core/Authentication/Token/RememberMeToken.php':[
111,
],
'project:symfony/Symfony/Component/Security/Core/Authentication/Token/UsernamePasswordToken.php':[
104,
],
'project:symfony/Symfony/Component/Security/Core/Exception/AccountStatusException.php':[
63,
],
'project:symfony/Symfony/Component/Security/Core/Exception/AuthenticationException.php':[
65,
],
'project:symfony/Symfony/Component/Security/Core/Exception/UsernameNotFoundException.php':[
68,
],
'project:symfony/Symfony/Component/Security/Core/Tests/Authentication/Token/AbstractTokenTest.php':[
51,
95,
107,
],
'project:symfony/Symfony/Component/Security/Http/Firewall/ContextListener.php':[
82,
],
'project:symfony/Symfony/Component/Security/Http/Tests/Firewall/ContextListenerTest.php':[
73,
85,
],
'project:symfony/Symfony/Component/Validator/Tests/Constraints/CollectionValidatorCustomArrayObjectTest.php':[
68,
],
'project:symfony/Symfony/Component/Validator/Tests/Mapping/ClassMetadataTest.php':[
166,
],
'project:symfony/Symfony/Component/Validator/Tests/Mapping/ElementMetadataTest.php':[
67,
],
'project:symfony/Symfony/Component/Validator/Tests/Mapping/MemberMetadataTest.php':[
68,
77,
86,
95,
],
'project:symfony/Symfony/Component/Yaml/Inline.php':[
401,
],
}
