{
'project:PHPExcel_1.7.9_doc/Classes/PHPExcel/Calculation.php':[
0,
],
'project:PHPExcel_1.7.9_doc/Classes/PHPExcel/Calculation/Engineering.php':[
0,
],
'project:PHPExcel_1.7.9_doc/Classes/PHPExcel/Calculation/Financial.php':[
0,
],
'project:PHPExcel_1.7.9_doc/Classes/PHPExcel/Calculation/Statistical.php':[
0,
],
'project:PHPExcel_1.7.9_doc/Classes/PHPExcel/Reader/Excel2007.php':[
0,
],
'project:PHPExcel_1.7.9_doc/Classes/PHPExcel/Reader/Excel5.php':[
0,
],
'project:PHPExcel_1.7.9_doc/Classes/PHPExcel/Shared/PCLZip/pclzip.lib.php':[
0,
],
'project:PHPExcel_1.7.9_doc/Classes/PHPExcel/Worksheet.php':[
0,
],
'project:PHPExcel_1.7.9_doc/Classes/PHPExcel/Writer/Excel5/Parser.php':[
0,
],
'project:PHPExcel_1.7.9_doc/Classes/PHPExcel/Writer/Excel5/Worksheet.php':[
0,
],
'project:PHPMailer/class.phpmailer.php':[
0,
],
'project:PHPMailer/test/phpmailerTest.php':[
0,
],
'project:PHP_CodeSniffer/CodeSniffer.php':[
0,
],
'project:PHP_CodeSniffer/CodeSniffer/File.php':[
0,
],
'project:symfony/Symfony/Component/Form/Tests/AbstractLayoutTest.php':[
0,
],
'project:symfony/Symfony/Component/Form/Tests/Extension/Core/Type/ChoiceTypeTest.php':[
0,
],
'project:symfony/Symfony/Component/Form/Tests/Extension/Validator/ViolationMapper/ViolationMapperTest.php':[
0,
],
'project:symfony/Symfony/Component/HttpFoundation/Tests/RequestTest.php':[
0,
],
}
