{
'project:PHPExcel_1.7.9_doc/Classes/PHPExcel/Writer/Excel5/Worksheet.php':[
3150,
3154,
3163,
3164,
3169,
3295,
3296,
3298,
],
'project:PHP_CodeSniffer/CodeSniffer/Standards/Squiz/Sniffs/Commenting/FunctionCommentSniff.php':[
146,
],
'project:symfony/Symfony/Component/DependencyInjection/Tests/ContainerBuilderTest.php':[
121,
],
}
