{
'project:PHPExcel_1.7.9_doc/Classes/PHPExcel/Calculation.php':[
2000,
2001,
2145,
2260,
2294,
2296,
2372,
2374,
2803,
2882,
2964,
2969,
3008,
3090,
3108,
3109,
3247,
3383,
3386,
3390,
3477,
3493,
3534,
3550,
3551,
3591,
3592,
3673,
],
'project:PHPExcel_1.7.9_doc/Classes/PHPExcel/Calculation/DateTime.php':[
391,
392,
393,
405,
413,
441,
495,
541,
544,
545,
683,
697,
912,
914,
983,
1131,
1133,
],
'project:PHPExcel_1.7.9_doc/Classes/PHPExcel/Calculation/Engineering.php':[
750,
751,
752,
753,
1650,
1667,
2136,
2172,
],
'project:PHPExcel_1.7.9_doc/Classes/PHPExcel/Calculation/Financial.php':[
1337,
1347,
1354,
1436,
2107,
2111,
2119,
2126,
2141,
2142,
2164,
2165,
2169,
2170,
2174,
],
'project:PHPExcel_1.7.9_doc/Classes/PHPExcel/Calculation/FormulaParser.php':[
162,
],
'project:PHPExcel_1.7.9_doc/Classes/PHPExcel/Calculation/Functions.php':[
314,
319,
],
'project:PHPExcel_1.7.9_doc/Classes/PHPExcel/Calculation/LookupRef.php':[
81,
87,
88,
91,
92,
113,
187,
659,
],
'project:PHPExcel_1.7.9_doc/Classes/PHPExcel/Calculation/MathTrig.php':[
529,
533,
542,
545,
571,
575,
584,
587,
607,
608,
612,
627,
911,
912,
913,
1167,
],
'project:PHPExcel_1.7.9_doc/Classes/PHPExcel/Calculation/Statistical.php':[
66,
67,
443,
853,
1271,
1364,
1365,
1373,
1374,
1375,
1386,
1387,
1388,
1963,
2016,
2219,
2381,
3258,
3424,
3519,
],
'project:PHPExcel_1.7.9_doc/Classes/PHPExcel/Calculation/TextData.php':[
153,
156,
215,
316,
],
'project:PHPExcel_1.7.9_doc/Classes/PHPExcel/Cell.php':[
566,
596,
],
'project:PHPExcel_1.7.9_doc/Classes/PHPExcel/Cell/AdvancedValueBinder.php':[
86,
95,
],
'project:PHPExcel_1.7.9_doc/Classes/PHPExcel/Chart/Layout.php':[
148,
149,
150,
151,
152,
153,
154,
],
'project:PHPExcel_1.7.9_doc/Classes/PHPExcel/Reader/Excel2003XML.php':[
700,
702,
705,
707,
],
'project:PHPExcel_1.7.9_doc/Classes/PHPExcel/Reader/Excel2007.php':[
871,
1293,
1296,
1310,
1311,
1312,
1313,
1314,
],
'project:PHPExcel_1.7.9_doc/Classes/PHPExcel/Reader/Excel5.php':[
447,
448,
449,
450,
497,
498,
499,
500,
545,
546,
547,
611,
612,
613,
614,
615,
616,
617,
618,
619,
620,
621,
622,
623,
624,
625,
626,
627,
628,
629,
751,
752,
753,
754,
755,
756,
757,
758,
759,
760,
761,
762,
763,
764,
765,
766,
767,
768,
769,
770,
771,
772,
773,
774,
775,
776,
777,
778,
779,
780,
781,
782,
783,
784,
785,
786,
787,
788,
789,
790,
791,
792,
793,
794,
795,
796,
797,
798,
799,
801,
802,
803,
804,
1655,
1660,
2319,
2320,
2321,
2322,
3068,
3069,
4011,
4013,
4452,
4453,
4454,
4455,
4456,
4457,
4458,
4459,
4465,
4466,
4467,
4489,
4490,
4491,
4492,
4493,
4494,
4495,
4496,
5211,
5212,
5213,
5214,
5215,
5216,
5217,
5218,
5219,
5220,
5221,
5222,
5223,
5224,
5225,
5226,
5227,
5228,
5356,
5357,
5358,
5359,
5360,
5361,
5362,
5363,
5364,
5365,
5366,
5367,
5368,
5369,
5370,
5371,
5372,
5373,
5374,
5375,
5376,
5377,
5378,
5379,
5380,
5381,
5382,
5383,
5384,
5385,
5386,
5387,
5388,
5389,
5390,
5391,
5392,
5393,
5394,
5395,
5396,
5397,
5398,
5399,
5400,
5401,
5402,
5403,
5404,
5405,
5406,
5407,
5408,
5409,
5410,
5411,
5412,
5413,
5414,
5415,
5416,
5417,
5418,
5419,
5420,
5421,
5422,
5423,
5424,
5425,
5426,
5427,
5428,
5429,
5430,
5431,
5432,
5433,
5434,
5435,
5436,
5437,
5438,
5439,
5440,
5441,
5442,
5443,
5444,
5445,
5446,
5447,
5448,
5449,
5450,
5451,
5452,
5453,
5454,
5455,
5456,
5457,
5458,
5459,
5460,
5461,
5462,
5463,
5464,
5465,
5466,
5467,
5468,
5469,
5470,
5471,
5472,
5473,
5474,
5475,
5476,
5477,
5478,
5479,
5480,
5481,
5482,
5483,
5484,
5485,
5486,
5487,
5488,
5489,
5490,
5491,
5492,
5493,
5494,
5495,
5496,
5497,
5498,
5499,
5500,
5501,
5502,
5503,
5504,
5505,
5506,
5507,
5508,
5509,
5510,
5511,
5512,
5513,
5514,
5515,
5532,
5533,
5534,
5535,
5536,
5537,
5538,
5539,
5540,
5541,
5542,
5543,
5544,
5545,
5546,
5547,
5548,
5549,
5550,
5551,
5552,
5553,
5554,
5555,
5556,
5557,
5558,
5559,
5560,
5561,
5562,
5563,
5564,
5565,
5566,
5567,
5568,
5569,
5570,
5571,
5572,
5573,
5574,
5575,
5576,
5577,
5578,
5579,
5580,
5581,
5582,
5583,
5584,
5585,
5586,
5587,
5588,
5589,
5590,
5591,
5592,
5593,
5594,
5595,
5596,
5597,
5598,
5599,
5600,
5601,
5602,
5603,
5604,
5605,
5606,
5607,
5608,
5609,
5610,
5611,
5612,
5613,
5614,
5615,
5616,
5617,
5618,
5619,
6661,
6662,
6663,
6664,
6665,
6666,
6667,
],
'project:PHPExcel_1.7.9_doc/Classes/PHPExcel/Reader/Excel5/Escher.php':[
115,
116,
117,
118,
119,
120,
121,
122,
123,
124,
125,
126,
127,
128,
129,
130,
131,
132,
133,
],
'project:PHPExcel_1.7.9_doc/Classes/PHPExcel/Reader/Gnumeric.php':[
414,
415,
],
'project:PHPExcel_1.7.9_doc/Classes/PHPExcel/Reader/SYLK.php':[
320,
322,
325,
327,
],
'project:PHPExcel_1.7.9_doc/Classes/PHPExcel/Shared/CodePage.php':[
49,
50,
53,
54,
55,
56,
57,
58,
59,
60,
61,
62,
63,
64,
65,
66,
67,
68,
69,
70,
71,
72,
73,
74,
75,
77,
78,
79,
80,
81,
82,
83,
84,
85,
86,
87,
88,
89,
90,
91,
94,
95,
],
'project:PHPExcel_1.7.9_doc/Classes/PHPExcel/Shared/Date.php':[
222,
],
'project:PHPExcel_1.7.9_doc/Classes/PHPExcel/Shared/File.php':[
152,
155,
158,
],
'project:PHPExcel_1.7.9_doc/Classes/PHPExcel/Shared/JAMA/Matrix.php':[
180,
181,
193,
194,
206,
207,
219,
220,
232,
233,
245,
246,
431,
467,
517,
553,
604,
641,
692,
748,
785,
822,
858,
949,
999,
],
'project:PHPExcel_1.7.9_doc/Classes/PHPExcel/Shared/OLERead.php':[
200,
],
'project:PHPExcel_1.7.9_doc/Classes/PHPExcel/Shared/PCLZip/pclzip.lib.php':[
5525,
5526,
],
'project:PHPExcel_1.7.9_doc/Classes/PHPExcel/Shared/String.php':[
528,
531,
532,
536,
537,
],
'project:PHPExcel_1.7.9_doc/Classes/PHPExcel/Style/Border.php':[
131,
133,
135,
137,
139,
154,
156,
158,
160,
162,
164,
166,
168,
170,
172,
],
'project:PHPExcel_1.7.9_doc/Classes/PHPExcel/Style/Color.php':[
118,
120,
122,
316,
318,
320,
],
'project:PHPExcel_1.7.9_doc/Classes/PHPExcel/Style/NumberFormat.php':[
547,
],
'project:PHPExcel_1.7.9_doc/Classes/PHPExcel/Worksheet.php':[
736,
2732,
2733,
2734,
2735,
],
'project:PHPExcel_1.7.9_doc/Classes/PHPExcel/Worksheet/AutoFilter.php':[
765,
766,
],
'project:PHPExcel_1.7.9_doc/Classes/PHPExcel/Worksheet/HeaderFooter.php':[
441,
442,
443,
444,
445,
446,
],
'project:PHPExcel_1.7.9_doc/Classes/PHPExcel/Writer/Excel2007/Worksheet.php':[
279,
280,
806,
],
'project:PHPExcel_1.7.9_doc/Classes/PHPExcel/Writer/Excel5/Parser.php':[
1272,
],
'project:PHPExcel_1.7.9_doc/Classes/PHPExcel/Writer/Excel5/Workbook.php':[
932,
933,
934,
935,
],
'project:PHPExcel_1.7.9_doc/Classes/PHPExcel/Writer/Excel5/Worksheet.php':[
264,
2851,
2852,
2853,
2854,
2855,
2856,
2857,
2858,
2865,
2866,
2867,
2891,
2892,
2893,
2894,
2895,
2896,
2897,
2898,
3219,
3220,
3221,
3222,
3223,
3224,
3230,
3231,
3232,
3233,
3234,
3235,
3236,
3237,
3238,
3239,
3240,
3241,
3242,
3243,
3244,
3245,
3246,
3247,
3248,
3249,
3250,
3251,
3252,
3253,
3254,
3255,
3256,
3257,
3258,
3259,
3260,
3261,
3262,
3263,
3264,
3265,
3266,
3267,
3268,
3269,
3270,
3271,
3272,
3273,
3274,
3275,
3276,
3277,
3278,
3279,
3280,
3281,
3282,
3283,
3284,
3285,
3286,
3317,
3318,
3319,
3320,
3321,
3322,
3330,
3331,
3332,
3333,
3357,
3358,
3359,
3360,
3361,
3362,
3363,
3364,
3365,
3366,
3367,
3368,
3369,
3370,
3373,
3374,
3375,
3376,
3377,
3378,
3379,
3380,
3381,
3382,
3383,
3384,
3385,
3386,
3389,
3390,
3391,
3392,
3393,
3394,
3395,
3396,
3397,
3398,
3399,
3400,
3401,
3402,
3405,
3406,
3407,
3408,
3409,
3410,
3411,
3412,
3413,
3414,
3415,
3416,
3417,
3418,
3429,
3430,
3431,
3432,
3433,
3434,
3435,
3436,
3437,
3438,
3439,
3440,
3441,
3442,
3450,
3451,
3452,
3453,
3454,
3455,
3456,
3457,
3458,
3459,
3460,
3461,
3462,
3463,
3464,
3465,
3466,
3467,
3468,
3469,
3470,
3471,
3475,
3476,
3477,
3478,
3479,
3480,
3481,
3482,
3483,
3484,
3485,
3486,
3487,
3488,
3489,
3490,
3491,
3492,
3493,
3494,
3495,
3496,
3497,
3498,
3499,
3500,
3501,
3502,
3503,
3504,
3505,
3506,
3507,
3508,
3509,
3510,
3511,
3512,
3513,
3514,
3515,
3516,
3517,
3518,
3519,
3520,
3521,
3522,
3523,
3524,
3525,
3526,
3527,
3528,
3529,
3530,
3531,
3535,
3536,
3537,
3538,
3539,
3540,
3541,
3542,
3543,
3544,
3545,
3546,
3547,
3548,
3549,
3550,
3551,
3552,
3553,
3554,
3555,
3556,
3557,
3558,
3559,
3560,
3561,
3562,
3563,
3564,
3565,
3566,
3567,
3568,
3569,
3570,
3571,
3572,
3573,
3574,
3575,
3576,
3577,
3578,
3579,
3580,
3581,
3582,
3583,
3584,
3585,
3586,
3587,
3588,
3589,
3590,
3591,
],
'project:PHPMailer/extras/class.html2text.php':[
588,
],
'project:stackphp-0.5beta1-source/src/paged_request.php':[
44,
45,
],
'project:stackphp-0.5beta1-source/src/table_output.php':[
86,
87,
],
'project:symfony/Symfony/Component/Process/Process.php':[
914,
],
'project:symfony/Symfony/Component/Process/Tests/SignalListener.php':[
6,
],
}
