{
'project:PHPExcel_1.7.9_doc/Classes/PHPExcel.php':[
0,
],
'project:PHPExcel_1.7.9_doc/Classes/PHPExcel/CachedObjectStorage/APC.php':[
0,
],
'project:PHPExcel_1.7.9_doc/Classes/PHPExcel/CachedObjectStorage/CacheBase.php':[
0,
],
'project:PHPExcel_1.7.9_doc/Classes/PHPExcel/CachedObjectStorage/DiscISAM.php':[
0,
],
'project:PHPExcel_1.7.9_doc/Classes/PHPExcel/CachedObjectStorage/ICache.php':[
0,
],
'project:PHPExcel_1.7.9_doc/Classes/PHPExcel/CachedObjectStorage/Igbinary.php':[
0,
],
'project:PHPExcel_1.7.9_doc/Classes/PHPExcel/CachedObjectStorage/Memcache.php':[
0,
],
'project:PHPExcel_1.7.9_doc/Classes/PHPExcel/CachedObjectStorage/Memory.php':[
0,
],
'project:PHPExcel_1.7.9_doc/Classes/PHPExcel/CachedObjectStorage/MemoryGZip.php':[
0,
],
'project:PHPExcel_1.7.9_doc/Classes/PHPExcel/CachedObjectStorage/MemorySerialized.php':[
0,
],
'project:PHPExcel_1.7.9_doc/Classes/PHPExcel/CachedObjectStorage/PHPTemp.php':[
0,
],
'project:PHPExcel_1.7.9_doc/Classes/PHPExcel/CachedObjectStorage/SQLite.php':[
0,
],
'project:PHPExcel_1.7.9_doc/Classes/PHPExcel/CachedObjectStorage/SQLite3.php':[
0,
],
'project:PHPExcel_1.7.9_doc/Classes/PHPExcel/CachedObjectStorage/Wincache.php':[
0,
],
'project:PHPExcel_1.7.9_doc/Classes/PHPExcel/CachedObjectStorageFactory.php':[
0,
],
'project:PHPExcel_1.7.9_doc/Classes/PHPExcel/CalcEngine/CyclicReferenceStack.php':[
0,
],
'project:PHPExcel_1.7.9_doc/Classes/PHPExcel/CalcEngine/Logger.php':[
0,
],
'project:PHPExcel_1.7.9_doc/Classes/PHPExcel/Calculation.php':[
0,
],
'project:PHPExcel_1.7.9_doc/Classes/PHPExcel/Calculation/Database.php':[
0,
],
'project:PHPExcel_1.7.9_doc/Classes/PHPExcel/Calculation/DateTime.php':[
0,
],
'project:PHPExcel_1.7.9_doc/Classes/PHPExcel/Calculation/Engineering.php':[
0,
],
'project:PHPExcel_1.7.9_doc/Classes/PHPExcel/Calculation/Exception.php':[
0,
],
'project:PHPExcel_1.7.9_doc/Classes/PHPExcel/Calculation/ExceptionHandler.php':[
0,
],
'project:PHPExcel_1.7.9_doc/Classes/PHPExcel/Calculation/Financial.php':[
0,
],
'project:PHPExcel_1.7.9_doc/Classes/PHPExcel/Calculation/FormulaParser.php':[
0,
],
'project:PHPExcel_1.7.9_doc/Classes/PHPExcel/Calculation/FormulaToken.php':[
0,
],
'project:PHPExcel_1.7.9_doc/Classes/PHPExcel/Calculation/Function.php':[
0,
],
'project:PHPExcel_1.7.9_doc/Classes/PHPExcel/Calculation/Functions.php':[
0,
],
'project:PHPExcel_1.7.9_doc/Classes/PHPExcel/Calculation/Logical.php':[
0,
],
'project:PHPExcel_1.7.9_doc/Classes/PHPExcel/Calculation/LookupRef.php':[
0,
],
'project:PHPExcel_1.7.9_doc/Classes/PHPExcel/Calculation/MathTrig.php':[
0,
],
'project:PHPExcel_1.7.9_doc/Classes/PHPExcel/Calculation/Statistical.php':[
0,
],
'project:PHPExcel_1.7.9_doc/Classes/PHPExcel/Calculation/TextData.php':[
0,
],
'project:PHPExcel_1.7.9_doc/Classes/PHPExcel/Calculation/Token/Stack.php':[
0,
],
'project:PHPExcel_1.7.9_doc/Classes/PHPExcel/Cell.php':[
0,
],
'project:PHPExcel_1.7.9_doc/Classes/PHPExcel/Chart.php':[
0,
],
'project:PHPExcel_1.7.9_doc/Classes/PHPExcel/Chart/DataSeries.php':[
0,
],
'project:PHPExcel_1.7.9_doc/Classes/PHPExcel/Chart/DataSeriesValues.php':[
0,
],
'project:PHPExcel_1.7.9_doc/Classes/PHPExcel/Chart/Exception.php':[
0,
],
'project:PHPExcel_1.7.9_doc/Classes/PHPExcel/Chart/Layout.php':[
0,
],
'project:PHPExcel_1.7.9_doc/Classes/PHPExcel/Chart/Legend.php':[
0,
],
'project:PHPExcel_1.7.9_doc/Classes/PHPExcel/Chart/PlotArea.php':[
0,
],
'project:PHPExcel_1.7.9_doc/Classes/PHPExcel/Chart/Renderer/jpgraph.php':[
0,
],
'project:PHPExcel_1.7.9_doc/Classes/PHPExcel/Chart/Title.php':[
0,
],
'project:PHPExcel_1.7.9_doc/Classes/PHPExcel/Comment.php':[
0,
],
'project:PHPExcel_1.7.9_doc/Classes/PHPExcel/DocumentProperties.php':[
0,
],
'project:PHPExcel_1.7.9_doc/Classes/PHPExcel/DocumentSecurity.php':[
0,
],
'project:PHPExcel_1.7.9_doc/Classes/PHPExcel/HashTable.php':[
0,
],
'project:PHPExcel_1.7.9_doc/Classes/PHPExcel/IComparable.php':[
0,
],
'project:PHPExcel_1.7.9_doc/Classes/PHPExcel/IOFactory.php':[
0,
],
'project:PHPExcel_1.7.9_doc/Classes/PHPExcel/NamedRange.php':[
0,
],
'project:PHPExcel_1.7.9_doc/Classes/PHPExcel/Reader/Abstract.php':[
0,
],
'project:PHPExcel_1.7.9_doc/Classes/PHPExcel/Reader/CSV.php':[
0,
],
'project:PHPExcel_1.7.9_doc/Classes/PHPExcel/Reader/DefaultReadFilter.php':[
0,
],
'project:PHPExcel_1.7.9_doc/Classes/PHPExcel/Reader/Excel2003XML.php':[
0,
],
'project:PHPExcel_1.7.9_doc/Classes/PHPExcel/Reader/Excel2007.php':[
0,
],
'project:PHPExcel_1.7.9_doc/Classes/PHPExcel/Reader/Excel2007/Chart.php':[
0,
],
'project:PHPExcel_1.7.9_doc/Classes/PHPExcel/Reader/Excel2007/Theme.php':[
0,
],
'project:PHPExcel_1.7.9_doc/Classes/PHPExcel/Reader/Excel5.php':[
0,
],
'project:PHPExcel_1.7.9_doc/Classes/PHPExcel/Reader/Excel5/Escher.php':[
0,
],
'project:PHPExcel_1.7.9_doc/Classes/PHPExcel/Reader/Exception.php':[
0,
],
'project:PHPExcel_1.7.9_doc/Classes/PHPExcel/Reader/Gnumeric.php':[
0,
],
'project:PHPExcel_1.7.9_doc/Classes/PHPExcel/Reader/HTML.php':[
0,
],
'project:PHPExcel_1.7.9_doc/Classes/PHPExcel/Reader/IReadFilter.php':[
0,
],
'project:PHPExcel_1.7.9_doc/Classes/PHPExcel/Reader/IReader.php':[
0,
],
'project:PHPExcel_1.7.9_doc/Classes/PHPExcel/Reader/OOCalc.php':[
0,
],
'project:PHPExcel_1.7.9_doc/Classes/PHPExcel/Reader/SYLK.php':[
0,
],
'project:PHPExcel_1.7.9_doc/Classes/PHPExcel/ReferenceHelper.php':[
0,
],
'project:PHPExcel_1.7.9_doc/Classes/PHPExcel/RichText/ITextElement.php':[
0,
],
'project:PHPExcel_1.7.9_doc/Classes/PHPExcel/RichText/Run.php':[
0,
],
'project:PHPExcel_1.7.9_doc/Classes/PHPExcel/RichText/TextElement.php':[
0,
],
'project:PHPExcel_1.7.9_doc/Classes/PHPExcel/Settings.php':[
0,
],
'project:PHPExcel_1.7.9_doc/Classes/PHPExcel/Shared/CodePage.php':[
0,
],
'project:PHPExcel_1.7.9_doc/Classes/PHPExcel/Shared/Date.php':[
0,
],
'project:PHPExcel_1.7.9_doc/Classes/PHPExcel/Shared/Drawing.php':[
0,
],
'project:PHPExcel_1.7.9_doc/Classes/PHPExcel/Shared/Escher.php':[
0,
],
'project:PHPExcel_1.7.9_doc/Classes/PHPExcel/Shared/Escher/DgContainer.php':[
0,
],
'project:PHPExcel_1.7.9_doc/Classes/PHPExcel/Shared/Escher/DgContainer/SpgrContainer.php':[
0,
],
'project:PHPExcel_1.7.9_doc/Classes/PHPExcel/Shared/Escher/DgContainer/SpgrContainer/SpContainer.php':[
0,
],
'project:PHPExcel_1.7.9_doc/Classes/PHPExcel/Shared/Escher/DggContainer.php':[
0,
],
'project:PHPExcel_1.7.9_doc/Classes/PHPExcel/Shared/Escher/DggContainer/BstoreContainer.php':[
0,
],
'project:PHPExcel_1.7.9_doc/Classes/PHPExcel/Shared/Escher/DggContainer/BstoreContainer/BSE.php':[
0,
],
'project:PHPExcel_1.7.9_doc/Classes/PHPExcel/Shared/Escher/DggContainer/BstoreContainer/BSE/Blip.php':[
0,
],
'project:PHPExcel_1.7.9_doc/Classes/PHPExcel/Shared/Excel5.php':[
0,
],
'project:PHPExcel_1.7.9_doc/Classes/PHPExcel/Shared/File.php':[
0,
],
'project:PHPExcel_1.7.9_doc/Classes/PHPExcel/Shared/Font.php':[
0,
],
'project:PHPExcel_1.7.9_doc/Classes/PHPExcel/Shared/JAMA/CholeskyDecomposition.php':[
0,
],
'project:PHPExcel_1.7.9_doc/Classes/PHPExcel/Shared/JAMA/EigenvalueDecomposition.php':[
0,
],
'project:PHPExcel_1.7.9_doc/Classes/PHPExcel/Shared/JAMA/LUDecomposition.php':[
0,
],
'project:PHPExcel_1.7.9_doc/Classes/PHPExcel/Shared/JAMA/Matrix.php':[
0,
],
'project:PHPExcel_1.7.9_doc/Classes/PHPExcel/Shared/JAMA/QRDecomposition.php':[
0,
],
'project:PHPExcel_1.7.9_doc/Classes/PHPExcel/Shared/JAMA/SingularValueDecomposition.php':[
0,
],
'project:PHPExcel_1.7.9_doc/Classes/PHPExcel/Shared/JAMA/utils/Error.php':[
0,
],
'project:PHPExcel_1.7.9_doc/Classes/PHPExcel/Shared/JAMA/utils/Maths.php':[
0,
],
'project:PHPExcel_1.7.9_doc/Classes/PHPExcel/Shared/OLE.php':[
0,
],
'project:PHPExcel_1.7.9_doc/Classes/PHPExcel/Shared/OLE/ChainedBlockStream.php':[
0,
],
'project:PHPExcel_1.7.9_doc/Classes/PHPExcel/Shared/OLE/PPS.php':[
0,
],
'project:PHPExcel_1.7.9_doc/Classes/PHPExcel/Shared/OLE/PPS/File.php':[
0,
],
'project:PHPExcel_1.7.9_doc/Classes/PHPExcel/Shared/OLE/PPS/Root.php':[
0,
],
'project:PHPExcel_1.7.9_doc/Classes/PHPExcel/Shared/OLERead.php':[
0,
],
'project:PHPExcel_1.7.9_doc/Classes/PHPExcel/Shared/PCLZip/pclzip.lib.php':[
0,
],
'project:PHPExcel_1.7.9_doc/Classes/PHPExcel/Shared/PasswordHasher.php':[
0,
],
'project:PHPExcel_1.7.9_doc/Classes/PHPExcel/Shared/String.php':[
0,
],
'project:PHPExcel_1.7.9_doc/Classes/PHPExcel/Shared/TimeZone.php':[
0,
],
'project:PHPExcel_1.7.9_doc/Classes/PHPExcel/Shared/XMLWriter.php':[
0,
],
'project:PHPExcel_1.7.9_doc/Classes/PHPExcel/Shared/ZipArchive.php':[
0,
],
'project:PHPExcel_1.7.9_doc/Classes/PHPExcel/Shared/ZipStreamWrapper.php':[
0,
],
'project:PHPExcel_1.7.9_doc/Classes/PHPExcel/Shared/trend/bestFitClass.php':[
0,
],
'project:PHPExcel_1.7.9_doc/Classes/PHPExcel/Shared/trend/exponentialBestFitClass.php':[
0,
],
'project:PHPExcel_1.7.9_doc/Classes/PHPExcel/Shared/trend/linearBestFitClass.php':[
0,
],
'project:PHPExcel_1.7.9_doc/Classes/PHPExcel/Shared/trend/logarithmicBestFitClass.php':[
0,
],
'project:PHPExcel_1.7.9_doc/Classes/PHPExcel/Shared/trend/polynomialBestFitClass.php':[
0,
],
'project:PHPExcel_1.7.9_doc/Classes/PHPExcel/Shared/trend/powerBestFitClass.php':[
0,
],
'project:PHPExcel_1.7.9_doc/Classes/PHPExcel/Shared/trend/trendClass.php':[
0,
],
'project:PHPExcel_1.7.9_doc/Classes/PHPExcel/Style.php':[
0,
],
'project:PHPExcel_1.7.9_doc/Classes/PHPExcel/Style/Alignment.php':[
0,
],
'project:PHPExcel_1.7.9_doc/Classes/PHPExcel/Style/Border.php':[
0,
],
'project:PHPExcel_1.7.9_doc/Classes/PHPExcel/Style/Borders.php':[
0,
],
'project:PHPExcel_1.7.9_doc/Classes/PHPExcel/Style/Color.php':[
0,
],
'project:PHPExcel_1.7.9_doc/Classes/PHPExcel/Style/Conditional.php':[
0,
],
'project:PHPExcel_1.7.9_doc/Classes/PHPExcel/Style/Fill.php':[
0,
],
'project:PHPExcel_1.7.9_doc/Classes/PHPExcel/Style/Font.php':[
0,
],
'project:PHPExcel_1.7.9_doc/Classes/PHPExcel/Style/NumberFormat.php':[
0,
],
'project:PHPExcel_1.7.9_doc/Classes/PHPExcel/Style/Protection.php':[
0,
],
'project:PHPExcel_1.7.9_doc/Classes/PHPExcel/Style/Supervisor.php':[
0,
],
'project:PHPExcel_1.7.9_doc/Classes/PHPExcel/Worksheet.php':[
0,
],
'project:PHPExcel_1.7.9_doc/Classes/PHPExcel/Worksheet/AutoFilter.php':[
0,
],
'project:PHPExcel_1.7.9_doc/Classes/PHPExcel/Worksheet/AutoFilter/Column.php':[
0,
],
'project:PHPExcel_1.7.9_doc/Classes/PHPExcel/Worksheet/AutoFilter/Column/Rule.php':[
0,
],
'project:PHPExcel_1.7.9_doc/Classes/PHPExcel/Worksheet/BaseDrawing.php':[
0,
],
'project:PHPExcel_1.7.9_doc/Classes/PHPExcel/Worksheet/CellIterator.php':[
0,
],
'project:PHPExcel_1.7.9_doc/Classes/PHPExcel/Worksheet/ColumnDimension.php':[
0,
],
'project:PHPExcel_1.7.9_doc/Classes/PHPExcel/Worksheet/Drawing.php':[
0,
],
'project:PHPExcel_1.7.9_doc/Classes/PHPExcel/Worksheet/Drawing/Shadow.php':[
0,
],
'project:PHPExcel_1.7.9_doc/Classes/PHPExcel/Worksheet/HeaderFooter.php':[
0,
],
'project:PHPExcel_1.7.9_doc/Classes/PHPExcel/Worksheet/HeaderFooterDrawing.php':[
0,
],
'project:PHPExcel_1.7.9_doc/Classes/PHPExcel/Worksheet/MemoryDrawing.php':[
0,
],
'project:PHPExcel_1.7.9_doc/Classes/PHPExcel/Worksheet/PageMargins.php':[
0,
],
'project:PHPExcel_1.7.9_doc/Classes/PHPExcel/Worksheet/PageSetup.php':[
0,
],
'project:PHPExcel_1.7.9_doc/Classes/PHPExcel/Worksheet/Protection.php':[
0,
],
'project:PHPExcel_1.7.9_doc/Classes/PHPExcel/Worksheet/Row.php':[
0,
],
'project:PHPExcel_1.7.9_doc/Classes/PHPExcel/Worksheet/RowDimension.php':[
0,
],
'project:PHPExcel_1.7.9_doc/Classes/PHPExcel/Worksheet/RowIterator.php':[
0,
],
'project:PHPExcel_1.7.9_doc/Classes/PHPExcel/Worksheet/SheetView.php':[
0,
],
'project:PHPExcel_1.7.9_doc/Classes/PHPExcel/Writer/Abstract.php':[
0,
],
'project:PHPExcel_1.7.9_doc/Classes/PHPExcel/Writer/CSV.php':[
0,
],
'project:PHPExcel_1.7.9_doc/Classes/PHPExcel/Writer/Excel2007.php':[
0,
],
'project:PHPExcel_1.7.9_doc/Classes/PHPExcel/Writer/Excel2007/Chart.php':[
0,
],
'project:PHPExcel_1.7.9_doc/Classes/PHPExcel/Writer/Excel2007/Comments.php':[
0,
],
'project:PHPExcel_1.7.9_doc/Classes/PHPExcel/Writer/Excel2007/ContentTypes.php':[
0,
],
'project:PHPExcel_1.7.9_doc/Classes/PHPExcel/Writer/Excel2007/DocProps.php':[
0,
],
'project:PHPExcel_1.7.9_doc/Classes/PHPExcel/Writer/Excel2007/Drawing.php':[
0,
],
'project:PHPExcel_1.7.9_doc/Classes/PHPExcel/Writer/Excel2007/Rels.php':[
0,
],
'project:PHPExcel_1.7.9_doc/Classes/PHPExcel/Writer/Excel2007/StringTable.php':[
0,
],
'project:PHPExcel_1.7.9_doc/Classes/PHPExcel/Writer/Excel2007/Style.php':[
0,
],
'project:PHPExcel_1.7.9_doc/Classes/PHPExcel/Writer/Excel2007/Theme.php':[
0,
],
'project:PHPExcel_1.7.9_doc/Classes/PHPExcel/Writer/Excel2007/Workbook.php':[
0,
],
'project:PHPExcel_1.7.9_doc/Classes/PHPExcel/Writer/Excel2007/Worksheet.php':[
0,
],
'project:PHPExcel_1.7.9_doc/Classes/PHPExcel/Writer/Excel2007/WriterPart.php':[
0,
],
'project:PHPExcel_1.7.9_doc/Classes/PHPExcel/Writer/Excel5.php':[
0,
],
'project:PHPExcel_1.7.9_doc/Classes/PHPExcel/Writer/Excel5/BIFFwriter.php':[
0,
],
'project:PHPExcel_1.7.9_doc/Classes/PHPExcel/Writer/Excel5/Escher.php':[
0,
],
'project:PHPExcel_1.7.9_doc/Classes/PHPExcel/Writer/Excel5/Font.php':[
0,
],
'project:PHPExcel_1.7.9_doc/Classes/PHPExcel/Writer/Excel5/Parser.php':[
0,
],
'project:PHPExcel_1.7.9_doc/Classes/PHPExcel/Writer/Excel5/Workbook.php':[
0,
],
'project:PHPExcel_1.7.9_doc/Classes/PHPExcel/Writer/Excel5/Worksheet.php':[
0,
],
'project:PHPExcel_1.7.9_doc/Classes/PHPExcel/Writer/Excel5/Xf.php':[
0,
],
'project:PHPExcel_1.7.9_doc/Classes/PHPExcel/Writer/Exception.php':[
0,
],
'project:PHPExcel_1.7.9_doc/Classes/PHPExcel/Writer/HTML.php':[
0,
],
'project:PHPExcel_1.7.9_doc/Classes/PHPExcel/Writer/PDF/Core.php':[
0,
],
'project:PHPExcel_1.7.9_doc/Classes/PHPExcel/Writer/PDF/DomPDF.php':[
0,
],
'project:PHPExcel_1.7.9_doc/Classes/PHPExcel/Writer/PDF/mPDF.php':[
0,
],
'project:PHPExcel_1.7.9_doc/Classes/PHPExcel/Writer/PDF/tcPDF.php':[
0,
],
'project:PHPExcel_1.7.9_doc/Examples/01pharSimple.php':[
0,
],
'project:PHPExcel_1.7.9_doc/Examples/01simple-download-pdf.php':[
0,
],
'project:PHPExcel_1.7.9_doc/Examples/01simple-download-xls.php':[
0,
],
'project:PHPExcel_1.7.9_doc/Examples/01simple-download-xlsx.php':[
0,
],
'project:PHPExcel_1.7.9_doc/Examples/01simple.php':[
0,
],
'project:PHPExcel_1.7.9_doc/Examples/02types-xls.php':[
0,
],
'project:PHPExcel_1.7.9_doc/Examples/02types.php':[
0,
],
'project:PHPExcel_1.7.9_doc/Examples/03formulas.php':[
0,
],
'project:PHPExcel_1.7.9_doc/Examples/04printing.php':[
0,
],
'project:PHPExcel_1.7.9_doc/Examples/05featuredemo.inc.php':[
0,
],
'project:PHPExcel_1.7.9_doc/Examples/05featuredemo.php':[
0,
],
'project:PHPExcel_1.7.9_doc/Examples/06largescale-with-cellcaching-sqlite.php':[
0,
],
'project:PHPExcel_1.7.9_doc/Examples/06largescale-with-cellcaching-sqlite3.php':[
0,
],
'project:PHPExcel_1.7.9_doc/Examples/06largescale-with-cellcaching.php':[
0,
],
'project:PHPExcel_1.7.9_doc/Examples/06largescale-xls.php':[
0,
],
'project:PHPExcel_1.7.9_doc/Examples/06largescale.php':[
0,
],
'project:PHPExcel_1.7.9_doc/Examples/07reader.php':[
0,
],
'project:PHPExcel_1.7.9_doc/Examples/08conditionalformatting.php':[
0,
],
'project:PHPExcel_1.7.9_doc/Examples/08conditionalformatting2.php':[
0,
],
'project:PHPExcel_1.7.9_doc/Examples/09pagebreaks.php':[
0,
],
'project:PHPExcel_1.7.9_doc/Examples/10autofilter-selection-1.php':[
0,
],
'project:PHPExcel_1.7.9_doc/Examples/10autofilter-selection-2.php':[
0,
],
'project:PHPExcel_1.7.9_doc/Examples/10autofilter-selection-display.php':[
0,
],
'project:PHPExcel_1.7.9_doc/Examples/10autofilter.php':[
0,
],
'project:PHPExcel_1.7.9_doc/Examples/11documentsecurity-xls.php':[
0,
],
'project:PHPExcel_1.7.9_doc/Examples/11documentsecurity.php':[
0,
],
'project:PHPExcel_1.7.9_doc/Examples/12cellProtection.php':[
0,
],
'project:PHPExcel_1.7.9_doc/Examples/13calculation.php':[
0,
],
'project:PHPExcel_1.7.9_doc/Examples/14excel5.php':[
0,
],
'project:PHPExcel_1.7.9_doc/Examples/15datavalidation-xls.php':[
0,
],
'project:PHPExcel_1.7.9_doc/Examples/15datavalidation.php':[
0,
],
'project:PHPExcel_1.7.9_doc/Examples/16csv.php':[
0,
],
'project:PHPExcel_1.7.9_doc/Examples/17html.php':[
0,
],
'project:PHPExcel_1.7.9_doc/Examples/18extendedcalculation.php':[
0,
],
'project:PHPExcel_1.7.9_doc/Examples/19namedrange.php':[
0,
],
'project:PHPExcel_1.7.9_doc/Examples/20readexcel5.php':[
0,
],
'project:PHPExcel_1.7.9_doc/Examples/21pdf.php':[
0,
],
'project:PHPExcel_1.7.9_doc/Examples/22heavilyformatted.php':[
0,
],
'project:PHPExcel_1.7.9_doc/Examples/23sharedstyles.php':[
0,
],
'project:PHPExcel_1.7.9_doc/Examples/24readfilter.php':[
0,
],
'project:PHPExcel_1.7.9_doc/Examples/25inmemoryimage.php':[
0,
],
'project:PHPExcel_1.7.9_doc/Examples/26utf8.php':[
0,
],
'project:PHPExcel_1.7.9_doc/Examples/27imagesexcel5.php':[
0,
],
'project:PHPExcel_1.7.9_doc/Examples/28iterator.php':[
0,
],
'project:PHPExcel_1.7.9_doc/Examples/29advancedvaluebinder.php':[
0,
],
'project:PHPExcel_1.7.9_doc/Examples/30template.php':[
0,
],
'project:PHPExcel_1.7.9_doc/Examples/31docproperties_write-xls.php':[
0,
],
'project:PHPExcel_1.7.9_doc/Examples/31docproperties_write.php':[
0,
],
'project:PHPExcel_1.7.9_doc/Examples/32chartreadwrite.php':[
0,
],
'project:PHPExcel_1.7.9_doc/Examples/33chartcreate-area.php':[
0,
],
'project:PHPExcel_1.7.9_doc/Examples/33chartcreate-bar-stacked.php':[
0,
],
'project:PHPExcel_1.7.9_doc/Examples/33chartcreate-bar.php':[
0,
],
'project:PHPExcel_1.7.9_doc/Examples/33chartcreate-column-2.php':[
0,
],
'project:PHPExcel_1.7.9_doc/Examples/33chartcreate-column.php':[
0,
],
'project:PHPExcel_1.7.9_doc/Examples/33chartcreate-composite.php':[
0,
],
'project:PHPExcel_1.7.9_doc/Examples/33chartcreate-line.php':[
0,
],
'project:PHPExcel_1.7.9_doc/Examples/33chartcreate-multiple-charts.php':[
0,
],
'project:PHPExcel_1.7.9_doc/Examples/33chartcreate-pie.php':[
0,
],
'project:PHPExcel_1.7.9_doc/Examples/33chartcreate-radar.php':[
0,
],
'project:PHPExcel_1.7.9_doc/Examples/33chartcreate-scatter.php':[
0,
],
'project:PHPExcel_1.7.9_doc/Examples/34chartupdate.php':[
0,
],
'project:PHPExcel_1.7.9_doc/Examples/35chartrender.php':[
0,
],
'project:PHPExcel_1.7.9_doc/Examples/36chartreadwriteHTML.php':[
0,
],
'project:PHPExcel_1.7.9_doc/Examples/36chartreadwritePDF.php':[
0,
],
'project:PHPExcel_1.7.9_doc/Examples/37page_layout_view.php':[
0,
],
'project:PHPExcel_1.7.9_doc/Examples/Excel2003XMLReader.php':[
0,
],
'project:PHPExcel_1.7.9_doc/Examples/GnumericReader.php':[
0,
],
'project:PHPExcel_1.7.9_doc/Examples/OOCalcReader.php':[
0,
],
'project:PHPExcel_1.7.9_doc/Examples/Quadratic.php':[
0,
],
'project:PHPExcel_1.7.9_doc/Examples/Quadratic2.php':[
0,
],
'project:PHPExcel_1.7.9_doc/Examples/SylkReader.php':[
0,
],
'project:PHPExcel_1.7.9_doc/Examples/XMLReader.php':[
0,
],
'project:PHPExcel_1.7.9_doc/Examples/runall.php':[
0,
],
'project:PHPMailer/extras/EasyPeasyICS.php':[
0,
],
'project:PHPMailer/extras/ntlm_sasl_client.php':[
0,
],
'project:PHPMailer/language/phpmailer.lang-ka.php':[
0,
],
'project:stackphp-0.5beta1-source/src/api.php':[
0,
],
'project:stackphp-0.5beta1-source/src/paged_response.php':[
0,
],
'project:stackphp-0.5beta1-source/src/paged_site_response.php':[
0,
],
'project:symfony/Symfony/Component/Yaml/Tests/ParserTest.php':[
0,
],
}
