{
'project:PHPExcel_1.7.9_doc/Classes/PHPExcel/Shared/PCLZip/pclzip.lib.php':[
3980,
],
'project:PHPExcel_1.7.9_doc/Classes/PHPExcel/Writer/Excel5.php':[
224,
],
'project:symfony/Symfony/Bridge/Twig/Tests/Extension/CodeExtensionTest.php':[
22,
],
'project:symfony/Symfony/Component/DependencyInjection/Exception/ParameterCircularReferenceException.php':[
25,
],
'project:symfony/Symfony/Component/HttpFoundation/Tests/RequestTest.php':[
259,
259,
267,
267,
],
'project:symfony/Symfony/Component/HttpKernel/Tests/DependencyInjection/ContainerAwareHttpKernelTest.php':[
138,
],
'project:symfony/Symfony/Component/Routing/Tests/Generator/UrlGeneratorTest.php':[
443,
],
'project:symfony/Symfony/Component/Routing/Tests/RouteTest.php':[
20,
],
}
