{
'project:PHPExcel_1.7.9_doc/Classes/PHPExcel/Reader/Excel2007.php':[
1559,
1562,
],
'project:PHPExcel_1.7.9_doc/Classes/PHPExcel/Reader/Excel5.php':[
959,
967,
994,
4039,
],
'project:PHPExcel_1.7.9_doc/Classes/PHPExcel/Writer/Excel5/Parser.php':[
982,
984,
],
'project:PHPExcel_1.7.9_doc/Classes/PHPExcel/Writer/Excel5/Workbook.php':[
975,
],
'project:PHPExcel_1.7.9_doc/Classes/PHPExcel/Writer/Excel5/Worksheet.php':[
1330,
],
'project:PHP_CodeSniffer/CodeSniffer/Standards/Generic/Sniffs/Commenting/FixmeSniff.php':[
19,
73,
],
'project:PHP_CodeSniffer/CodeSniffer/Standards/Generic/Tests/Commenting/FixmeUnitTest.php':[
3,
18,
],
'project:symfony/Symfony/Bundle/FrameworkBundle/Console/Descriptor/TextDescriptor.php':[
72,
],
'project:symfony/Symfony/Component/HttpKernel/HttpCache/HttpCache.php':[
173,
473,
],
'project:symfony/Symfony/Component/Security/Acl/Dbal/AclProvider.php':[
112,
219,
421,
],
'project:symfony/Symfony/Component/Security/Acl/Dbal/MutableAclProvider.php':[
349,
],
}
