{
'project:symfony/Symfony/Component/DependencyInjection/Dumper/GraphvizDumper.php':[
38,
39,
40,
],
'project:symfony/Symfony/Component/Yaml/Tests/InlineTest.php':[
140,
202,
],
}
