{
'project:PHPExcel_1.7.9_doc/Classes/PHPExcel/CachedObjectStorage/APC.php':[
207,
259,
],
'project:PHPExcel_1.7.9_doc/Classes/PHPExcel/CachedObjectStorage/Memcache.php':[
208,
262,
],
'project:PHPExcel_1.7.9_doc/Classes/PHPExcel/CachedObjectStorage/Wincache.php':[
208,
261,
],
'project:PHPExcel_1.7.9_doc/Classes/PHPExcel/Cell/DataValidation.php':[
441,
],
'project:PHPExcel_1.7.9_doc/Classes/PHPExcel/Cell/Hyperlink.php':[
120,
],
'project:PHPExcel_1.7.9_doc/Classes/PHPExcel/Comment.php':[
290,
],
'project:PHPExcel_1.7.9_doc/Classes/PHPExcel/RichText.php':[
179,
],
'project:PHPExcel_1.7.9_doc/Classes/PHPExcel/RichText/Run.php':[
82,
],
'project:PHPExcel_1.7.9_doc/Classes/PHPExcel/RichText/TextElement.php':[
89,
],
'project:PHPExcel_1.7.9_doc/Classes/PHPExcel/Shared/trend/trendClass.php':[
101,
],
'project:PHPExcel_1.7.9_doc/Classes/PHPExcel/Style.php':[
581,
],
'project:PHPExcel_1.7.9_doc/Classes/PHPExcel/Style/Alignment.php':[
398,
],
'project:PHPExcel_1.7.9_doc/Classes/PHPExcel/Style/Border.php':[
287,
],
'project:PHPExcel_1.7.9_doc/Classes/PHPExcel/Style/Borders.php':[
413,
],
'project:PHPExcel_1.7.9_doc/Classes/PHPExcel/Style/Color.php':[
423,
],
'project:PHPExcel_1.7.9_doc/Classes/PHPExcel/Style/Conditional.php':[
255,
],
'project:PHPExcel_1.7.9_doc/Classes/PHPExcel/Style/Fill.php':[
312,
],
'project:PHPExcel_1.7.9_doc/Classes/PHPExcel/Style/Font.php':[
518,
],
'project:PHPExcel_1.7.9_doc/Classes/PHPExcel/Style/NumberFormat.php':[
365,
],
'project:PHPExcel_1.7.9_doc/Classes/PHPExcel/Style/Protection.php':[
200,
],
'project:PHPExcel_1.7.9_doc/Classes/PHPExcel/Worksheet.php':[
2572,
],
'project:PHPExcel_1.7.9_doc/Classes/PHPExcel/Worksheet/BaseDrawing.php':[
457,
],
'project:PHPExcel_1.7.9_doc/Classes/PHPExcel/Worksheet/Drawing.php':[
128,
],
'project:PHPExcel_1.7.9_doc/Classes/PHPExcel/Worksheet/Drawing/Shadow.php':[
263,
],
'project:PHPExcel_1.7.9_doc/Classes/PHPExcel/Worksheet/HeaderFooterDrawing.php':[
326,
],
'project:PHPExcel_1.7.9_doc/Classes/PHPExcel/Worksheet/MemoryDrawing.php':[
87,
178,
],
'project:PHPExcel_1.7.9_doc/Classes/PHPExcel/Writer/Excel2007/Drawing.php':[
540,
],
'project:PHPExcel_1.7.9_doc/Classes/PHPExcel/Writer/Excel2007/Worksheet.php':[
653,
],
'project:PHPExcel_1.7.9_doc/Classes/PHPExcel/Writer/Excel5/Worksheet.php':[
1663,
],
'project:PHPMailer/class.phpmailer.php':[
1609,
2089,
2828,
3254,
],
'project:PHPMailer/class.smtp.php':[
428,
436,
436,
],
'project:PHPMailer/extras/EasyPeasyICS.php':[
63,
],
'project:PHPMailer/test/phpmailerTest.php':[
802,
1349,
],
'project:symfony/Symfony/Bundle/SecurityBundle/DependencyInjection/SecurityExtension.php':[
608,
625,
625,
],
'project:symfony/Symfony/Component/DomCrawler/Field/FileFormField.php':[
66,
],
'project:symfony/Symfony/Component/Form/Extension/Csrf/CsrfProvider/DefaultCsrfProvider.php':[
53,
],
'project:symfony/Symfony/Component/Form/Tests/Extension/Csrf/CsrfProvider/DefaultCsrfProviderTest.php':[
45,
60,
68,
77,
],
'project:symfony/Symfony/Component/Form/Tests/Extension/Csrf/CsrfProvider/SessionCsrfProviderTest.php':[
47,
56,
67,
],
'project:symfony/Symfony/Component/HttpFoundation/Tests/ServerBagTest.php':[
94,
105,
],
'project:symfony/Symfony/Component/Security/Acl/Domain/DoctrineAclCache.php':[
209,
209,
210,
210,
],
'project:symfony/Symfony/Component/Security/Http/EntryPoint/DigestAuthenticationEntryPoint.php':[
46,
],
'project:symfony/Symfony/Component/Security/Http/Firewall/DigestAuthenticationListener.php':[
195,
202,
203,
214,
],
'project:symfony/Symfony/Component/Security/Http/Tests/Firewall/DigestDataTest.php':[
106,
146,
167,
169,
170,
170,
],
'project:symfony/Symfony/Component/Translation/Dumper/XliffFileDumper.php':[
44,
],
}
