{
'project:PHPExcel_1.7.9_doc/Classes/PHPExcel/Calculation/Token/Stack.php':[
110,
],
'project:PHPExcel_1.7.9_doc/Classes/PHPExcel/DocumentSecurity.php':[
91,
102,
112,
122,
132,
142,
152,
162,
173,
186,
197,
],
'project:PHPExcel_1.7.9_doc/Classes/PHPExcel/Shared/PCLZip/pclzip.lib.php':[
215,
271,
454,
643,
700,
857,
1006,
1065,
1089,
1162,
1221,
1272,
1288,
1334,
1373,
1426,
1826,
1870,
1999,
2124,
2159,
2338,
2372,
2399,
2463,
2525,
2798,
2910,
3022,
3067,
3120,
3149,
3236,
3275,
3615,
3966,
4042,
4154,
4277,
4380,
4488,
4525,
4682,
4992,
5047,
5232,
5292,
5309,
5327,
5361,
],
'project:PHPExcel_1.7.9_doc/Classes/PHPExcel/Shared/ZipStreamWrapper.php':[
136,
],
'project:PHPExcel_1.7.9_doc/Classes/PHPExcel/Shared/trend/bestFitClass.php':[
412,
],
'project:PHPExcel_1.7.9_doc/Classes/PHPExcel/Shared/trend/exponentialBestFitClass.php':[
142,
],
'project:PHPExcel_1.7.9_doc/Classes/PHPExcel/Shared/trend/linearBestFitClass.php':[
105,
],
'project:PHPExcel_1.7.9_doc/Classes/PHPExcel/Shared/trend/logarithmicBestFitClass.php':[
114,
],
'project:PHPExcel_1.7.9_doc/Classes/PHPExcel/Shared/trend/polynomialBestFitClass.php':[
209,
],
'project:PHPExcel_1.7.9_doc/Classes/PHPExcel/Shared/trend/powerBestFitClass.php':[
136,
],
'project:PHPExcel_1.7.9_doc/Classes/PHPExcel/Worksheet.php':[
392,
],
'project:PHPExcel_1.7.9_doc/Classes/PHPExcel/Worksheet/Protection.php':[
169,
193,
203,
213,
223,
233,
243,
253,
263,
273,
283,
293,
303,
313,
323,
333,
343,
353,
363,
373,
383,
393,
403,
413,
423,
433,
443,
453,
463,
473,
483,
493,
503,
513,
524,
],
'project:PHPExcel_1.7.9_doc/Classes/PHPExcel/Writer/Excel5/BIFFwriter.php':[
139,
172,
195,
229,
],
'project:PHPExcel_1.7.9_doc/Classes/PHPExcel/Writer/Excel5/Parser.php':[
139,
515,
576,
596,
616,
638,
676,
718,
748,
782,
804,
849,
909,
928,
940,
969,
1010,
1040,
1091,
1204,
1221,
1267,
1326,
1339,
1369,
1457,
1507,
1539,
],
'project:PHPExcel_1.7.9_doc/Classes/PHPExcel/Writer/Excel5/Workbook.php':[
357,
480,
],
'project:PHPExcel_1.7.9_doc/Classes/PHPExcel/Writer/Excel5/Worksheet.php':[
276,
589,
609,
623,
819,
1000,
1026,
1071,
1124,
2366,
2440,
2583,
2613,
],
'project:PHPExcel_1.7.9_doc/Classes/PHPExcel/Writer/Excel5/Xf.php':[
169,
285,
296,
307,
318,
329,
341,
352,
364,
],
'project:PHPMailer/extras/ntlm_sasl_client.php':[
24,
39,
46,
67,
90,
140,
161,
],
'project:stackphp-0.5beta1-source/examples/index.php':[
8,
],
'project:stackphp-0.5beta1-source/src/api_exception.php':[
23,
],
'project:stackphp-0.5beta1-source/src/badge_request.php':[
13,
],
'project:stackphp-0.5beta1-source/src/event_request.php':[
13,
],
'project:stackphp-0.5beta1-source/src/filestore_cache.php':[
25,
],
'project:stackphp-0.5beta1-source/src/filter.php':[
52,
],
'project:stackphp-0.5beta1-source/src/inbox_item_request.php':[
13,
],
'project:stackphp-0.5beta1-source/src/output_element.php':[
25,
],
'project:stackphp-0.5beta1-source/src/paged_request.php':[
31,
],
'project:stackphp-0.5beta1-source/src/paged_response.php':[
47,
],
'project:stackphp-0.5beta1-source/src/paged_site_response.php':[
16,
],
'project:stackphp-0.5beta1-source/src/post_request.php':[
16,
],
'project:stackphp-0.5beta1-source/src/question_request.php':[
13,
],
'project:stackphp-0.5beta1-source/src/site.php':[
33,
],
'project:stackphp-0.5beta1-source/src/sql_cache.php':[
45,
],
'project:stackphp-0.5beta1-source/src/suggested_edit_request.php':[
13,
],
'project:stackphp-0.5beta1-source/src/table_column.php':[
25,
],
'project:stackphp-0.5beta1-source/src/tag_request.php':[
15,
],
'project:stackphp-0.5beta1-source/src/tag_synonym_request.php':[
12,
],
'project:stackphp-0.5beta1-source/src/url.php':[
66,
],
'project:stackphp-0.5beta1-source/src/user_request.php':[
18,
],
'project:stackphp-0.5beta1-source/tests/api_test.php':[
13,
],
'project:stackphp-0.5beta1-source/tests/cache_test.php':[
16,
],
'project:stackphp-0.5beta1-source/tests/filter_test.php':[
14,
],
'project:stackphp-0.5beta1-source/tests/global_test.php':[
14,
],
'project:stackphp-0.5beta1-source/tests/question_test.php':[
15,
],
'project:stackphp-0.5beta1-source/tests/url_test.php':[
16,
],
'project:stackphp-0.5beta1-source/tests/user_test.php':[
15,
],
}
