{
'project:PHPExcel_1.7.9_doc/Classes/PHPExcel.php':[
808,
],
'project:PHPExcel_1.7.9_doc/Classes/PHPExcel/Calculation.php':[
1959,
2226,
2366,
2491,
2534,
2577,
2643,
2731,
3089,
3515,
3589,
3687,
3745,
],
'project:PHPExcel_1.7.9_doc/Classes/PHPExcel/Calculation/Database.php':[
98,
],
'project:PHPExcel_1.7.9_doc/Classes/PHPExcel/Calculation/DateTime.php':[
292,
386,
481,
618,
791,
886,
968,
1106,
],
'project:PHPExcel_1.7.9_doc/Classes/PHPExcel/Calculation/Engineering.php':[
796,
848,
1640,
2421,
],
'project:PHPExcel_1.7.9_doc/Classes/PHPExcel/Calculation/Financial.php':[
1336,
2106,
],
'project:PHPExcel_1.7.9_doc/Classes/PHPExcel/Calculation/FormulaParser.php':[
156,
],
'project:PHPExcel_1.7.9_doc/Classes/PHPExcel/Calculation/Functions.php':[
594,
626,
693,
],
'project:PHPExcel_1.7.9_doc/Classes/PHPExcel/Calculation/Logical.php':[
103,
158,
],
'project:PHPExcel_1.7.9_doc/Classes/PHPExcel/Calculation/LookupRef.php':[
70,
186,
364,
490,
603,
693,
753,
],
'project:PHPExcel_1.7.9_doc/Classes/PHPExcel/Calculation/MathTrig.php':[
347,
452,
605,
846,
],
'project:PHPExcel_1.7.9_doc/Classes/PHPExcel/Calculation/Statistical.php':[
262,
700,
790,
922,
980,
1046,
1330,
1434,
1623,
2612,
2735,
2997,
3044,
3096,
3143,
3279,
3456,
3551,
],
'project:PHPExcel_1.7.9_doc/Classes/PHPExcel/Calculation/TextData.php':[
139,
232,
268,
517,
],
'project:PHPExcel_1.7.9_doc/Classes/PHPExcel/Cell.php':[
810,
],
'project:PHPExcel_1.7.9_doc/Classes/PHPExcel/Cell/AdvancedValueBinder.php':[
55,
],
'project:PHPExcel_1.7.9_doc/Classes/PHPExcel/Chart/DataSeriesValues.php':[
280,
],
'project:PHPExcel_1.7.9_doc/Classes/PHPExcel/Chart/Renderer/jpgraph.php':[
266,
329,
595,
],
'project:PHPExcel_1.7.9_doc/Classes/PHPExcel/Reader/CSV.php':[
242,
],
'project:PHPExcel_1.7.9_doc/Classes/PHPExcel/Reader/Excel2003XML.php':[
159,
293,
],
'project:PHPExcel_1.7.9_doc/Classes/PHPExcel/Reader/Excel2007.php':[
78,
165,
339,
1736,
1872,
],
'project:PHPExcel_1.7.9_doc/Classes/PHPExcel/Reader/Excel2007/Chart.php':[
63,
393,
],
'project:PHPExcel_1.7.9_doc/Classes/PHPExcel/Reader/Excel5.php':[
568,
1772,
2055,
2563,
3376,
3551,
4245,
5040,
5204,
5976,
],
'project:PHPExcel_1.7.9_doc/Classes/PHPExcel/Reader/Gnumeric.php':[
145,
230,
],
'project:PHPExcel_1.7.9_doc/Classes/PHPExcel/Reader/HTML.php':[
208,
],
'project:PHPExcel_1.7.9_doc/Classes/PHPExcel/Reader/OOCalc.php':[
70,
120,
170,
324,
],
'project:PHPExcel_1.7.9_doc/Classes/PHPExcel/Reader/SYLK.php':[
221,
],
'project:PHPExcel_1.7.9_doc/Classes/PHPExcel/ReferenceHelper.php':[
383,
648,
],
'project:PHPExcel_1.7.9_doc/Classes/PHPExcel/Shared/File.php':[
135,
],
'project:PHPExcel_1.7.9_doc/Classes/PHPExcel/Shared/Font.php':[
426,
],
'project:PHPExcel_1.7.9_doc/Classes/PHPExcel/Shared/JAMA/CholeskyDecomposition.php':[
48,
108,
],
'project:PHPExcel_1.7.9_doc/Classes/PHPExcel/Shared/JAMA/EigenvalueDecomposition.php':[
76,
185,
291,
398,
],
'project:PHPExcel_1.7.9_doc/Classes/PHPExcel/Shared/JAMA/LUDecomposition.php':[
63,
224,
],
'project:PHPExcel_1.7.9_doc/Classes/PHPExcel/Shared/JAMA/Matrix.php':[
66,
171,
460,
546,
634,
685,
851,
942,
],
'project:PHPExcel_1.7.9_doc/Classes/PHPExcel/Shared/JAMA/QRDecomposition.php':[
54,
156,
194,
],
'project:PHPExcel_1.7.9_doc/Classes/PHPExcel/Shared/JAMA/SingularValueDecomposition.php':[
61,
],
'project:PHPExcel_1.7.9_doc/Classes/PHPExcel/Shared/OLE.php':[
266,
],
'project:PHPExcel_1.7.9_doc/Classes/PHPExcel/Shared/OLE/PPS/Root.php':[
127,
180,
258,
307,
387,
],
'project:PHPExcel_1.7.9_doc/Classes/PHPExcel/Shared/PCLZip/pclzip.lib.php':[
271,
454,
700,
857,
1426,
1870,
1999,
2159,
2525,
2910,
3275,
3615,
4042,
4154,
4525,
4682,
5047,
5396,
5477,
5554,
],
'project:PHPExcel_1.7.9_doc/Classes/PHPExcel/Shared/trend/bestFitClass.php':[
314,
],
'project:PHPExcel_1.7.9_doc/Classes/PHPExcel/Shared/trend/trendClass.php':[
87,
],
'project:PHPExcel_1.7.9_doc/Classes/PHPExcel/Style.php':[
198,
],
'project:PHPExcel_1.7.9_doc/Classes/PHPExcel/Style/Alignment.php':[
156,
],
'project:PHPExcel_1.7.9_doc/Classes/PHPExcel/Style/Borders.php':[
227,
],
'project:PHPExcel_1.7.9_doc/Classes/PHPExcel/Style/Fill.php':[
162,
],
'project:PHPExcel_1.7.9_doc/Classes/PHPExcel/Style/Font.php':[
187,
],
'project:PHPExcel_1.7.9_doc/Classes/PHPExcel/Style/NumberFormat.php':[
544,
],
'project:PHPExcel_1.7.9_doc/Classes/PHPExcel/Worksheet.php':[
687,
794,
1100,
1197,
2357,
2403,
],
'project:PHPExcel_1.7.9_doc/Classes/PHPExcel/Worksheet/AutoFilter.php':[
356,
602,
],
'project:PHPExcel_1.7.9_doc/Classes/PHPExcel/Worksheet/PageSetup.php':[
645,
],
'project:PHPExcel_1.7.9_doc/Classes/PHPExcel/Writer/Excel2007.php':[
167,
],
'project:PHPExcel_1.7.9_doc/Classes/PHPExcel/Writer/Excel2007/Chart.php':[
222,
687,
918,
],
'project:PHPExcel_1.7.9_doc/Classes/PHPExcel/Writer/Excel2007/ContentTypes.php':[
46,
],
'project:PHPExcel_1.7.9_doc/Classes/PHPExcel/Writer/Excel2007/StringTable.php':[
150,
],
'project:PHPExcel_1.7.9_doc/Classes/PHPExcel/Writer/Excel2007/Style.php':[
277,
394,
463,
],
'project:PHPExcel_1.7.9_doc/Classes/PHPExcel/Writer/Excel2007/Worksheet.php':[
202,
361,
426,
461,
536,
743,
953,
1050,
],
'project:PHPExcel_1.7.9_doc/Classes/PHPExcel/Writer/Excel5.php':[
118,
412,
563,
764,
],
'project:PHPExcel_1.7.9_doc/Classes/PHPExcel/Writer/Excel5/Escher.php':[
75,
],
'project:PHPExcel_1.7.9_doc/Classes/PHPExcel/Writer/Excel5/Parser.php':[
1091,
],
'project:PHPExcel_1.7.9_doc/Classes/PHPExcel/Writer/Excel5/Workbook.php':[
558,
652,
1297,
],
'project:PHPExcel_1.7.9_doc/Classes/PHPExcel/Writer/Excel5/Worksheet.php':[
276,
866,
1732,
2816,
3024,
3635,
],
'project:PHPExcel_1.7.9_doc/Classes/PHPExcel/Writer/Excel5/Xf.php':[
169,
],
'project:PHPExcel_1.7.9_doc/Classes/PHPExcel/Writer/HTML.php':[
356,
509,
567,
715,
1014,
1077,
1417,
],
'project:PHPMailer/class.phpmailer.php':[
1053,
1110,
1175,
1245,
1453,
1604,
1769,
2068,
2816,
],
'project:PHPMailer/class.smtp.php':[
293,
496,
835,
],
'project:PHPMailer/extras/class.html2text.php':[
564,
],
'project:PHPMailer/extras/htmlfilter.php':[
156,
517,
592,
],
'project:PHP_CodeSniffer/CodeSniffer.php':[
391,
546,
732,
876,
1036,
1138,
1306,
1754,
1867,
1944,
],
'project:PHP_CodeSniffer/CodeSniffer/CLI.php':[
179,
302,
515,
],
'project:PHP_CodeSniffer/CodeSniffer/CommentParser/AbstractDocElement.php':[
129,
],
'project:PHP_CodeSniffer/CodeSniffer/CommentParser/AbstractParser.php':[
266,
],
'project:PHP_CodeSniffer/CodeSniffer/CommentParser/CommentElement.php':[
102,
],
'project:PHP_CodeSniffer/CodeSniffer/DocGenerators/Text.php':[
138,
],
'project:PHP_CodeSniffer/CodeSniffer/File.php':[
410,
677,
734,
866,
1136,
1249,
1339,
1390,
1483,
1823,
2149,
2361,
2509,
2640,
2707,
2765,
],
'project:PHP_CodeSniffer/CodeSniffer/Reporting.php':[
115,
237,
],
'project:PHP_CodeSniffer/CodeSniffer/Reports/Full.php':[
49,
],
'project:PHP_CodeSniffer/CodeSniffer/Reports/Junit.php':[
54,
],
'project:PHP_CodeSniffer/CodeSniffer/Reports/Source.php':[
98,
185,
],
'project:PHP_CodeSniffer/CodeSniffer/Reports/VersionControl.php':[
75,
162,
],
'project:PHP_CodeSniffer/CodeSniffer/Standards/AbstractPatternSniff.php':[
275,
787,
],
'project:PHP_CodeSniffer/CodeSniffer/Standards/AbstractVariableSniff.php':[
96,
],
'project:PHP_CodeSniffer/CodeSniffer/Standards/Generic/Sniffs/CodeAnalysis/UnusedFunctionParameterSniff.php':[
59,
],
'project:PHP_CodeSniffer/CodeSniffer/Standards/Generic/Sniffs/CodeAnalysis/UselessOverridingMethodSniff.php':[
64,
],
'project:PHP_CodeSniffer/CodeSniffer/Standards/Generic/Sniffs/ControlStructures/InlineControlStructureSniff.php':[
80,
],
'project:PHP_CodeSniffer/CodeSniffer/Standards/Generic/Sniffs/Debug/ClosureLinterSniff.php':[
77,
],
'project:PHP_CodeSniffer/CodeSniffer/Standards/Generic/Sniffs/Debug/JSHintSniff.php':[
63,
],
'project:PHP_CodeSniffer/CodeSniffer/Standards/Generic/Sniffs/Formatting/MultipleStatementAlignmentSniff.php':[
92,
],
'project:PHP_CodeSniffer/CodeSniffer/Standards/Generic/Sniffs/Functions/FunctionCallArgumentSpacingSniff.php':[
55,
],
'project:PHP_CodeSniffer/CodeSniffer/Standards/Generic/Sniffs/Strings/UnnecessaryStringConcatSniff.php':[
74,
],
'project:PHP_CodeSniffer/CodeSniffer/Standards/Generic/Sniffs/VersionControl/SubversionPropertiesSniff.php':[
138,
],
'project:PHP_CodeSniffer/CodeSniffer/Standards/Generic/Sniffs/WhiteSpace/ScopeIndentSniff.php':[
106,
370,
],
'project:PHP_CodeSniffer/CodeSniffer/Standards/MySource/Sniffs/Channels/DisallowSelfActionsSniff.php':[
51,
],
'project:PHP_CodeSniffer/CodeSniffer/Standards/MySource/Sniffs/Channels/IncludeSystemSniff.php':[
78,
222,
],
'project:PHP_CodeSniffer/CodeSniffer/Standards/MySource/Sniffs/Channels/UnusedSystemSniff.php':[
51,
],
'project:PHP_CodeSniffer/CodeSniffer/Standards/MySource/Sniffs/Commenting/FunctionCommentSniff.php':[
46,
],
'project:PHP_CodeSniffer/CodeSniffer/Standards/MySource/Sniffs/Objects/CreateWidgetTypeCallbackSniff.php':[
58,
],
'project:PHP_CodeSniffer/CodeSniffer/Standards/MySource/Sniffs/PHP/EvalObjectFactorySniff.php':[
51,
],
'project:PHP_CodeSniffer/CodeSniffer/Standards/MySource/Sniffs/PHP/GetRequestDataSniff.php':[
51,
],
'project:PHP_CodeSniffer/CodeSniffer/Standards/PEAR/Sniffs/Commenting/ClassCommentSniff.php':[
77,
],
'project:PHP_CodeSniffer/CodeSniffer/Standards/PEAR/Sniffs/Commenting/FileCommentSniff.php':[
147,
351,
710,
],
'project:PHP_CodeSniffer/CodeSniffer/Standards/PEAR/Sniffs/Commenting/FunctionCommentSniff.php':[
107,
310,
],
'project:PHP_CodeSniffer/CodeSniffer/Standards/PEAR/Sniffs/ControlStructures/MultiLineConditionSniff.php':[
63,
],
'project:PHP_CodeSniffer/CodeSniffer/Standards/PEAR/Sniffs/Files/IncludingFileSniff.php':[
74,
],
'project:PHP_CodeSniffer/CodeSniffer/Standards/PEAR/Sniffs/Functions/FunctionCallSignatureSniff.php':[
232,
],
'project:PHP_CodeSniffer/CodeSniffer/Standards/PEAR/Sniffs/Functions/FunctionDeclarationSniff.php':[
63,
187,
],
'project:PHP_CodeSniffer/CodeSniffer/Standards/PEAR/Sniffs/NamingConventions/ValidClassNameSniff.php':[
59,
],
'project:PHP_CodeSniffer/CodeSniffer/Standards/PEAR/Sniffs/NamingConventions/ValidFunctionNameSniff.php':[
89,
182,
],
'project:PHP_CodeSniffer/CodeSniffer/Standards/PEAR/Sniffs/WhiteSpace/ObjectOperatorIndentSniff.php':[
61,
],
'project:PHP_CodeSniffer/CodeSniffer/Standards/PSR1/Sniffs/Files/SideEffectsSniff.php':[
92,
],
'project:PHP_CodeSniffer/CodeSniffer/Standards/PSR2/Sniffs/Classes/ClassDeclarationSniff.php':[
65,
],
'project:PHP_CodeSniffer/CodeSniffer/Standards/PSR2/Sniffs/ControlStructures/SwitchDeclarationSniff.php':[
60,
],
'project:PHP_CodeSniffer/CodeSniffer/Standards/Squiz/Sniffs/Arrays/ArrayDeclarationSniff.php':[
53,
],
'project:PHP_CodeSniffer/CodeSniffer/Standards/Squiz/Sniffs/CSS/IndentationSniff.php':[
67,
],
'project:PHP_CodeSniffer/CodeSniffer/Standards/Squiz/Sniffs/CSS/LowercaseStyleDefinitionSniff.php':[
60,
],
'project:PHP_CodeSniffer/CodeSniffer/Standards/Squiz/Sniffs/Classes/ClassDeclarationSniff.php':[
113,
],
'project:PHP_CodeSniffer/CodeSniffer/Standards/Squiz/Sniffs/Classes/SelfMemberReferenceSniff.php':[
63,
],
'project:PHP_CodeSniffer/CodeSniffer/Standards/Squiz/Sniffs/Commenting/BlockCommentSniff.php':[
58,
],
'project:PHP_CodeSniffer/CodeSniffer/Standards/Squiz/Sniffs/Commenting/ClassCommentSniff.php':[
68,
],
'project:PHP_CodeSniffer/CodeSniffer/Standards/Squiz/Sniffs/Commenting/ClosingDeclarationCommentSniff.php':[
59,
],
'project:PHP_CodeSniffer/CodeSniffer/Standards/Squiz/Sniffs/Commenting/DocCommentAlignmentSniff.php':[
55,
],
'project:PHP_CodeSniffer/CodeSniffer/Standards/Squiz/Sniffs/Commenting/FileCommentSniff.php':[
94,
296,
],
'project:PHP_CodeSniffer/CodeSniffer/Standards/Squiz/Sniffs/Commenting/FunctionCommentSniff.php':[
117,
317,
361,
498,
555,
],
'project:PHP_CodeSniffer/CodeSniffer/Standards/Squiz/Sniffs/Commenting/FunctionCommentThrowTagSniff.php':[
60,
],
'project:PHP_CodeSniffer/CodeSniffer/Standards/Squiz/Sniffs/Commenting/InlineCommentSniff.php':[
67,
],
'project:PHP_CodeSniffer/CodeSniffer/Standards/Squiz/Sniffs/Commenting/LongConditionClosingCommentSniff.php':[
86,
],
'project:PHP_CodeSniffer/CodeSniffer/Standards/Squiz/Sniffs/Commenting/VariableCommentSniff.php':[
66,
],
'project:PHP_CodeSniffer/CodeSniffer/Standards/Squiz/Sniffs/ControlStructures/ForEachLoopDeclarationSniff.php':[
70,
],
'project:PHP_CodeSniffer/CodeSniffer/Standards/Squiz/Sniffs/ControlStructures/ForLoopDeclarationSniff.php':[
79,
],
'project:PHP_CodeSniffer/CodeSniffer/Standards/Squiz/Sniffs/ControlStructures/SwitchDeclarationSniff.php':[
73,
],
'project:PHP_CodeSniffer/CodeSniffer/Standards/Squiz/Sniffs/Debug/JSLintSniff.php':[
61,
],
'project:PHP_CodeSniffer/CodeSniffer/Standards/Squiz/Sniffs/Debug/JavaScriptLintSniff.php':[
60,
],
'project:PHP_CodeSniffer/CodeSniffer/Standards/Squiz/Sniffs/Formatting/OperatorBracketSniff.php':[
65,
],
'project:PHP_CodeSniffer/CodeSniffer/Standards/Squiz/Sniffs/Functions/FunctionDeclarationArgumentSpacingSniff.php':[
109,
],
'project:PHP_CodeSniffer/CodeSniffer/Standards/Squiz/Sniffs/Functions/MultiLineFunctionDeclarationSniff.php':[
91,
],
'project:PHP_CodeSniffer/CodeSniffer/Standards/Squiz/Sniffs/NamingConventions/ValidVariableNameSniff.php':[
57,
194,
],
'project:PHP_CodeSniffer/CodeSniffer/Standards/Squiz/Sniffs/Operators/ComparisonOperatorUsageSniff.php':[
120,
],
'project:PHP_CodeSniffer/CodeSniffer/Standards/Squiz/Sniffs/Operators/IncrementDecrementUsageSniff.php':[
130,
],
'project:PHP_CodeSniffer/CodeSniffer/Standards/Squiz/Sniffs/PHP/CommentedOutCodeSniff.php':[
72,
],
'project:PHP_CodeSniffer/CodeSniffer/Standards/Squiz/Sniffs/PHP/DisallowMultipleAssignmentsSniff.php':[
56,
],
'project:PHP_CodeSniffer/CodeSniffer/Standards/Squiz/Sniffs/PHP/DisallowSizeFunctionsInLoopsSniff.php':[
80,
],
'project:PHP_CodeSniffer/CodeSniffer/Standards/Squiz/Sniffs/PHP/NonExecutableCodeSniff.php':[
62,
],
'project:PHP_CodeSniffer/CodeSniffer/Standards/Squiz/Sniffs/Strings/DoubleQuoteUsageSniff.php':[
58,
],
'project:PHP_CodeSniffer/CodeSniffer/Standards/Squiz/Sniffs/WhiteSpace/ControlStructureSpacingSniff.php':[
74,
],
'project:PHP_CodeSniffer/CodeSniffer/Standards/Squiz/Sniffs/WhiteSpace/FunctionOpeningBraceSpaceSniff.php':[
65,
],
'project:PHP_CodeSniffer/CodeSniffer/Standards/Squiz/Sniffs/WhiteSpace/FunctionSpacingSniff.php':[
62,
],
'project:PHP_CodeSniffer/CodeSniffer/Standards/Squiz/Sniffs/WhiteSpace/OperatorSpacingSniff.php':[
75,
],
'project:PHP_CodeSniffer/CodeSniffer/Standards/Squiz/Sniffs/WhiteSpace/SuperfluousWhitespaceSniff.php':[
82,
],
'project:PHP_CodeSniffer/CodeSniffer/Standards/Zend/Sniffs/Debug/CodeAnalyzerSniff.php':[
55,
],
'project:PHP_CodeSniffer/CodeSniffer/Standards/Zend/Sniffs/NamingConventions/ValidVariableNameSniff.php':[
57,
201,
],
'project:PHP_CodeSniffer/CodeSniffer/Tokenizers/CSS.php':[
44,
],
'project:PHP_CodeSniffer/CodeSniffer/Tokenizers/JS.php':[
256,
842,
974,
],
'project:PHP_CodeSniffer/CodeSniffer/Tokenizers/PHP.php':[
273,
596,
],
'project:PHP_CodeSniffer/tests/Standards/AbstractSniffUnitTest.php':[
150,
],
'project:PHP_CodeSniffer/tests/Standards/AllSniffs.php':[
61,
],
'project:symfony/Symfony/Bridge/Doctrine/DependencyInjection/AbstractDoctrineExtension.php':[
48,
186,
324,
],
'project:symfony/Symfony/Bridge/Doctrine/DependencyInjection/CompilerPass/RegisterEventListenersAndSubscribersPass.php':[
50,
101,
],
'project:symfony/Symfony/Bridge/Doctrine/Form/Type/DoctrineType.php':[
61,
],
'project:symfony/Symfony/Bridge/Doctrine/Logger/DbalLogger.php':[
46,
],
'project:symfony/Symfony/Bridge/Doctrine/Validator/Constraints/UniqueEntityValidator.php':[
47,
],
'project:symfony/Symfony/Bridge/Propel1/Form/ChoiceList/ModelChoiceList.php':[
173,
227,
],
'project:symfony/Symfony/Bridge/Propel1/Form/EventListener/TranslationCollectionFormListener.php':[
42,
],
'project:symfony/Symfony/Bridge/Propel1/Form/PropelTypeGuesser.php':[
31,
],
'project:symfony/Symfony/Bridge/Twig/Form/TwigRendererEngine.php':[
79,
],
'project:symfony/Symfony/Bridge/Twig/Node/SearchAndRenderBlockNode.php':[
19,
],
'project:symfony/Symfony/Bridge/Twig/NodeVisitor/TranslationDefaultDomainNodeVisitor.php':[
40,
],
'project:symfony/Symfony/Bundle/FrameworkBundle/Command/AssetsInstallCommand.php':[
68,
],
'project:symfony/Symfony/Bundle/FrameworkBundle/Command/ConfigDumpReferenceCommand.php':[
63,
],
'project:symfony/Symfony/Bundle/FrameworkBundle/Command/TranslationUpdateCommand.php':[
77,
],
'project:symfony/Symfony/Bundle/FrameworkBundle/Console/Descriptor/MarkdownDescriptor.php':[
118,
],
'project:symfony/Symfony/Bundle/FrameworkBundle/Console/Descriptor/TextDescriptor.php':[
30,
156,
],
'project:symfony/Symfony/Bundle/FrameworkBundle/Console/Descriptor/XmlDescriptor.php':[
295,
],
'project:symfony/Symfony/Bundle/FrameworkBundle/Controller/RedirectController.php':[
84,
],
'project:symfony/Symfony/Bundle/FrameworkBundle/DependencyInjection/FrameworkExtension.php':[
226,
574,
],
'project:symfony/Symfony/Bundle/FrameworkBundle/Translation/PhpExtractor.php':[
96,
],
'project:symfony/Symfony/Bundle/SecurityBundle/DependencyInjection/MainConfiguration.php':[
187,
],
'project:symfony/Symfony/Bundle/SecurityBundle/DependencyInjection/Security/Factory/RememberMeFactory.php':[
32,
],
'project:symfony/Symfony/Bundle/SecurityBundle/DependencyInjection/SecurityExtension.php':[
248,
],
'project:symfony/Symfony/Bundle/TwigBundle/DependencyInjection/TwigExtension.php':[
34,
],
'project:symfony/Symfony/Component/BrowserKit/Cookie.php':[
133,
],
'project:symfony/Symfony/Component/BrowserKit/CookieJar.php':[
53,
208,
],
'project:symfony/Symfony/Component/BrowserKit/Response.php':[
124,
],
'project:symfony/Symfony/Component/ClassLoader/ClassCollectionLoader.php':[
37,
137,
],
'project:symfony/Symfony/Component/ClassLoader/ClassLoader.php':[
165,
],
'project:symfony/Symfony/Component/ClassLoader/ClassMapGenerator.php':[
83,
],
'project:symfony/Symfony/Component/ClassLoader/UniversalClassLoader.php':[
264,
],
'project:symfony/Symfony/Component/Config/Definition/Builder/ArrayNodeDefinition.php':[
348,
],
'project:symfony/Symfony/Component/Config/Definition/Dumper/XmlReferenceDumper.php':[
50,
],
'project:symfony/Symfony/Component/Config/Definition/Dumper/YamlReferenceDumper.php':[
50,
],
'project:symfony/Symfony/Component/Config/Definition/PrototypedArrayNode.php':[
226,
],
'project:symfony/Symfony/Component/Config/FileLocator.php':[
44,
],
'project:symfony/Symfony/Component/Config/Loader/FileLoader.php':[
64,
],
'project:symfony/Symfony/Component/Config/Util/XmlUtils.php':[
41,
119,
],
'project:symfony/Symfony/Component/Console/Application.php':[
110,
682,
842,
1061,
],
'project:symfony/Symfony/Component/Console/Descriptor/TextDescriptor.php':[
147,
],
'project:symfony/Symfony/Component/Console/Descriptor/XmlDescriptor.php':[
231,
],
'project:symfony/Symfony/Component/Console/Helper/DialogHelper.php':[
99,
],
'project:symfony/Symfony/Component/Console/Input/ArgvInput.php':[
210,
],
'project:symfony/Symfony/Component/CssSelector/Parser/Parser.php':[
178,
335,
],
'project:symfony/Symfony/Component/Debug/ErrorHandler.php':[
116,
],
'project:symfony/Symfony/Component/Debug/Exception/FlattenException.php':[
173,
],
'project:symfony/Symfony/Component/Debug/ExceptionHandler.php':[
125,
],
'project:symfony/Symfony/Component/Debug/FatalErrorHandler/ClassNotFoundFatalErrorHandler.php':[
92,
],
'project:symfony/Symfony/Component/Debug/FatalErrorHandler/UndefinedFunctionFatalErrorHandler.php':[
27,
],
'project:symfony/Symfony/Component/DependencyInjection/Compiler/CheckDefinitionValidityPass.php':[
40,
],
'project:symfony/Symfony/Component/DependencyInjection/Compiler/CheckReferenceValidityPass.php':[
46,
],
'project:symfony/Symfony/Component/DependencyInjection/Compiler/InlineServiceDefinitionsPass.php':[
81,
],
'project:symfony/Symfony/Component/DependencyInjection/Compiler/RemoveUnusedDefinitionsPass.php':[
38,
],
'project:symfony/Symfony/Component/DependencyInjection/Compiler/ResolveDefinitionTemplatesPass.php':[
64,
],
'project:symfony/Symfony/Component/DependencyInjection/Container.php':[
262,
],
'project:symfony/Symfony/Component/DependencyInjection/ContainerBuilder.php':[
459,
917,
],
'project:symfony/Symfony/Component/DependencyInjection/Dumper/GraphvizDumper.php':[
131,
],
'project:symfony/Symfony/Component/DependencyInjection/Dumper/PhpDumper.php':[
252,
510,
644,
689,
1139,
1178,
],
'project:symfony/Symfony/Component/DependencyInjection/Dumper/XmlDumper.php':[
111,
236,
],
'project:symfony/Symfony/Component/DependencyInjection/Dumper/YamlDumper.php':[
71,
],
'project:symfony/Symfony/Component/DependencyInjection/Loader/XmlFileLoader.php':[
133,
288,
],
'project:symfony/Symfony/Component/DependencyInjection/Loader/YamlFileLoader.php':[
128,
],
'project:symfony/Symfony/Component/DependencyInjection/SimpleXMLElement.php':[
44,
],
'project:symfony/Symfony/Component/DomCrawler/Field/ChoiceFormField.php':[
124,
207,
],
'project:symfony/Symfony/Component/EventDispatcher/ContainerAwareEventDispatcher.php':[
75,
],
'project:symfony/Symfony/Component/EventDispatcher/Debug/TraceableEventDispatcher.php':[
143,
212,
],
'project:symfony/Symfony/Component/EventDispatcher/DependencyInjection/RegisterListenersPass.php':[
51,
],
'project:symfony/Symfony/Component/ExpressionLanguage/Compiler.php':[
113,
],
'project:symfony/Symfony/Component/ExpressionLanguage/Lexer.php':[
30,
],
'project:symfony/Symfony/Component/ExpressionLanguage/Parser.php':[
166,
289,
],
'project:symfony/Symfony/Component/Filesystem/Filesystem.php':[
132,
269,
356,
],
'project:symfony/Symfony/Component/Finder/Adapter/AbstractFindAdapter.php':[
46,
153,
201,
],
'project:symfony/Symfony/Component/Finder/Expression/Glob.php':[
101,
],
'project:symfony/Symfony/Component/Finder/Glob.php':[
47,
],
'project:symfony/Symfony/Component/Form/Extension/Core/ChoiceList/ObjectChoiceList.php':[
110,
],
'project:symfony/Symfony/Component/Form/Extension/Core/DataTransformer/DateTimeToArrayTransformer.php':[
119,
],
'project:symfony/Symfony/Component/Form/Extension/Core/DataTransformer/DateTimeToStringTransformer.php':[
131,
],
'project:symfony/Symfony/Component/Form/Extension/Core/DataTransformer/NumberToLocalizedStringTransformer.php':[
160,
],
'project:symfony/Symfony/Component/Form/Extension/Core/EventListener/MergeCollectionListener.php':[
57,
],
'project:symfony/Symfony/Component/Form/Extension/Core/EventListener/ResizeFormListener.php':[
98,
132,
],
'project:symfony/Symfony/Component/Form/Extension/Core/Type/DateTimeType.php':[
70,
],
'project:symfony/Symfony/Component/Form/Extension/Core/Type/TimeType.php':[
31,
],
'project:symfony/Symfony/Component/Form/Extension/HttpFoundation/HttpFoundationRequestHandler.php':[
30,
],
'project:symfony/Symfony/Component/Form/Extension/Templating/TemplatingRendererEngine.php':[
57,
],
'project:symfony/Symfony/Component/Form/Extension/Validator/Constraints/FormValidator.php':[
43,
],
'project:symfony/Symfony/Component/Form/Extension/Validator/ViolationMapper/ViolationMapper.php':[
35,
149,
],
'project:symfony/Symfony/Component/Form/Extension/Validator/ViolationMapper/ViolationPath.php':[
54,
],
'project:symfony/Symfony/Component/Form/Form.php':[
297,
496,
825,
],
'project:symfony/Symfony/Component/Form/FormRenderer.php':[
165,
],
'project:symfony/Symfony/Component/Form/NativeRequestHandler.php':[
39,
],
'project:symfony/Symfony/Component/HttpFoundation/BinaryFileResponse.php':[
161,
],
'project:symfony/Symfony/Component/HttpFoundation/ParameterBag.php':[
103,
],
'project:symfony/Symfony/Component/HttpFoundation/Request.php':[
301,
1511,
1663,
],
'project:symfony/Symfony/Component/HttpFoundation/Response.php':[
267,
371,
],
'project:symfony/Symfony/Component/HttpFoundation/ServerBag.php':[
28,
],
'project:symfony/Symfony/Component/HttpKernel/DataCollector/RequestDataCollector.php':[
40,
],
'project:symfony/Symfony/Component/HttpKernel/Fragment/InlineFragmentRenderer.php':[
51,
],
'project:symfony/Symfony/Component/HttpKernel/Kernel.php':[
273,
469,
],
'project:symfony/Symfony/Component/HttpKernel/Profiler/BaseMemcacheProfilerStorage.php':[
43,
],
'project:symfony/Symfony/Component/HttpKernel/Profiler/FileProfilerStorage.php':[
51,
],
'project:symfony/Symfony/Component/HttpKernel/Profiler/RedisProfilerStorage.php':[
54,
],
'project:symfony/Symfony/Component/Intl/NumberFormatter/NumberFormatter.php':[
846,
],
'project:symfony/Symfony/Component/Intl/ResourceBundle/Reader/StructuredBundleReader.php':[
59,
],
'project:symfony/Symfony/Component/OptionsResolver/OptionsResolver.php':[
318,
],
'project:symfony/Symfony/Component/Process/ExecutableFinder.php':[
53,
],
'project:symfony/Symfony/Component/Process/Process.php':[
682,
],
'project:symfony/Symfony/Component/Process/ProcessPipes.php':[
182,
],
'project:symfony/Symfony/Component/PropertyAccess/PropertyAccessor.php':[
119,
201,
295,
],
'project:symfony/Symfony/Component/PropertyAccess/StringUtil.php':[
126,
],
'project:symfony/Symfony/Component/Routing/Generator/UrlGenerator.php':[
148,
],
'project:symfony/Symfony/Component/Routing/Loader/AnnotationClassLoader.php':[
209,
],
'project:symfony/Symfony/Component/Routing/Loader/AnnotationFileLoader.php':[
87,
],
'project:symfony/Symfony/Component/Routing/Matcher/ApacheUrlMatcher.php':[
39,
],
'project:symfony/Symfony/Component/Routing/Matcher/Dumper/ApacheMatcherDumper.php':[
42,
123,
],
'project:symfony/Symfony/Component/Routing/Matcher/Dumper/PhpMatcherDumper.php':[
199,
],
'project:symfony/Symfony/Component/Routing/Matcher/TraceableUrlMatcher.php':[
43,
],
'project:symfony/Symfony/Component/Routing/Matcher/UrlMatcher.php':[
124,
],
'project:symfony/Symfony/Component/Routing/RouteCompiler.php':[
83,
204,
],
'project:symfony/Symfony/Component/Routing/Tests/Fixtures/dumper/url_matcher1.php':[
23,
],
'project:symfony/Symfony/Component/Routing/Tests/Fixtures/dumper/url_matcher2.php':[
23,
],
'project:symfony/Symfony/Component/Security/Acl/Dbal/AclProvider.php':[
90,
486,
],
'project:symfony/Symfony/Component/Security/Acl/Dbal/MutableAclProvider.php':[
165,
233,
827,
],
'project:symfony/Symfony/Component/Security/Acl/Domain/PermissionGrantingStrategy.php':[
137,
],
'project:symfony/Symfony/Component/Security/Acl/Tests/Dbal/AclProviderBenchmarkTest.php':[
174,
],
'project:symfony/Symfony/Component/Security/Acl/Voter/AclVoter.php':[
54,
],
'project:symfony/Symfony/Component/Security/Core/Authentication/AuthenticationProviderManager.php':[
63,
],
'project:symfony/Symfony/Component/Security/Core/Authentication/Token/AbstractToken.php':[
243,
],
'project:symfony/Symfony/Component/Security/Core/Encoder/EncoderFactory.php':[
31,
],
'project:symfony/Symfony/Component/Security/Core/Tests/Util/SecureRandomTest.php':[
62,
],
'project:symfony/Symfony/Component/Security/Http/Firewall/SimplePreAuthenticationListener.php':[
65,
],
'project:symfony/Symfony/Component/Serializer/Encoder/XmlEncoder.php':[
233,
288,
],
'project:symfony/Symfony/Component/Templating/Loader/FilesystemLoader.php':[
50,
],
'project:symfony/Symfony/Component/Translation/Loader/MoFileLoader.php':[
83,
],
'project:symfony/Symfony/Component/Translation/Loader/XliffFileLoader.php':[
33,
],
'project:symfony/Symfony/Component/Translation/PluralizationRules.php':[
31,
],
'project:symfony/Symfony/Component/Validator/Constraint.php':[
85,
],
'project:symfony/Symfony/Component/Validator/Constraints/CallbackValidator.php':[
31,
],
'project:symfony/Symfony/Component/Validator/Constraints/ChoiceValidator.php':[
33,
],
'project:symfony/Symfony/Component/Validator/Constraints/Collection.php':[
35,
],
'project:symfony/Symfony/Component/Validator/Constraints/CollectionValidator.php':[
28,
],
'project:symfony/Symfony/Component/Validator/Constraints/FileValidator.php':[
31,
],
'project:symfony/Symfony/Component/Validator/Constraints/ImageValidator.php':[
28,
],
'project:symfony/Symfony/Component/Validator/Constraints/IsbnValidator.php':[
30,
],
'project:symfony/Symfony/Component/Validator/Mapping/ClassMetadata.php':[
86,
239,
],
'project:symfony/Symfony/Component/Validator/Mapping/Loader/AnnotationLoader.php':[
34,
],
'project:symfony/Symfony/Component/Validator/Mapping/Loader/XmlFileLoader.php':[
30,
],
'project:symfony/Symfony/Component/Validator/Mapping/Loader/YamlFileLoader.php':[
31,
],
'project:symfony/Symfony/Component/Validator/ValidationVisitor.php':[
116,
],
'project:symfony/Symfony/Component/Validator/ValidatorBuilder.php':[
309,
],
'project:symfony/Symfony/Component/Yaml/Dumper.php':[
49,
],
'project:symfony/Symfony/Component/Yaml/Inline.php':[
93,
194,
386,
],
'project:symfony/Symfony/Component/Yaml/Parser.php':[
52,
290,
427,
],
}
