{
'project:symfony/Symfony/Component/Finder/Tests/FinderTest.php':[
505,
],
}
