{
'project:PHPExcel_1.7.9_doc/Classes/PHPExcel.php':[
78,
162,
238,
253,
264,
272,
366,
555,
562,
578,
],
'project:PHPExcel_1.7.9_doc/Classes/PHPExcel/Autoloader.php':[
68,
70,
77,
77,
79,
],
'project:PHPExcel_1.7.9_doc/Classes/PHPExcel/CachedObjectStorage/APC.php':[
116,
144,
212,
233,
257,
286,
288,
289,
292,
],
'project:PHPExcel_1.7.9_doc/Classes/PHPExcel/CachedObjectStorage/CacheBase.php':[
131,
302,
],
'project:PHPExcel_1.7.9_doc/Classes/PHPExcel/CachedObjectStorage/DiscISAM.php':[
43,
50,
57,
195,
],
'project:PHPExcel_1.7.9_doc/Classes/PHPExcel/CachedObjectStorage/Memcache.php':[
72,
73,
218,
],
'project:PHPExcel_1.7.9_doc/Classes/PHPExcel/CachedObjectStorage/Memory.php':[
74,
],
'project:PHPExcel_1.7.9_doc/Classes/PHPExcel/CachedObjectStorage/SQLite.php':[
194,
],
'project:PHPExcel_1.7.9_doc/Classes/PHPExcel/CachedObjectStorage/SQLite3.php':[
138,
142,
144,
167,
173,
178,
178,
178,
191,
197,
200,
227,
338,
],
'project:PHPExcel_1.7.9_doc/Classes/PHPExcel/CachedObjectStorageFactory.php':[
57,
64,
103,
190,
196,
206,
210,
222,
223,
231,
236,
246,
247,
],
'project:PHPExcel_1.7.9_doc/Classes/PHPExcel/CalcEngine/Logger.php':[
44,
54,
85,
103,
],
'project:PHPExcel_1.7.9_doc/Classes/PHPExcel/Calculation.php':[
130,
140,
140,
140,
140,
141,
141,
141,
141,
142,
142,
142,
142,
143,
143,
143,
143,
153,
153,
153,
153,
154,
154,
154,
154,
155,
155,
155,
155,
156,
156,
177,
186,
271,
272,
273,
445,
854,
943,
1260,
1261,
1406,
1721,
1728,
1762,
1763,
1770,
1783,
1784,
1856,
1858,
1889,
1899,
1907,
1962,
1983,
1990,
2011,
2025,
2027,
2029,
2039,
2041,
2055,
2057,
2061,
2082,
2083,
2086,
2097,
2111,
2112,
2115,
2125,
2208,
2226,
2226,
2227,
2228,
2274,
2312,
2312,
2321,
2346,
2348,
2376,
2376,
2377,
2379,
2408,
2619,
2648,
2650,
2656,
2713,
2713,
2713,
2713,
2713,
2713,
2731,
2732,
2733,
2738,
2738,
2753,
2755,
2759,
2797,
2801,
2803,
2833,
2838,
2844,
2855,
2861,
2867,
2882,
2888,
2897,
2898,
2907,
2908,
2921,
2924,
2928,
2961,
2966,
2973,
2979,
2985,
2992,
2992,
3003,
3007,
3017,
3018,
3019,
3059,
3064,
3076,
3089,
3089,
3090,
3090,
3094,
3094,
3095,
3108,
3109,
3135,
3138,
3140,
3146,
3155,
3173,
3174,
3180,
3247,
3275,
3279,
3286,
3286,
3293,
3294,
3303,
3304,
3313,
3320,
3320,
3326,
3328,
3331,
3342,
3345,
3381,
3435,
3458,
3467,
3467,
3467,
3500,
3505,
3511,
3515,
3537,
3546,
3585,
3591,
3592,
3594,
3600,
3606,
3648,
3665,
3687,
3687,
3692,
3710,
3714,
3721,
3725,
3745,
3745,
3750,
3764,
3794,
3798,
3806,
3810,
3834,
],
'project:PHPExcel_1.7.9_doc/Classes/PHPExcel/Calculation/Database.php':[
76,
183,
235,
284,
331,
382,
429,
475,
522,
569,
615,
662,
709,
],
'project:PHPExcel_1.7.9_doc/Classes/PHPExcel/Calculation/DateTime.php':[
183,
223,
297,
301,
305,
306,
307,
515,
517,
519,
521,
531,
533,
539,
588,
856,
985,
985,
1008,
],
'project:PHPExcel_1.7.9_doc/Classes/PHPExcel/Calculation/Engineering.php':[
57,
58,
59,
60,
61,
62,
63,
64,
65,
66,
67,
68,
69,
70,
71,
72,
73,
74,
75,
76,
77,
78,
79,
80,
81,
82,
83,
84,
85,
86,
87,
88,
89,
90,
91,
92,
93,
94,
95,
96,
97,
98,
99,
100,
101,
102,
103,
104,
105,
106,
107,
108,
109,
110,
111,
112,
113,
114,
115,
116,
117,
118,
119,
1116,
1170,
1228,
2268,
2364,
2381,
],
'project:PHPExcel_1.7.9_doc/Classes/PHPExcel/Calculation/Financial.php':[
471,
536,
537,
599,
657,
713,
784,
1079,
1115,
],
'project:PHPExcel_1.7.9_doc/Classes/PHPExcel/Calculation/Function.php':[
79,
79,
79,
81,
81,
81,
],
'project:PHPExcel_1.7.9_doc/Classes/PHPExcel/Calculation/Functions.php':[
121,
123,
160,
162,
351,
407,
410,
424,
427,
441,
445,
457,
470,
483,
513,
552,
570,
],
'project:PHPExcel_1.7.9_doc/Classes/PHPExcel/Calculation/Logical.php':[
61,
78,
105,
119,
121,
160,
174,
176,
212,
217,
219,
260,
260,
261,
263,
],
'project:PHPExcel_1.7.9_doc/Classes/PHPExcel/Calculation/LookupRef.php':[
70,
81,
112,
152,
186,
227,
298,
298,
305,
316,
324,
327,
335,
364,
369,
379,
423,
429,
722,
],
'project:PHPExcel_1.7.9_doc/Classes/PHPExcel/Calculation/MathTrig.php':[
100,
100,
104,
105,
139,
310,
502,
901,
902,
903,
904,
],
'project:PHPExcel_1.7.9_doc/Classes/PHPExcel/Calculation/Statistical.php':[
86,
1368,
1375,
1381,
1388,
1399,
1643,
1649,
1734,
1738,
1960,
1960,
1960,
1961,
1962,
2013,
2013,
2014,
2015,
2402,
2406,
2581,
2680,
2817,
3336,
3340,
3638,
],
'project:PHPExcel_1.7.9_doc/Classes/PHPExcel/Calculation/TextData.php':[
48,
102,
109,
129,
140,
304,
567,
],
'project:PHPExcel_1.7.9_doc/Classes/PHPExcel/Calculation/Token/Stack.php':[
69,
91,
102,
],
'project:PHPExcel_1.7.9_doc/Classes/PHPExcel/Cell.php':[
51,
70,
112,
130,
130,
130,
139,
216,
232,
275,
292,
323,
325,
410,
458,
540,
540,
559,
559,
589,
589,
674,
723,
818,
818,
892,
905,
906,
],
'project:PHPExcel_1.7.9_doc/Classes/PHPExcel/Cell/AdvancedValueBinder.php':[
69,
72,
179,
184,
],
'project:PHPExcel_1.7.9_doc/Classes/PHPExcel/Cell/DataValidation.php':[
165,
166,
167,
168,
],
'project:PHPExcel_1.7.9_doc/Classes/PHPExcel/Cell/DefaultValueBinder.php':[
66,
],
'project:PHPExcel_1.7.9_doc/Classes/PHPExcel/Cell/IValueBinder.php':[
45,
],
'project:PHPExcel_1.7.9_doc/Classes/PHPExcel/Chart.php':[
522,
],
'project:PHPExcel_1.7.9_doc/Classes/PHPExcel/Chart/DataSeries.php':[
335,
341,
342,
345,
346,
349,
350,
],
'project:PHPExcel_1.7.9_doc/Classes/PHPExcel/Chart/DataSeriesValues.php':[
265,
277,
280,
281,
286,
],
'project:PHPExcel_1.7.9_doc/Classes/PHPExcel/Chart/Layout.php':[
43,
50,
57,
64,
71,
78,
85,
93,
101,
109,
117,
125,
132,
140,
],
'project:PHPExcel_1.7.9_doc/Classes/PHPExcel/Chart/Legend.php':[
72,
79,
85,
85,
153,
],
'project:PHPExcel_1.7.9_doc/Classes/PHPExcel/Chart/Renderer/jpgraph.php':[
162,
251,
544,
544,
555,
555,
595,
595,
719,
719,
729,
729,
793,
793,
798,
798,
],
'project:PHPExcel_1.7.9_doc/Classes/PHPExcel/DocumentProperties.php':[
198,
228,
440,
441,
446,
483,
514,
514,
],
'project:PHPExcel_1.7.9_doc/Classes/PHPExcel/HashTable.php':[
60,
],
'project:PHPExcel_1.7.9_doc/Classes/PHPExcel/IOFactory.php':[
142,
171,
226,
265,
],
'project:PHPExcel_1.7.9_doc/Classes/PHPExcel/NamedRange.php':[
86,
86,
86,
115,
120,
125,
152,
174,
],
'project:PHPExcel_1.7.9_doc/Classes/PHPExcel/Reader/Abstract.php':[
45,
53,
61,
68,
70,
93,
120,
146,
161,
201,
219,
],
'project:PHPExcel_1.7.9_doc/Classes/PHPExcel/Reader/CSV.php':[
117,
204,
275,
396,
],
'project:PHPExcel_1.7.9_doc/Classes/PHPExcel/Reader/Excel2003XML.php':[
596,
756,
],
'project:PHPExcel_1.7.9_doc/Classes/PHPExcel/Reader/Excel2007.php':[
52,
59,
86,
240,
242,
244,
254,
260,
479,
551,
551,
687,
689,
694,
696,
703,
705,
734,
737,
753,
757,
761,
764,
774,
777,
793,
888,
959,
978,
987,
995,
1032,
1070,
1096,
1099,
1102,
1115,
1117,
1121,
1123,
1127,
1129,
1133,
1135,
1300,
1300,
1523,
1564,
1643,
1713,
1719,
1899,
1904,
1910,
1913,
1925,
1975,
1980,
1980,
],
'project:PHPExcel_1.7.9_doc/Classes/PHPExcel/Reader/Excel2007/Chart.php':[
67,
68,
161,
248,
259,
351,
],
'project:PHPExcel_1.7.9_doc/Classes/PHPExcel/Reader/Excel5.php':[
923,
971,
3347,
3392,
3479,
3525,
3592,
3769,
3833,
3870,
3913,
4196,
4233,
],
'project:PHPExcel_1.7.9_doc/Classes/PHPExcel/Reader/Gnumeric.php':[
377,
420,
460,
460,
481,
556,
556,
557,
557,
637,
637,
638,
638,
639,
639,
659,
662,
764,
],
'project:PHPExcel_1.7.9_doc/Classes/PHPExcel/Reader/HTML.php':[
120,
122,
125,
428,
],
'project:PHPExcel_1.7.9_doc/Classes/PHPExcel/Reader/OOCalc.php':[
78,
110,
473,
553,
553,
605,
630,
643,
648,
],
'project:PHPExcel_1.7.9_doc/Classes/PHPExcel/Reader/SYLK.php':[
95,
101,
104,
157,
246,
],
'project:PHPExcel_1.7.9_doc/Classes/PHPExcel/ReferenceHelper.php':[
58,
148,
152,
154,
383,
819,
],
'project:PHPExcel_1.7.9_doc/Classes/PHPExcel/RichText.php':[
57,
],
'project:PHPExcel_1.7.9_doc/Classes/PHPExcel/Settings.php':[
82,
89,
99,
106,
121,
123,
203,
219,
224,
237,
241,
284,
302,
307,
320,
324,
],
'project:PHPExcel_1.7.9_doc/Classes/PHPExcel/Shared/Date.php':[
95,
97,
120,
120,
185,
185,
188,
221,
222,
226,
287,
311,
316,
322,
323,
328,
331,
333,
337,
349,
351,
356,
358,
361,
],
'project:PHPExcel_1.7.9_doc/Classes/PHPExcel/Shared/File.php':[
44,
52,
112,
140,
],
'project:PHPExcel_1.7.9_doc/Classes/PHPExcel/Shared/Font.php':[
200,
205,
541,
],
'project:PHPExcel_1.7.9_doc/Classes/PHPExcel/Shared/JAMA/EigenvalueDecomposition.php':[
411,
],
'project:PHPExcel_1.7.9_doc/Classes/PHPExcel/Shared/JAMA/Matrix.php':[
479,
565,
653,
704,
961,
],
'project:PHPExcel_1.7.9_doc/Classes/PHPExcel/Shared/JAMA/SingularValueDecomposition.php':[
116,
142,
220,
411,
418,
],
'project:PHPExcel_1.7.9_doc/Classes/PHPExcel/Shared/OLE/PPS/Root.php':[
37,
82,
],
'project:PHPExcel_1.7.9_doc/Classes/PHPExcel/Shared/OLERead.php':[
85,
85,
175,
],
'project:PHPExcel_1.7.9_doc/Classes/PHPExcel/Shared/PCLZip/pclzip.lib.php':[
280,
463,
723,
880,
933,
1459,
1526,
3890,
4221,
5484,
5488,
],
'project:PHPExcel_1.7.9_doc/Classes/PHPExcel/Shared/String.php':[
527,
],
'project:PHPExcel_1.7.9_doc/Classes/PHPExcel/Shared/TimeZone.php':[
55,
57,
69,
71,
118,
],
'project:PHPExcel_1.7.9_doc/Classes/PHPExcel/Shared/XMLWriter.php':[
62,
68,
],
'project:PHPExcel_1.7.9_doc/Classes/PHPExcel/Shared/trend/bestFitClass.php':[
43,
78,
133,
144,
165,
412,
423,
424,
],
'project:PHPExcel_1.7.9_doc/Classes/PHPExcel/Shared/trend/exponentialBestFitClass.php':[
142,
143,
],
'project:PHPExcel_1.7.9_doc/Classes/PHPExcel/Shared/trend/linearBestFitClass.php':[
105,
106,
],
'project:PHPExcel_1.7.9_doc/Classes/PHPExcel/Shared/trend/logarithmicBestFitClass.php':[
114,
115,
],
'project:PHPExcel_1.7.9_doc/Classes/PHPExcel/Shared/trend/polynomialBestFitClass.php':[
209,
210,
216,
219,
],
'project:PHPExcel_1.7.9_doc/Classes/PHPExcel/Shared/trend/powerBestFitClass.php':[
136,
137,
],
'project:PHPExcel_1.7.9_doc/Classes/PHPExcel/Shared/trend/trendClass.php':[
87,
],
'project:PHPExcel_1.7.9_doc/Classes/PHPExcel/Style/Alignment.php':[
78,
85,
104,
104,
110,
111,
112,
156,
310,
312,
341,
343,
],
'project:PHPExcel_1.7.9_doc/Classes/PHPExcel/Style/Border.php':[
85,
85,
106,
],
'project:PHPExcel_1.7.9_doc/Classes/PHPExcel/Style/Borders.php':[
131,
131,
147,
148,
149,
150,
151,
],
'project:PHPExcel_1.7.9_doc/Classes/PHPExcel/Style/Color.php':[
62,
83,
83,
101,
160,
250,
265,
277,
289,
303,
304,
305,
338,
],
'project:PHPExcel_1.7.9_doc/Classes/PHPExcel/Style/Conditional.php':[
103,
103,
],
'project:PHPExcel_1.7.9_doc/Classes/PHPExcel/Style/Fill.php':[
99,
99,
106,
],
'project:PHPExcel_1.7.9_doc/Classes/PHPExcel/Style/Font.php':[
64,
71,
78,
85,
99,
118,
118,
125,
126,
127,
128,
129,
130,
131,
132,
],
'project:PHPExcel_1.7.9_doc/Classes/PHPExcel/Style/NumberFormat.php':[
116,
116,
122,
],
'project:PHPExcel_1.7.9_doc/Classes/PHPExcel/Style/Protection.php':[
67,
67,
117,
],
'project:PHPExcel_1.7.9_doc/Classes/PHPExcel/Style/Supervisor.php':[
59,
71,
],
'project:PHPExcel_1.7.9_doc/Classes/PHPExcel/Worksheet.php':[
207,
338,
365,
368,
370,
380,
382,
453,
466,
1117,
1136,
1176,
1209,
1905,
2477,
2751,
2777,
],
'project:PHPExcel_1.7.9_doc/Classes/PHPExcel/Worksheet/AutoFilter.php':[
43,
68,
89,
118,
274,
274,
278,
278,
303,
320,
342,
346,
360,
364,
365,
395,
398,
401,
436,
437,
443,
447,
470,
583,
583,
583,
608,
622,
625,
675,
686,
713,
795,
832,
],
'project:PHPExcel_1.7.9_doc/Classes/PHPExcel/Worksheet/AutoFilter/Column.php':[
82,
131,
156,
180,
285,
329,
376,
],
'project:PHPExcel_1.7.9_doc/Classes/PHPExcel/Worksheet/AutoFilter/Column/Rule.php':[
237,
275,
390,
391,
412,
418,
439,
454,
],
'project:PHPExcel_1.7.9_doc/Classes/PHPExcel/Worksheet/PageSetup.php':[
217,
254,
261,
268,
275,
373,
394,
397,
418,
421,
613,
],
'project:PHPExcel_1.7.9_doc/Classes/PHPExcel/Worksheet/SheetView.php':[
161,
164,
],
'project:PHPExcel_1.7.9_doc/Classes/PHPExcel/Writer/Abstract.php':[
44,
53,
60,
88,
115,
137,
137,
140,
],
'project:PHPExcel_1.7.9_doc/Classes/PHPExcel/Writer/CSV.php':[
106,
],
'project:PHPExcel_1.7.9_doc/Classes/PHPExcel/Writer/Excel2007.php':[
169,
183,
234,
],
'project:PHPExcel_1.7.9_doc/Classes/PHPExcel/Writer/Excel2007/Chart.php':[
223,
224,
241,
978,
1064,
],
'project:PHPExcel_1.7.9_doc/Classes/PHPExcel/Writer/Excel2007/ContentTypes.php':[
46,
],
'project:PHPExcel_1.7.9_doc/Classes/PHPExcel/Writer/Excel2007/Drawing.php':[
47,
],
'project:PHPExcel_1.7.9_doc/Classes/PHPExcel/Writer/Excel2007/Rels.php':[
182,
291,
],
'project:PHPExcel_1.7.9_doc/Classes/PHPExcel/Writer/Excel2007/StringTable.php':[
48,
55,
67,
74,
97,
150,
152,
232,
240,
],
'project:PHPExcel_1.7.9_doc/Classes/PHPExcel/Writer/Excel2007/Style.php':[
182,
288,
295,
302,
309,
316,
316,
318,
320,
327,
334,
341,
479,
482,
486,
501,
502,
506,
510,
559,
],
'project:PHPExcel_1.7.9_doc/Classes/PHPExcel/Writer/Excel2007/Workbook.php':[
46,
193,
],
'project:PHPExcel_1.7.9_doc/Classes/PHPExcel/Writer/Excel2007/Worksheet.php':[
47,
202,
202,
784,
788,
1169,
],
'project:PHPExcel_1.7.9_doc/Classes/PHPExcel/Writer/Excel5.php':[
124,
],
'project:PHPExcel_1.7.9_doc/Classes/PHPExcel/Writer/HTML.php':[
63,
156,
],
'project:PHPExcel_1.7.9_doc/Classes/PHPExcel/Writer/IWriter.php':[
44,
],
'project:PHPExcel_1.7.9_doc/Classes/PHPExcel/Writer/PDF.php':[
44,
83,
],
'project:PHPExcel_1.7.9_doc/Classes/PHPExcel/Writer/PDF/Core.php':[
57,
64,
222,
328,
338,
343,
345,
],
'project:PHPExcel_1.7.9_doc/Classes/PHPExcel/Writer/PDF/DomPDF.php':[
62,
108,
],
'project:PHPExcel_1.7.9_doc/Classes/PHPExcel/Writer/PDF/mPDF.php':[
62,
119,
],
'project:PHPExcel_1.7.9_doc/Classes/PHPExcel/Writer/PDF/tcPDF.php':[
63,
105,
108,
110,
111,
118,
],
'project:PHPExcel_1.7.9_doc/Examples/01pharSimple.php':[
30,
31,
],
'project:PHPExcel_1.7.9_doc/Examples/01simple-download-pdf.php':[
30,
31,
],
'project:PHPExcel_1.7.9_doc/Examples/01simple-download-xls.php':[
30,
31,
],
'project:PHPExcel_1.7.9_doc/Examples/01simple-download-xlsx.php':[
30,
31,
],
'project:PHPExcel_1.7.9_doc/Examples/01simple.php':[
30,
31,
],
'project:PHPExcel_1.7.9_doc/Examples/02types-xls.php':[
30,
31,
110,
],
'project:PHPExcel_1.7.9_doc/Examples/02types.php':[
30,
31,
110,
],
'project:PHPExcel_1.7.9_doc/Examples/03formulas.php':[
30,
31,
],
'project:PHPExcel_1.7.9_doc/Examples/04printing.php':[
30,
31,
],
'project:PHPExcel_1.7.9_doc/Examples/05featuredemo.php':[
30,
31,
],
'project:PHPExcel_1.7.9_doc/Examples/06largescale-with-cellcaching-sqlite.php':[
30,
31,
],
'project:PHPExcel_1.7.9_doc/Examples/06largescale-with-cellcaching-sqlite3.php':[
30,
31,
],
'project:PHPExcel_1.7.9_doc/Examples/06largescale-with-cellcaching.php':[
30,
31,
],
'project:PHPExcel_1.7.9_doc/Examples/06largescale-xls.php':[
30,
31,
],
'project:PHPExcel_1.7.9_doc/Examples/06largescale.php':[
30,
31,
],
'project:PHPExcel_1.7.9_doc/Examples/07reader.php':[
29,
30,
],
'project:PHPExcel_1.7.9_doc/Examples/08conditionalformatting.php':[
30,
31,
],
'project:PHPExcel_1.7.9_doc/Examples/08conditionalformatting2.php':[
30,
31,
],
'project:PHPExcel_1.7.9_doc/Examples/09pagebreaks.php':[
30,
31,
],
'project:PHPExcel_1.7.9_doc/Examples/10autofilter-selection-1.php':[
30,
31,
86,
90,
95,
105,
116,
],
'project:PHPExcel_1.7.9_doc/Examples/10autofilter-selection-2.php':[
30,
31,
86,
90,
95,
105,
116,
151,
],
'project:PHPExcel_1.7.9_doc/Examples/10autofilter-selection-display.php':[
30,
31,
86,
90,
95,
105,
116,
],
'project:PHPExcel_1.7.9_doc/Examples/10autofilter.php':[
30,
31,
119,
],
'project:PHPExcel_1.7.9_doc/Examples/11documentsecurity-xls.php':[
30,
31,
],
'project:PHPExcel_1.7.9_doc/Examples/11documentsecurity.php':[
30,
31,
],
'project:PHPExcel_1.7.9_doc/Examples/12cellProtection.php':[
30,
31,
],
'project:PHPExcel_1.7.9_doc/Examples/13calculation.php':[
30,
31,
83,
84,
],
'project:PHPExcel_1.7.9_doc/Examples/14excel5.php':[
30,
31,
],
'project:PHPExcel_1.7.9_doc/Examples/15datavalidation-xls.php':[
30,
31,
],
'project:PHPExcel_1.7.9_doc/Examples/15datavalidation.php':[
30,
31,
],
'project:PHPExcel_1.7.9_doc/Examples/16csv.php':[
30,
31,
],
'project:PHPExcel_1.7.9_doc/Examples/17html.php':[
30,
31,
],
'project:PHPExcel_1.7.9_doc/Examples/18extendedcalculation.php':[
30,
31,
59,
60,
],
'project:PHPExcel_1.7.9_doc/Examples/19namedrange.php':[
30,
31,
],
'project:PHPExcel_1.7.9_doc/Examples/20readexcel5.php':[
30,
31,
],
'project:PHPExcel_1.7.9_doc/Examples/21pdf.php':[
30,
31,
],
'project:PHPExcel_1.7.9_doc/Examples/22heavilyformatted.php':[
30,
31,
],
'project:PHPExcel_1.7.9_doc/Examples/23sharedstyles.php':[
30,
31,
],
'project:PHPExcel_1.7.9_doc/Examples/24readfilter.php':[
29,
30,
],
'project:PHPExcel_1.7.9_doc/Examples/25inmemoryimage.php':[
30,
31,
],
'project:PHPExcel_1.7.9_doc/Examples/26utf8.php':[
30,
31,
],
'project:PHPExcel_1.7.9_doc/Examples/27imagesexcel5.php':[
30,
31,
],
'project:PHPExcel_1.7.9_doc/Examples/28iterator.php':[
30,
31,
],
'project:PHPExcel_1.7.9_doc/Examples/29advancedvaluebinder.php':[
30,
31,
],
'project:PHPExcel_1.7.9_doc/Examples/30template.php':[
30,
31,
],
'project:PHPExcel_1.7.9_doc/Examples/31docproperties_write-xls.php':[
30,
31,
],
'project:PHPExcel_1.7.9_doc/Examples/31docproperties_write.php':[
30,
31,
],
'project:PHPExcel_1.7.9_doc/Examples/32chartreadwrite.php':[
5,
6,
67,
118,
],
'project:PHPExcel_1.7.9_doc/Examples/33chartcreate-area.php':[
5,
6,
63,
64,
65,
75,
85,
86,
87,
101,
103,
117,
132,
],
'project:PHPExcel_1.7.9_doc/Examples/33chartcreate-bar-stacked.php':[
5,
6,
63,
64,
65,
75,
85,
86,
87,
104,
106,
120,
135,
],
'project:PHPExcel_1.7.9_doc/Examples/33chartcreate-bar.php':[
5,
6,
63,
64,
65,
75,
85,
86,
87,
104,
106,
120,
135,
],
'project:PHPExcel_1.7.9_doc/Examples/33chartcreate-column-2.php':[
5,
6,
71,
72,
73,
83,
93,
94,
95,
112,
114,
144,
],
'project:PHPExcel_1.7.9_doc/Examples/33chartcreate-column.php':[
5,
6,
63,
64,
65,
75,
85,
86,
87,
104,
106,
120,
135,
],
'project:PHPExcel_1.7.9_doc/Examples/33chartcreate-composite.php':[
5,
6,
72,
75,
78,
89,
101,
126,
135,
148,
157,
163,
165,
178,
179,
193,
],
'project:PHPExcel_1.7.9_doc/Examples/33chartcreate-line.php':[
5,
6,
63,
64,
65,
75,
85,
86,
87,
101,
103,
117,
132,
],
'project:PHPExcel_1.7.9_doc/Examples/33chartcreate-multiple-charts.php':[
5,
6,
64,
65,
66,
76,
86,
87,
88,
102,
104,
118,
138,
139,
140,
150,
160,
161,
162,
179,
181,
195,
210,
],
'project:PHPExcel_1.7.9_doc/Examples/33chartcreate-pie.php':[
5,
6,
64,
74,
84,
99,
100,
105,
118,
119,
138,
148,
158,
173,
174,
186,
190,
191,
205,
],
'project:PHPExcel_1.7.9_doc/Examples/33chartcreate-radar.php':[
5,
6,
72,
73,
83,
84,
94,
95,
101,
106,
116,
129,
130,
144,
],
'project:PHPExcel_1.7.9_doc/Examples/33chartcreate-scatter.php':[
5,
6,
63,
64,
65,
69,
79,
80,
81,
87,
92,
97,
99,
113,
128,
],
'project:PHPExcel_1.7.9_doc/Examples/34chartupdate.php':[
5,
6,
48,
61,
68,
],
'project:PHPExcel_1.7.9_doc/Examples/35chartrender.php':[
5,
6,
87,
],
'project:PHPExcel_1.7.9_doc/Examples/36chartreadwriteHTML.php':[
5,
6,
87,
138,
],
'project:PHPExcel_1.7.9_doc/Examples/36chartreadwritePDF.php':[
5,
6,
110,
161,
],
'project:PHPExcel_1.7.9_doc/Examples/37page_layout_view.php':[
30,
31,
],
'project:PHPExcel_1.7.9_doc/Examples/40duplicateStyle.php':[
4,
5,
],
'project:PHPMailer/extras/ntlm_sasl_client.php':[
24,
39,
46,
67,
90,
140,
157,
161,
],
'project:stackphp-0.5beta1-source/examples/index.php':[
8,
27,
30,
],
'project:stackphp-0.5beta1-source/examples/src/auth_explicit.php':[
50,
],
'project:stackphp-0.5beta1-source/examples/src/auth_implicit.php':[
7,
],
'project:stackphp-0.5beta1-source/examples/src/simple_api.php':[
18,
22,
],
'project:stackphp-0.5beta1-source/examples/src/user_info.php':[
23,
34,
40,
],
'project:stackphp-0.5beta1-source/examples/src/user_questions.php':[
32,
],
'project:stackphp-0.5beta1-source/examples/src/user_search.php':[
28,
],
'project:stackphp-0.5beta1-source/src/api.php':[
86,
114,
168,
204,
222,
239,
245,
258,
269,
],
'project:stackphp-0.5beta1-source/src/filestore_cache.php':[
25,
42,
80,
87,
105,
142,
145,
174,
185,
],
'project:stackphp-0.5beta1-source/src/filter.php':[
46,
189,
],
'project:stackphp-0.5beta1-source/src/output_element.php':[
18,
36,
],
'project:stackphp-0.5beta1-source/src/paged_response.php':[
80,
99,
110,
121,
143,
205,
211,
],
'project:stackphp-0.5beta1-source/src/paged_site_response.php':[
40,
43,
47,
],
'project:stackphp-0.5beta1-source/src/sql_cache.php':[
69,
74,
74,
88,
95,
101,
117,
126,
137,
137,
146,
152,
],
'project:stackphp-0.5beta1-source/src/url.php':[
60,
90,
288,
],
'project:stackphp-0.5beta1-source/tests/api_test.php':[
34,
44,
],
'project:stackphp-0.5beta1-source/tests/cache_test.php':[
38,
],
'project:stackphp-0.5beta1-source/tests/question_test.php':[
41,
],
'project:stackphp-0.5beta1-source/tests/run_tests.php':[
39,
67,
],
'project:stackphp-0.5beta1-source/tests/test.php':[
16,
27,
31,
37,
49,
],
'project:symfony/Symfony/Bridge/Doctrine/Tests/Fixtures/AssociationEntity.php':[
14,
],
'project:symfony/Symfony/Bundle/FrameworkBundle/Tests/DependencyInjection/Compiler/SerializerPassTest.php':[
99,
],
'project:symfony/Symfony/Component/DependencyInjection/Tests/Fixtures/php/services8.php':[
42,
],
'project:symfony/Symfony/Component/DependencyInjection/Tests/Fixtures/php/services9_compiled.php':[
229,
],
'project:symfony/Symfony/Component/Form/Tests/Extension/Core/DataTransformer/DateTimeToRfc3339TransformerTest.php':[
35,
35,
],
}
