{
'project:PHPExcel_1.7.9_doc/Classes/PHPExcel/Calculation/MathTrig.php':[
108,
],
'project:PHPExcel_1.7.9_doc/Classes/PHPExcel/Calculation/Statistical.php':[
800,
1208,
2173,
2335,
3058,
3157,
3473,
3568,
],
'project:PHPExcel_1.7.9_doc/Classes/PHPExcel/ReferenceHelper.php':[
427,
],
'project:PHP_CodeSniffer/CodeSniffer/Standards/PEAR/Sniffs/Commenting/ClassCommentSniff.php':[
221,
],
'project:PHP_CodeSniffer/CodeSniffer/Standards/Squiz/Sniffs/Arrays/ArrayDeclarationSniff.php':[
430,
],
'project:symfony/Symfony/Bundle/FrameworkBundle/Console/Descriptor/JsonDescriptor.php':[
110,
],
'project:symfony/Symfony/Bundle/FrameworkBundle/Console/Descriptor/MarkdownDescriptor.php':[
138,
],
'project:symfony/Symfony/Component/HttpKernel/Tests/DataCollector/ConfigDataCollectorTest.php':[
45,
],
}
