{
'project:buildbot-0.8.6p1/buildbot/buildslave.py':[
989,
],
'project:buildbot-0.8.6p1/buildbot/changes/mail.py':[
115,
115,
116,
116,
117,
117,
118,
118,
119,
119,
120,
120,
121,
121,
122,
122,
122,
122,
122,
122,
123,
123,
123,
124,
124,
212,
212,
212,
212,
212,
212,
212,
212,
212,
212,
212,
212,
212,
212,
214,
214,
214,
214,
214,
214,
214,
214,
214,
214,
214,
214,
214,
214,
],
'project:buildbot-0.8.6p1/buildbot/process/metrics.py':[
15,
15,
15,
],
'project:buildbot-0.8.6p1/buildbot/scripts/runner.py':[
482,
484,
],
'project:buildbot-0.8.6p1/buildbot/status/builder.py':[
134,
],
'project:buildbot-0.8.6p1/buildbot/status/mail.py':[
49,
49,
49,
49,
49,
49,
49,
49,
49,
],
'project:buildbot-0.8.6p1/buildbot/status/tinderbox.py':[
228,
],
'project:buildbot-0.8.6p1/buildbot/status/web/base.py':[
670,
],
'project:buildbot-0.8.6p1/buildbot/status/web/status_json.py':[
30,
],
'project:buildbot-0.8.6p1/buildbot/steps/package/rpm/rpmspec.py':[
31,
32,
],
'project:buildbot-0.8.6p1/buildbot/steps/shell.py':[
671,
671,
671,
671,
671,
686,
686,
686,
686,
],
'project:buildbot-0.8.6p1/buildbot/steps/source/svn.py':[
356,
356,
],
'project:buildbot-0.8.6p1/buildbot/test/unit/test_changes_bonsaipoller.py':[
102,
],
'project:buildbot-0.8.6p1/buildbot/util/__init__.py':[
35,
],
'project:buildbot-slave-0.8.6p1/buildslave/commands/p4.py':[
66,
66,
66,
],
'project:buildbot-slave-0.8.6p1/buildslave/commands/repo.py':[
57,
57,
57,
57,
126,
],
'project:buildbot-slave-0.8.6p1/buildslave/runprocess.py':[
300,
],
'project:buildbot-slave-0.8.6p1/buildslave/scripts/runner.py':[
371,
373,
],
'project:django-1.4/django/contrib/admindocs/urls.py':[
33,
33,
],
'project:django-1.4/django/contrib/admindocs/views.py':[
367,
367,
],
'project:django-1.4/django/contrib/auth/management/commands/createsuperuser.py':[
17,
],
'project:django-1.4/django/contrib/auth/tests/models.py':[
101,
102,
],
'project:django-1.4/django/contrib/formtools/preview.py':[
106,
],
'project:django-1.4/django/contrib/gis/maps/google/__init__.py':[
1,
],
'project:django-1.4/django/contrib/gis/maps/google/gmap.py':[
21,
],
'project:django-1.4/django/contrib/humanize/templatetags/humanize.py':[
44,
44,
44,
44,
],
'project:django-1.4/django/contrib/localflavor/au/forms.py':[
47,
47,
47,
],
'project:django-1.4/django/contrib/localflavor/br/forms.py':[
38,
38,
38,
111,
148,
],
'project:django-1.4/django/contrib/localflavor/ca/forms.py':[
56,
56,
56,
],
'project:django-1.4/django/contrib/localflavor/ch/forms.py':[
44,
44,
],
'project:django-1.4/django/contrib/localflavor/fr/forms.py':[
42,
42,
],
'project:django-1.4/django/contrib/localflavor/it/forms.py':[
59,
],
'project:django-1.4/django/contrib/localflavor/nl/forms.py':[
17,
18,
19,
64,
64,
64,
64,
],
'project:django-1.4/django/contrib/localflavor/pt/forms.py':[
44,
44,
],
'project:django-1.4/django/contrib/localflavor/si/forms.py':[
28,
28,
28,
28,
28,
28,
88,
153,
153,
],
'project:django-1.4/django/contrib/localflavor/tr/forms.py':[
49,
49,
49,
],
'project:django-1.4/django/contrib/localflavor/us/forms.py':[
37,
37,
37,
],
'project:django-1.4/django/contrib/markup/tests.py':[
58,
58,
58,
],
'project:django-1.4/django/core/validators.py':[
208,
],
'project:django-1.4/django/db/backends/__init__.py':[
767,
767,
],
'project:django-1.4/django/db/backends/sqlite3/introspection.py':[
81,
81,
126,
126,
],
'project:django-1.4/django/db/models/options.py':[
71,
],
'project:django-1.4/django/template/base.py':[
500,
500,
],
'project:django-1.4/django/template/defaultfilters.py':[
236,
236,
237,
260,
],
'project:django-1.4/django/template/defaulttags.py':[
1198,
],
'project:django-1.4/django/templatetags/future.py':[
38,
38,
],
'project:django-1.4/django/templatetags/i18n.py':[
131,
136,
333,
],
'project:django-1.4/django/test/_doctest.py':[
706,
1015,
1015,
1482,
1486,
],
'project:django-1.4/django/test/client.py':[
35,
35,
],
'project:django-1.4/django/test/html.py':[
10,
],
'project:django-1.4/django/utils/http.py':[
192,
],
'project:django-1.4/django/utils/regex_helper.py':[
43,
198,
],
'project:django-1.4/django/utils/version.py':[
28,
29,
29,
29,
29,
],
'project:django-1.4/django/views/debug.py':[
451,
],
'project:django-1.4/django/views/generic/simple.py':[
31,
],
'project:django-1.4/extras/csrf_migration_helper.py':[
138,
],
'project:django-1.4/tests/modeltests/basic/tests.py':[
253,
253,
253,
253,
],
'project:django-1.4/tests/modeltests/fixtures/tests.py':[
264,
264,
],
'project:django-1.4/tests/modeltests/lookup/tests.py':[
394,
],
'project:django-1.4/tests/regressiontests/admin_views/tests.py':[
1327,
2985,
3034,
],
'project:django-1.4/tests/regressiontests/admin_widgets/tests.py':[
275,
],
'project:django-1.4/tests/regressiontests/fixtures_regress/tests.py':[
333,
],
'project:django-1.4/tests/regressiontests/forms/tests/fields.py':[
479,
479,
488,
488,
495,
495,
503,
503,
503,
503,
509,
519,
1013,
1031,
],
'project:django-1.4/tests/regressiontests/i18n/test_warnings.py':[
28,
28,
38,
38,
],
'project:django-1.4/tests/regressiontests/i18n/tests.py':[
442,
442,
442,
442,
],
'project:django-1.4/tests/regressiontests/model_forms_regress/models.py':[
19,
],
'project:django-1.4/tests/regressiontests/modeladmin/tests.py':[
551,
551,
580,
580,
591,
591,
602,
602,
602,
602,
613,
613,
613,
613,
624,
624,
624,
624,
624,
624,
652,
652,
663,
663,
697,
697,
697,
697,
697,
697,
727,
727,
727,
727,
727,
779,
779,
819,
819,
859,
859,
870,
870,
910,
910,
910,
910,
921,
921,
950,
950,
961,
961,
995,
995,
1006,
1006,
1041,
1041,
1055,
1055,
1066,
1066,
1066,
1066,
1085,
1085,
1085,
1085,
1096,
1096,
1205,
1205,
1216,
1216,
1312,
1312,
1326,
1326,
1343,
1343,
1452,
1452,
],
'project:django-1.4/tests/regressiontests/servers/tests.py':[
52,
],
'project:django-1.4/tests/regressiontests/templates/custom.py':[
85,
85,
85,
85,
166,
166,
166,
166,
170,
170,
170,
170,
177,
177,
177,
177,
339,
339,
339,
339,
343,
343,
343,
343,
350,
350,
350,
350,
],
'project:django-1.4/tests/regressiontests/utils/jslex.py':[
63,
63,
63,
63,
63,
63,
63,
63,
63,
63,
63,
63,
63,
63,
63,
63,
63,
63,
63,
63,
63,
63,
63,
63,
63,
63,
81,
81,
81,
81,
81,
81,
81,
81,
81,
81,
81,
81,
81,
81,
81,
81,
81,
81,
81,
81,
81,
81,
81,
81,
81,
81,
],
'project:tornado-2.3/tornado/test/web_test.py':[
210,
],
'project:tornado-2.3/tornado/web.py':[
1167,
1167,
],
'project:twisted-12.1.0/twisted/conch/manhole.py':[
142,
],
'project:twisted-12.1.0/twisted/conch/test/test_filetransfer.py':[
671,
671,
671,
],
'project:twisted-12.1.0/twisted/internet/endpoints.py':[
741,
],
'project:twisted-12.1.0/twisted/internet/test/test_address.py':[
40,
41,
43,
],
'project:twisted-12.1.0/twisted/lore/latex.py':[
38,
221,
221,
],
'project:twisted-12.1.0/twisted/lore/lmath.py':[
23,
25,
37,
37,
],
'project:twisted-12.1.0/twisted/lore/texi.py':[
12,
],
'project:twisted-12.1.0/twisted/mail/test/test_imap.py':[
433,
434,
455,
456,
518,
533,
534,
558,
559,
2262,
2432,
2433,
2433,
2740,
2740,
2740,
2740,
2740,
2740,
2740,
2740,
3111,
3111,
3111,
3111,
3111,
3111,
3111,
],
'project:twisted-12.1.0/twisted/mail/test/test_smtp.py':[
91,
91,
91,
91,
],
'project:twisted-12.1.0/twisted/names/client.py':[
530,
530,
],
'project:twisted-12.1.0/twisted/protocols/basic.py':[
27,
116,
118,
],
'project:twisted-12.1.0/twisted/python/_shellcomp.py':[
517,
518,
],
'project:twisted-12.1.0/twisted/python/test/test_release.py':[
648,
],
'project:twisted-12.1.0/twisted/python/test/test_shellcomp.py':[
572,
572,
591,
591,
],
'project:twisted-12.1.0/twisted/python/zshcomp.py':[
524,
525,
],
'project:twisted-12.1.0/twisted/spread/ui/tktree.py':[
4,
4,
4,
],
'project:twisted-12.1.0/twisted/trial/test/test_reporter.py':[
199,
208,
208,
208,
209,
209,
209,
],
'project:twisted-12.1.0/twisted/web/test/test_static.py':[
542,
],
}
