{
'project:django-1.4/django/http/__init__.py':[
530,
],
'project:django-1.4/tests/modeltests/model_forms/models.py':[
197,
],
'project:twisted-12.1.0/twisted/manhole/_inspectro.py':[
342,
344,
],
'project:twisted-12.1.0/twisted/test/test_sip.py':[
876,
884,
],
}
