{
'project:buildbot-0.8.6p1/buildbot/status/master.py':[
137,
],
'project:buildbot-0.8.6p1/buildbot/status/web/feeds.py':[
190,
],
'project:django-1.4/django/contrib/gis/db/models/fields.py':[
161,
],
'project:django-1.4/django/contrib/gis/geos/coordseq.py':[
49,
51,
],
'project:django-1.4/django/contrib/gis/utils/ogrinfo.py':[
20,
],
'project:django-1.4/django/contrib/gis/utils/ogrinspect.py':[
31,
130,
],
'project:django-1.4/django/core/paginator.py':[
30,
],
'project:django-1.4/django/core/serializers/xml_serializer.py':[
291,
],
'project:django-1.4/django/db/backends/oracle/base.py':[
184,
],
'project:django-1.4/django/http/multipartparser.py':[
520,
],
'project:django-1.4/django/template/base.py':[
767,
],
'project:django-1.4/django/utils/regex_helper.py':[
93,
],
'project:django-1.4/django/utils/text.py':[
180,
],
'project:django-1.4/tests/regressiontests/multiple_database/tests.py':[
908,
],
'project:django-1.4/tests/regressiontests/serializers_regress/tests.py':[
410,
416,
],
'project:django-1.4/tests/regressiontests/templates/response.py':[
100,
],
'project:django-1.4/tests/regressiontests/test_utils/tests.py':[
61,
134,
136,
141,
145,
154,
158,
166,
],
'project:tornado-2.3/demos/appengine/markdown.py':[
510,
514,
],
'project:tornado-2.3/demos/blog/markdown.py':[
510,
514,
],
'project:tornado-2.3/tornado/web.py':[
278,
],
'project:twisted-12.1.0/twisted/internet/_threadedselect.py':[
281,
],
'project:twisted-12.1.0/twisted/mail/test/test_pop3.py':[
72,
],
'project:twisted-12.1.0/twisted/pair/test/test_ethernet.py':[
195,
209,
222,
],
'project:twisted-12.1.0/twisted/pair/test/test_ip.py':[
386,
400,
413,
],
'project:twisted-12.1.0/twisted/pair/test/test_rawudp.py':[
282,
296,
310,
323,
],
'project:twisted-12.1.0/twisted/python/dist.py':[
277,
],
'project:twisted-12.1.0/twisted/python/reflect.py':[
781,
],
'project:twisted-12.1.0/twisted/python/test/test_zipstream.py':[
318,
473,
],
'project:twisted-12.1.0/twisted/python/threadable.py':[
79,
],
'project:twisted-12.1.0/twisted/python/usage.py':[
508,
],
'project:twisted-12.1.0/twisted/python/zipstream.py':[
257,
],
'project:twisted-12.1.0/twisted/test/testutils.py':[
18,
],
'project:twisted-12.1.0/twisted/words/im/basesupport.py':[
102,
],
'project:twisted-12.1.0/twisted/words/protocols/irc.py':[
2481,
2710,
],
'project:twisted-12.1.0/twisted/words/protocols/jabber/xmlstream.py':[
435,
],
'project:twisted-12.1.0/twisted/words/protocols/oscar.py':[
155,
],
}
