{
'project:buildbot-0.8.6p1/buildbot/changes/bonsaipoller.py':[
41,
65,
73,
79,
],
'project:buildbot-0.8.6p1/buildbot/changes/changes.py':[
28,
210,
],
'project:buildbot-0.8.6p1/buildbot/clients/base.py':[
78,
],
'project:buildbot-0.8.6p1/buildbot/clients/debug.py':[
26,
],
'project:buildbot-0.8.6p1/buildbot/clients/gtkPanes.py':[
275,
328,
],
'project:buildbot-0.8.6p1/buildbot/clients/sendchange.py':[
21,
],
'project:buildbot-0.8.6p1/buildbot/clients/tryclient.py':[
28,
406,
],
'project:buildbot-0.8.6p1/buildbot/config.py':[
594,
700,
],
'project:buildbot-0.8.6p1/buildbot/db/schedulers.py':[
60,
],
'project:buildbot-0.8.6p1/buildbot/db/state.py':[
81,
],
'project:buildbot-0.8.6p1/buildbot/locks.py':[
27,
163,
],
'project:buildbot-0.8.6p1/buildbot/manhole.py':[
33,
43,
59,
],
'project:buildbot-0.8.6p1/buildbot/master.py':[
763,
],
'project:buildbot-0.8.6p1/buildbot/process/builder.py':[
724,
],
'project:buildbot-0.8.6p1/buildbot/process/buildrequest.py':[
191,
],
'project:buildbot-0.8.6p1/buildbot/process/buildstep.py':[
274,
],
'project:buildbot-0.8.6p1/buildbot/process/mtrlogobserver.py':[
54,
],
'project:buildbot-0.8.6p1/buildbot/process/properties.py':[
140,
181,
],
'project:buildbot-0.8.6p1/buildbot/process/slavebuilder.py':[
175,
],
'project:buildbot-0.8.6p1/buildbot/schedulers/basic.py':[
37,
],
'project:buildbot-0.8.6p1/buildbot/schedulers/timed.py':[
236,
],
'project:buildbot-0.8.6p1/buildbot/scripts/logwatcher.py':[
22,
],
'project:buildbot-0.8.6p1/buildbot/scripts/reconfig.py':[
26,
],
'project:buildbot-0.8.6p1/buildbot/scripts/runner.py':[
180,
],
'project:buildbot-0.8.6p1/buildbot/scripts/startup.py':[
19,
],
'project:buildbot-0.8.6p1/buildbot/status/base.py':[
23,
],
'project:buildbot-0.8.6p1/buildbot/status/buildrequest.py':[
22,
],
'project:buildbot-0.8.6p1/buildbot/status/buildset.py':[
20,
],
'project:buildbot-0.8.6p1/buildbot/status/client.py':[
229,
294,
310,
347,
],
'project:buildbot-0.8.6p1/buildbot/status/event.py':[
19,
],
'project:buildbot-0.8.6p1/buildbot/status/logfile.py':[
44,
177,
642,
],
'project:buildbot-0.8.6p1/buildbot/status/progress.py':[
23,
130,
260,
],
'project:buildbot-0.8.6p1/buildbot/status/slave.py':[
21,
],
'project:buildbot-0.8.6p1/buildbot/status/testresult.py':[
19,
],
'project:buildbot-0.8.6p1/buildbot/status/web/auth.py':[
45,
],
'project:buildbot-0.8.6p1/buildbot/status/web/base.py':[
151,
435,
],
'project:buildbot-0.8.6p1/buildbot/status/web/console.py':[
60,
62,
76,
],
'project:buildbot-0.8.6p1/buildbot/status/web/grid.py':[
21,
],
'project:buildbot-0.8.6p1/buildbot/status/web/logs.py':[
28,
],
'project:buildbot-0.8.6p1/buildbot/status/web/waterfall.py':[
207,
],
'project:buildbot-0.8.6p1/buildbot/status/words.py':[
71,
],
'project:buildbot-0.8.6p1/buildbot/steps/blocker.py':[
350,
],
'project:buildbot-0.8.6p1/buildbot/test/fake/remotecommand.py':[
25,
],
'project:buildbot-0.8.6p1/buildbot/test/regressions/test_shell_command_properties.py':[
24,
28,
52,
61,
],
'project:buildbot-0.8.6p1/buildbot/test/unit/test_process_build.py':[
28,
32,
41,
52,
61,
72,
],
'project:buildbot-0.8.6p1/buildbot/test/unit/test_process_buildstep.py':[
26,
33,
39,
],
'project:buildbot-0.8.6p1/buildbot/test/unit/test_process_metrics.py':[
206,
],
'project:buildbot-0.8.6p1/buildbot/test/unit/test_scripts_runner.py':[
107,
],
'project:buildbot-0.8.6p1/buildbot/test/unit/test_status_build.py':[
23,
],
'project:buildbot-0.8.6p1/buildbot/test/unit/test_util_misc.py':[
65,
],
'project:buildbot-0.8.6p1/buildbot/test/util/gpo.py':[
18,
],
'project:buildbot-0.8.6p1/buildbot/test/util/pbmanager.py':[
19,
],
'project:buildbot-0.8.6p1/buildbot/test/util/scheduler.py':[
121,
],
'project:buildbot-0.8.6p1/buildbot/util/__init__.py':[
73,
79,
151,
],
'project:buildbot-0.8.6p1/buildbot/util/bbcollections.py':[
30,
],
'project:buildbot-0.8.6p1/contrib/bb_applet.py':[
61,
274,
],
'project:buildbot-0.8.6p1/contrib/bk_buildbot.py':[
74,
],
'project:buildbot-0.8.6p1/contrib/buildbot_cvs_mail.py':[
53,
56,
],
'project:buildbot-0.8.6p1/contrib/fakemaster.py':[
26,
58,
],
'project:buildbot-0.8.6p1/contrib/svn_buildbot.py':[
152,
],
'project:buildbot-0.8.6p1/contrib/trac/bbwatcher/web_ui.py':[
80,
],
'project:buildbot-0.8.6p1/contrib/viewcvspoll.py':[
15,
],
'project:buildbot-slave-0.8.6p1/buildslave/commands/base.py':[
68,
],
'project:buildbot-slave-0.8.6p1/buildslave/runprocess.py':[
61,
204,
],
'project:buildbot-slave-0.8.6p1/buildslave/scripts/logwatcher.py':[
22,
],
'project:buildbot-slave-0.8.6p1/buildslave/scripts/runner.py':[
36,
],
'project:buildbot-slave-0.8.6p1/buildslave/scripts/startup.py':[
19,
],
'project:buildbot-slave-0.8.6p1/buildslave/test/fake/remote.py':[
18,
],
'project:buildbot-slave-0.8.6p1/buildslave/test/fake/runprocess.py':[
19,
64,
],
'project:buildbot-slave-0.8.6p1/buildslave/test/fake/slavebuilder.py':[
18,
],
'project:buildbot-slave-0.8.6p1/buildslave/test/unit/test_bot_BuildSlave.py':[
44,
],
'project:buildbot-slave-0.8.6p1/buildslave/test/util/command.py':[
23,
],
'project:buildbot-slave-0.8.6p1/buildslave/util.py':[
39,
],
'project:django-1.4/django/contrib/admin/models.py':[
29,
],
'project:django-1.4/django/contrib/auth/forms.py':[
78,
124,
],
'project:django-1.4/django/contrib/auth/models.py':[
71,
119,
259,
],
'project:django-1.4/django/contrib/comments/models.py':[
30,
72,
178,
],
'project:django-1.4/django/contrib/contenttypes/models.py':[
126,
],
'project:django-1.4/django/contrib/flatpages/forms.py':[
13,
],
'project:django-1.4/django/contrib/flatpages/models.py':[
16,
],
'project:django-1.4/django/contrib/formtools/tests/wizard/forms.py':[
46,
],
'project:django-1.4/django/contrib/formtools/tests/wizard/wizardtests/forms.py':[
56,
],
'project:django-1.4/django/contrib/gis/db/backends/oracle/models.py':[
19,
54,
],
'project:django-1.4/django/contrib/gis/db/backends/postgis/models.py':[
20,
56,
],
'project:django-1.4/django/contrib/gis/db/backends/spatialite/models.py':[
18,
58,
],
'project:django-1.4/django/contrib/gis/gdal/tests/test_srs.py':[
5,
],
'project:django-1.4/django/contrib/redirects/models.py':[
12,
],
'project:django-1.4/django/contrib/sessions/models.py':[
44,
],
'project:django-1.4/django/contrib/sites/models.py':[
41,
],
'project:django-1.4/django/core/management/color.py':[
30,
47,
],
'project:django-1.4/django/core/management/validation.py':[
6,
],
'project:django-1.4/django/db/models/fields/__init__.py':[
22,
],
'project:django-1.4/django/db/models/query_utils.py':[
149,
],
'project:django-1.4/django/test/_doctest.py':[
398,
451,
511,
746,
1027,
1447,
1986,
2560,
],
'project:django-1.4/django/utils/daemonize.py':[
55,
],
'project:django-1.4/django/views/generic/create_update.py':[
46,
],
'project:django-1.4/tests/modeltests/basic/models.py':[
14,
],
'project:django-1.4/tests/modeltests/custom_columns/models.py':[
28,
39,
],
'project:django-1.4/tests/modeltests/custom_pk/models.py':[
20,
29,
],
'project:django-1.4/tests/modeltests/defer/models.py':[
27,
],
'project:django-1.4/tests/modeltests/distinct_on_fields/models.py':[
8,
],
'project:django-1.4/tests/modeltests/fixtures/models.py':[
24,
34,
68,
98,
],
'project:django-1.4/tests/modeltests/fixtures_model_package/models/__init__.py':[
11,
18,
],
'project:django-1.4/tests/modeltests/force_insert_update/models.py':[
16,
],
'project:django-1.4/tests/modeltests/generic_relations/models.py':[
25,
],
'project:django-1.4/tests/modeltests/generic_relations/tests.py':[
238,
],
'project:django-1.4/tests/modeltests/get_latest/models.py':[
18,
],
'project:django-1.4/tests/modeltests/invalid_models/invalid_models/models.py':[
182,
214,
243,
],
'project:django-1.4/tests/modeltests/lookup/models.py':[
12,
19,
28,
],
'project:django-1.4/tests/modeltests/m2m_and_m2o/models.py':[
21,
],
'project:django-1.4/tests/modeltests/m2m_multiple/models.py':[
15,
26,
],
'project:django-1.4/tests/modeltests/m2m_signals/models.py':[
7,
18,
32,
],
'project:django-1.4/tests/modeltests/m2m_through/models.py':[
10,
22,
34,
49,
],
'project:django-1.4/tests/modeltests/many_to_many/models.py':[
19,
29,
],
'project:django-1.4/tests/modeltests/many_to_one/models.py':[
26,
],
'project:django-1.4/tests/modeltests/many_to_one_null/models.py':[
21,
],
'project:django-1.4/tests/modeltests/model_forms/models.py':[
43,
166,
177,
188,
196,
206,
],
'project:django-1.4/tests/modeltests/model_forms/tests.py':[
24,
28,
32,
37,
42,
47,
52,
58,
63,
70,
75,
80,
85,
90,
94,
99,
103,
107,
112,
116,
123,
133,
137,
141,
145,
149,
153,
157,
161,
166,
170,
174,
195,
205,
213,
222,
234,
250,
291,
310,
324,
334,
368,
379,
1411,
1460,
],
'project:django-1.4/tests/modeltests/model_formsets/models.py':[
9,
22,
48,
124,
146,
],
'project:django-1.4/tests/modeltests/model_formsets/tests.py':[
363,
368,
1021,
],
'project:django-1.4/tests/modeltests/model_inheritance/models.py':[
25,
38,
55,
87,
138,
],
'project:django-1.4/tests/modeltests/model_package/models/article.py':[
10,
],
'project:django-1.4/tests/modeltests/model_package/models/publication.py':[
7,
],
'project:django-1.4/tests/modeltests/model_package/tests.py':[
17,
],
'project:django-1.4/tests/modeltests/or_lookups/models.py':[
19,
],
'project:django-1.4/tests/modeltests/order_with_respect_to/models.py':[
15,
25,
],
'project:django-1.4/tests/modeltests/ordering/models.py':[
22,
31,
],
'project:django-1.4/tests/modeltests/prefetch_related/models.py':[
16,
29,
37,
51,
68,
77,
95,
103,
143,
150,
163,
177,
],
'project:django-1.4/tests/modeltests/proxy_model_inheritance/app1/models.py':[
8,
],
'project:django-1.4/tests/modeltests/proxy_models/models.py':[
36,
44,
60,
67,
79,
92,
96,
111,
123,
142,
150,
163,
],
'project:django-1.4/tests/modeltests/proxy_models/tests.py':[
116,
126,
133,
141,
],
'project:django-1.4/tests/modeltests/reserved_names/models.py':[
22,
],
'project:django-1.4/tests/modeltests/serializers/models.py':[
17,
27,
40,
58,
70,
],
'project:django-1.4/tests/modeltests/tablespaces/models.py':[
21,
31,
],
'project:django-1.4/tests/modeltests/timezones/forms.py':[
12,
],
'project:django-1.4/tests/modeltests/transactions/models.py':[
18,
],
'project:django-1.4/tests/modeltests/unmanaged_models/models.py':[
14,
25,
38,
51,
59,
77,
88,
102,
106,
110,
118,
],
'project:django-1.4/tests/modeltests/validation/models.py':[
39,
],
'project:django-1.4/tests/modeltests/validation/tests.py':[
98,
],
'project:django-1.4/tests/regressiontests/admin_changelist/models.py':[
58,
],
'project:django-1.4/tests/regressiontests/admin_inlines/admin.py':[
25,
32,
39,
],
'project:django-1.4/tests/regressiontests/admin_ordering/models.py':[
11,
19,
],
'project:django-1.4/tests/regressiontests/admin_registration/models.py':[
12,
],
'project:django-1.4/tests/regressiontests/admin_scripts/complex_app/models/bar.py':[
10,
],
'project:django-1.4/tests/regressiontests/admin_scripts/complex_app/models/foo.py':[
6,
],
'project:django-1.4/tests/regressiontests/admin_scripts/models.py':[
11,
],
'project:django-1.4/tests/regressiontests/admin_util/models.py':[
37,
],
'project:django-1.4/tests/regressiontests/admin_validation/models.py':[
17,
],
'project:django-1.4/tests/regressiontests/admin_validation/tests.py':[
260,
276,
],
'project:django-1.4/tests/regressiontests/admin_views/admin.py':[
234,
451,
],
'project:django-1.4/tests/regressiontests/admin_views/models.py':[
65,
110,
229,
272,
334,
512,
],
'project:django-1.4/tests/regressiontests/admin_widgets/models.py':[
110,
],
'project:django-1.4/tests/regressiontests/aggregation_regress/models.py':[
33,
],
'project:django-1.4/tests/regressiontests/backends/models.py':[
31,
52,
],
'project:django-1.4/tests/regressiontests/bug639/models.py':[
26,
],
'project:django-1.4/tests/regressiontests/bulk_create/models.py':[
11,
],
'project:django-1.4/tests/regressiontests/cache/tests.py':[
41,
],
'project:django-1.4/tests/regressiontests/custom_columns_regress/models.py':[
21,
32,
],
'project:django-1.4/tests/regressiontests/datatypes/models.py':[
18,
],
'project:django-1.4/tests/regressiontests/defer_regress/models.py':[
38,
],
'project:django-1.4/tests/regressiontests/delete_regress/models.py':[
77,
81,
94,
],
'project:django-1.4/tests/regressiontests/expressions_regress/models.py':[
21,
],
'project:django-1.4/tests/regressiontests/fixtures_regress/models.py':[
23,
48,
65,
73,
81,
95,
109,
127,
],
'project:django-1.4/tests/regressiontests/forms/models.py':[
42,
],
'project:django-1.4/tests/regressiontests/forms/tests/extra.py':[
556,
560,
],
'project:django-1.4/tests/regressiontests/forms/tests/media.py':[
20,
49,
74,
81,
88,
116,
155,
182,
200,
219,
231,
245,
261,
268,
287,
294,
315,
337,
344,
351,
379,
386,
393,
428,
472,
501,
526,
533,
540,
568,
607,
634,
652,
671,
683,
697,
713,
720,
739,
746,
767,
789,
796,
803,
831,
838,
845,
880,
],
'project:django-1.4/tests/regressiontests/forms/tests/models.py':[
17,
119,
134,
157,
177,
195,
],
'project:django-1.4/tests/regressiontests/forms/tests/regressions.py':[
133,
],
'project:django-1.4/tests/regressiontests/forms/tests/util.py':[
46,
],
'project:django-1.4/tests/regressiontests/generic_inline_admin/models.py':[
60,
],
'project:django-1.4/tests/regressiontests/generic_inline_admin/tests.py':[
260,
290,
],
'project:django-1.4/tests/regressiontests/generic_views/forms.py':[
12,
],
'project:django-1.4/tests/regressiontests/generic_views/models.py':[
7,
23,
36,
],
'project:django-1.4/tests/regressiontests/i18n/forms.py':[
25,
],
'project:django-1.4/tests/regressiontests/i18n/models.py':[
16,
],
'project:django-1.4/tests/regressiontests/introspection/models.py':[
21,
],
'project:django-1.4/tests/regressiontests/localflavor/au/forms.py':[
10,
],
'project:django-1.4/tests/regressiontests/localflavor/au/models.py':[
13,
],
'project:django-1.4/tests/regressiontests/localflavor/mk/forms.py':[
10,
],
'project:django-1.4/tests/regressiontests/localflavor/mk/models.py':[
14,
],
'project:django-1.4/tests/regressiontests/localflavor/mx/forms.py':[
10,
],
'project:django-1.4/tests/regressiontests/localflavor/mx/models.py':[
12,
],
'project:django-1.4/tests/regressiontests/localflavor/us/forms.py':[
10,
],
'project:django-1.4/tests/regressiontests/localflavor/us/models.py':[
14,
],
'project:django-1.4/tests/regressiontests/managers_regress/models.py':[
23,
34,
44,
],
'project:django-1.4/tests/regressiontests/model_forms_regress/models.py':[
15,
71,
],
'project:django-1.4/tests/regressiontests/model_forms_regress/tests.py':[
46,
66,
95,
106,
146,
161,
171,
190,
208,
233,
273,
306,
333,
350,
362,
433,
459,
],
'project:django-1.4/tests/regressiontests/model_formsets_regress/tests.py':[
268,
348,
],
'project:django-1.4/tests/regressiontests/model_inheritance_regress/models.py':[
9,
68,
86,
109,
124,
134,
157,
],
'project:django-1.4/tests/regressiontests/model_inheritance_select_related/models.py':[
12,
],
'project:django-1.4/tests/regressiontests/model_regress/models.py':[
17,
],
'project:django-1.4/tests/regressiontests/modeladmin/models.py':[
11,
],
'project:django-1.4/tests/regressiontests/modeladmin/tests.py':[
142,
158,
188,
204,
231,
253,
278,
322,
348,
456,
470,
713,
736,
],
'project:django-1.4/tests/regressiontests/multiple_database/models.py':[
18,
32,
60,
70,
77,
],
'project:django-1.4/tests/regressiontests/null_fk/models.py':[
30,
],
'project:django-1.4/tests/regressiontests/null_fk_ordering/models.py':[
23,
46,
],
'project:django-1.4/tests/regressiontests/queries/models.py':[
22,
32,
57,
68,
82,
99,
110,
128,
144,
150,
156,
199,
256,
265,
272,
],
'project:django-1.4/tests/regressiontests/requests/tests.py':[
65,
79,
],
'project:django-1.4/tests/regressiontests/serializers_regress/models.py':[
93,
111,
261,
278,
282,
],
'project:django-1.4/tests/regressiontests/sites_framework/models.py':[
11,
],
'project:django-1.4/tests/regressiontests/syndication/models.py':[
8,
],
'project:django-1.4/tests/regressiontests/templates/filters.py':[
16,
20,
],
'project:django-1.4/tests/regressiontests/templates/tests.py':[
94,
125,
148,
],
'project:django-1.4/tests/regressiontests/views/models.py':[
25,
],
'project:django-1.4/tests/regressiontests/views/views.py':[
31,
],
'project:tornado-2.3/tornado/test/twisted_test.py':[
189,
212,
],
'project:twisted-12.1.0/doc/conch/examples/sshsimpleserver.py':[
28,
67,
],
'project:twisted-12.1.0/doc/core/examples/bananabench.py':[
18,
],
'project:twisted-12.1.0/doc/core/examples/cred.py':[
26,
35,
44,
130,
],
'project:twisted-12.1.0/doc/core/examples/echoserv_ssl.py':[
8,
],
'project:twisted-12.1.0/doc/core/examples/gpsfix.py':[
19,
],
'project:twisted-12.1.0/doc/core/examples/pb_exceptions.py':[
10,
],
'project:twisted-12.1.0/doc/core/examples/pbbenchclient.py':[
7,
],
'project:twisted-12.1.0/doc/core/examples/pbbenchserver.py':[
31,
],
'project:twisted-12.1.0/doc/core/examples/pbecho.py':[
31,
],
'project:twisted-12.1.0/doc/core/examples/pbgtk2.py':[
20,
97,
],
'project:twisted-12.1.0/doc/core/howto/listings/TwistedQuotes/quoters.py':[
9,
25,
],
'project:twisted-12.1.0/doc/core/howto/listings/pb/cache_sender.py':[
11,
],
'project:twisted-12.1.0/doc/core/howto/listings/pb/chatserver.py':[
12,
22,
],
'project:twisted-12.1.0/doc/core/howto/listings/pb/copy2_classes.py':[
8,
],
'project:twisted-12.1.0/doc/core/howto/listings/pb/copy2_sender.py':[
11,
],
'project:twisted-12.1.0/doc/core/howto/listings/pb/copy_sender.py':[
10,
20,
],
'project:twisted-12.1.0/doc/core/howto/listings/pb/pb2client.py':[
20,
],
'project:twisted-12.1.0/doc/core/howto/listings/pb/pb5server.py':[
18,
],
'project:twisted-12.1.0/doc/core/howto/listings/pb/pb6server.py':[
18,
],
'project:twisted-12.1.0/doc/core/howto/listings/pb/trap_client.py':[
13,
33,
],
'project:twisted-12.1.0/doc/core/howto/tutorial/listings/finger/finger/finger.py':[
315,
],
'project:twisted-12.1.0/doc/core/howto/tutorial/listings/finger/finger22.py':[
306,
],
'project:twisted-12.1.0/doc/historic/2003/pycon/deferex/deferex-complex-failure.py':[
6,
],
'project:twisted-12.1.0/doc/historic/2003/pycon/deferex/deferex-listing0.py':[
2,
],
'project:twisted-12.1.0/doc/historic/2003/pycon/pb/pb-client1.py':[
6,
],
'project:twisted-12.1.0/doc/historic/2003/pycon/pb/pb-slides.py':[
5,
],
'project:twisted-12.1.0/doc/historic/2003/pycon/twisted-internet/twisted-internet.py':[
6,
],
'project:twisted-12.1.0/doc/web/examples/advogato.py':[
17,
],
'project:twisted-12.1.0/doc/web/howto/listings/xmlrpc-customized.py':[
3,
13,
],
'project:twisted-12.1.0/doc/words/examples/cursesclient.py':[
33,
],
'project:twisted-12.1.0/doc/words/examples/ircLogBot.py':[
35,
],
'project:twisted-12.1.0/twisted/application/app.py':[
487,
],
'project:twisted-12.1.0/twisted/application/service.py':[
155,
350,
],
'project:twisted-12.1.0/twisted/conch/avatar.py':[
8,
],
'project:twisted-12.1.0/twisted/conch/checkers.py':[
85,
122,
232,
],
'project:twisted-12.1.0/twisted/conch/insults/helper.py':[
24,
],
'project:twisted-12.1.0/twisted/conch/insults/insults.py':[
273,
300,
342,
478,
923,
],
'project:twisted-12.1.0/twisted/conch/manhole.py':[
23,
237,
],
'project:twisted-12.1.0/twisted/conch/manhole_ssh.py':[
20,
32,
88,
],
'project:twisted-12.1.0/twisted/conch/manhole_tap.py':[
22,
31,
38,
],
'project:twisted-12.1.0/twisted/conch/mixin.py':[
16,
],
'project:twisted-12.1.0/twisted/conch/scripts/cftp.py':[
116,
],
'project:twisted-12.1.0/twisted/conch/scripts/conch.py':[
235,
],
'project:twisted-12.1.0/twisted/conch/ssh/filetransfer.py':[
773,
799,
],
'project:twisted-12.1.0/twisted/conch/ssh/session.py':[
149,
],
'project:twisted-12.1.0/twisted/conch/ssh/transport.py':[
1298,
1315,
1496,
],
'project:twisted-12.1.0/twisted/conch/telnet.py':[
386,
396,
812,
],
'project:twisted-12.1.0/twisted/conch/test/test_cftp.py':[
207,
322,
],
'project:twisted-12.1.0/twisted/conch/test/test_conch.py':[
54,
264,
441,
473,
],
'project:twisted-12.1.0/twisted/conch/test/test_connection.py':[
105,
],
'project:twisted-12.1.0/twisted/conch/test/test_filetransfer.py':[
60,
469,
486,
],
'project:twisted-12.1.0/twisted/conch/test/test_helper.py':[
437,
458,
],
'project:twisted-12.1.0/twisted/conch/test/test_insults.py':[
60,
],
'project:twisted-12.1.0/twisted/conch/test/test_knownhosts.py':[
71,
],
'project:twisted-12.1.0/twisted/conch/test/test_manhole.py':[
99,
],
'project:twisted-12.1.0/twisted/conch/test/test_recvline.py':[
428,
598,
675,
],
'project:twisted-12.1.0/twisted/conch/test/test_session.py':[
42,
250,
423,
],
'project:twisted-12.1.0/twisted/conch/test/test_ssh.py':[
210,
242,
264,
283,
328,
383,
],
'project:twisted-12.1.0/twisted/conch/test/test_telnet.py':[
20,
],
'project:twisted-12.1.0/twisted/conch/test/test_transport.py':[
28,
29,
30,
31,
32,
33,
187,
1078,
],
'project:twisted-12.1.0/twisted/conch/test/test_userauth.py':[
31,
32,
37,
38,
1004,
1005,
],
'project:twisted-12.1.0/twisted/conch/ui/ansi.py':[
15,
42,
],
'project:twisted-12.1.0/twisted/conch/unix.py':[
27,
128,
293,
381,
431,
],
'project:twisted-12.1.0/twisted/cred/checkers.py':[
52,
60,
99,
248,
],
'project:twisted-12.1.0/twisted/cred/credentials.py':[
367,
401,
412,
423,
452,
477,
],
'project:twisted-12.1.0/twisted/cred/portal.py':[
45,
],
'project:twisted-12.1.0/twisted/cred/strcred.py':[
131,
],
'project:twisted-12.1.0/twisted/enterprise/adbapi.py':[
81,
128,
],
'project:twisted-12.1.0/twisted/internet/_oldtls.py':[
48,
],
'project:twisted-12.1.0/twisted/internet/_pollingfile.py':[
20,
32,
],
'project:twisted-12.1.0/twisted/internet/_sslverify.py':[
120,
427,
],
'project:twisted-12.1.0/twisted/internet/base.py':[
277,
],
'project:twisted-12.1.0/twisted/internet/defer.py':[
181,
622,
857,
],
'project:twisted-12.1.0/twisted/internet/iocpreactor/udp.py':[
279,
],
'project:twisted-12.1.0/twisted/internet/protocol.py':[
22,
196,
443,
634,
749,
],
'project:twisted-12.1.0/twisted/internet/serialport.py':[
29,
],
'project:twisted-12.1.0/twisted/internet/ssl.py':[
32,
99,
],
'project:twisted-12.1.0/twisted/internet/task.py':[
24,
667,
],
'project:twisted-12.1.0/twisted/internet/test/connectionmixins.py':[
552,
],
'project:twisted-12.1.0/twisted/internet/test/reactormixins.py':[
91,
180,
],
'project:twisted-12.1.0/twisted/internet/test/test_baseprocess.py':[
28,
47,
],
'project:twisted-12.1.0/twisted/internet/test/test_gtkreactor.py':[
20,
21,
26,
],
'project:twisted-12.1.0/twisted/internet/test/test_inotify.py':[
45,
],
'project:twisted-12.1.0/twisted/internet/test/test_interfaces.py':[
47,
],
'project:twisted-12.1.0/twisted/internet/test/test_iocp.py':[
134,
],
'project:twisted-12.1.0/twisted/internet/test/test_posixbase.py':[
128,
156,
],
'project:twisted-12.1.0/twisted/internet/test/test_protocol.py':[
20,
],
'project:twisted-12.1.0/twisted/internet/test/test_sigchld.py':[
20,
],
'project:twisted-12.1.0/twisted/internet/test/test_tls.py':[
41,
],
'project:twisted-12.1.0/twisted/internet/test/test_unix.py':[
51,
],
'project:twisted-12.1.0/twisted/internet/udp.py':[
271,
],
'project:twisted-12.1.0/twisted/internet/wxsupport.py':[
35,
],
'project:twisted-12.1.0/twisted/lore/default.py':[
15,
],
'project:twisted-12.1.0/twisted/lore/htmlbook.py':[
11,
],
'project:twisted-12.1.0/twisted/lore/latex.py':[
62,
],
'project:twisted-12.1.0/twisted/lore/lint.py':[
19,
],
'project:twisted-12.1.0/twisted/lore/man2lore.py':[
281,
],
'project:twisted-12.1.0/twisted/lore/process.py':[
22,
],
'project:twisted-12.1.0/twisted/lore/slides.py':[
234,
],
'project:twisted-12.1.0/twisted/lore/test/test_lore.py':[
57,
1051,
],
'project:twisted-12.1.0/twisted/mail/alias.py':[
97,
142,
196,
356,
],
'project:twisted-12.1.0/twisted/mail/imap4.py':[
269,
295,
328,
350,
4312,
4392,
4407,
4426,
5282,
5349,
5350,
5364,
5368,
5372,
5376,
5380,
5384,
5388,
5392,
5423,
5428,
5449,
5452,
5663,
],
'project:twisted-12.1.0/twisted/mail/mail.py':[
26,
181,
209,
],
'project:twisted-12.1.0/twisted/mail/maildir.py':[
41,
102,
173,
358,
503,
],
'project:twisted-12.1.0/twisted/mail/pop3.py':[
36,
50,
943,
],
'project:twisted-12.1.0/twisted/mail/pop3client.py':[
58,
],
'project:twisted-12.1.0/twisted/mail/protocols.py':[
25,
211,
],
'project:twisted-12.1.0/twisted/mail/relay.py':[
19,
59,
],
'project:twisted-12.1.0/twisted/mail/relaymanager.py':[
42,
134,
317,
470,
],
'project:twisted-12.1.0/twisted/mail/scripts/mailmail.py':[
41,
185,
],
'project:twisted-12.1.0/twisted/mail/smtp.py':[
352,
452,
1599,
1753,
],
'project:twisted-12.1.0/twisted/mail/tap.py':[
263,
],
'project:twisted-12.1.0/twisted/mail/test/test_imap.py':[
144,
888,
1021,
1781,
1787,
2454,
4069,
4076,
4088,
],
'project:twisted-12.1.0/twisted/mail/test/test_mail.py':[
890,
1598,
2014,
],
'project:twisted-12.1.0/twisted/mail/test/test_pop3.py':[
145,
160,
417,
440,
533,
570,
],
'project:twisted-12.1.0/twisted/mail/test/test_pop3client.py':[
173,
180,
439,
],
'project:twisted-12.1.0/twisted/mail/test/test_smtp.py':[
175,
219,
386,
407,
433,
489,
534,
580,
831,
1282,
],
'project:twisted-12.1.0/twisted/manhole/_inspectro.py':[
197,
306,
],
'project:twisted-12.1.0/twisted/manhole/explorer.py':[
505,
586,
638,
],
'project:twisted-12.1.0/twisted/manhole/service.py':[
29,
352,
],
'project:twisted-12.1.0/twisted/manhole/test/test_explorer.py':[
17,
83,
],
'project:twisted-12.1.0/twisted/manhole/ui/gtk2manhole.py':[
128,
168,
208,
326,
],
'project:twisted-12.1.0/twisted/names/client.py':[
453,
],
'project:twisted-12.1.0/twisted/names/common.py':[
21,
],
'project:twisted-12.1.0/twisted/names/dns.py':[
282,
374,
1531,
],
'project:twisted-12.1.0/twisted/names/resolve.py':[
19,
],
'project:twisted-12.1.0/twisted/names/root.py':[
50,
415,
],
'project:twisted-12.1.0/twisted/names/srvconnect.py':[
15,
32,
],
'project:twisted-12.1.0/twisted/names/test/test_rootresolve.py':[
584,
],
'project:twisted-12.1.0/twisted/news/database.py':[
35,
196,
228,
488,
735,
],
'project:twisted-12.1.0/twisted/news/test/test_database.py':[
20,
],
'project:twisted-12.1.0/twisted/pair/ethernet.py':[
26,
],
'project:twisted-12.1.0/twisted/pair/ip.py':[
18,
],
'project:twisted-12.1.0/twisted/pair/rawudp.py':[
15,
],
'project:twisted-12.1.0/twisted/pair/test/test_ethernet.py':[
12,
],
'project:twisted-12.1.0/twisted/pair/test/test_ip.py':[
12,
],
'project:twisted-12.1.0/twisted/persisted/aot.py':[
26,
43,
55,
69,
96,
125,
135,
269,
456,
],
'project:twisted-12.1.0/twisted/persisted/crefutil.py':[
16,
116,
138,
],
'project:twisted-12.1.0/twisted/persisted/dirdbm.py':[
40,
],
'project:twisted-12.1.0/twisted/persisted/sob.py':[
61,
],
'project:twisted-12.1.0/twisted/persisted/styles.py':[
111,
170,
],
'project:twisted-12.1.0/twisted/persisted/test/test_styles.py':[
12,
23,
],
'project:twisted-12.1.0/twisted/protocols/amp.py':[
643,
952,
1140,
1546,
1790,
2434,
],
'project:twisted-12.1.0/twisted/protocols/basic.py':[
489,
834,
870,
],
'project:twisted-12.1.0/twisted/protocols/dict.py':[
71,
],
'project:twisted-12.1.0/twisted/protocols/ftp.py':[
1915,
2028,
],
'project:twisted-12.1.0/twisted/protocols/htb.py':[
33,
106,
227,
],
'project:twisted-12.1.0/twisted/protocols/ident.py':[
141,
],
'project:twisted-12.1.0/twisted/protocols/loopback.py':[
257,
],
'project:twisted-12.1.0/twisted/protocols/pcp.py':[
14,
],
'project:twisted-12.1.0/twisted/protocols/policies.py':[
656,
],
'project:twisted-12.1.0/twisted/protocols/sip.py':[
372,
537,
842,
1008,
1088,
1280,
],
'project:twisted-12.1.0/twisted/protocols/test/test_tls.py':[
40,
],
'project:twisted-12.1.0/twisted/python/compat.py':[
119,
],
'project:twisted-12.1.0/twisted/python/components.py':[
147,
],
'project:twisted-12.1.0/twisted/python/context.py':[
23,
],
'project:twisted-12.1.0/twisted/python/failure.py':[
143,
],
'project:twisted-12.1.0/twisted/python/finalize.py':[
29,
],
'project:twisted-12.1.0/twisted/python/formmethod.py':[
29,
329,
335,
351,
],
'project:twisted-12.1.0/twisted/python/htmlizer.py':[
12,
51,
],
'project:twisted-12.1.0/twisted/python/lockfile.py':[
88,
],
'project:twisted-12.1.0/twisted/python/log.py':[
23,
222,
235,
413,
547,
643,
668,
],
'project:twisted-12.1.0/twisted/python/logfile.py':[
17,
303,
],
'project:twisted-12.1.0/twisted/python/modules.py':[
104,
238,
479,
486,
527,
],
'project:twisted-12.1.0/twisted/python/rebuild.py':[
22,
],
'project:twisted-12.1.0/twisted/python/reflect.py':[
39,
169,
280,
],
'project:twisted-12.1.0/twisted/python/roots.py':[
22,
43,
61,
],
'project:twisted-12.1.0/twisted/python/runtime.py':[
33,
],
'project:twisted-12.1.0/twisted/python/shortcut.py':[
26,
],
'project:twisted-12.1.0/twisted/python/syslog.py':[
21,
],
'project:twisted-12.1.0/twisted/python/test/test_components.py':[
69,
186,
190,
194,
226,
231,
694,
],
'project:twisted-12.1.0/twisted/python/test/test_fakepwd.py':[
26,
219,
],
'project:twisted-12.1.0/twisted/python/test/test_inotify.py':[
33,
46,
59,
73,
104,
116,
],
'project:twisted-12.1.0/twisted/python/test/test_zipstream.py':[
16,
],
'project:twisted-12.1.0/twisted/python/threadpool.py':[
22,
],
'project:twisted-12.1.0/twisted/python/urlpath.py':[
10,
],
'project:twisted-12.1.0/twisted/python/util.py':[
18,
408,
454,
489,
526,
545,
],
'project:twisted-12.1.0/twisted/python/zshcomp.py':[
173,
270,
],
'project:twisted-12.1.0/twisted/runner/inetdconf.py':[
34,
85,
],
'project:twisted-12.1.0/twisted/runner/procmon.py':[
15,
],
'project:twisted-12.1.0/twisted/scripts/test/test_scripts.py':[
21,
],
'project:twisted-12.1.0/twisted/scripts/tkunzip.py':[
37,
118,
],
'project:twisted-12.1.0/twisted/spread/flavors.py':[
507,
534,
],
'project:twisted-12.1.0/twisted/spread/jelly.py':[
300,
318,
341,
364,
619,
938,
983,
1015,
],
'project:twisted-12.1.0/twisted/spread/pb.py':[
131,
207,
373,
1302,
1317,
],
'project:twisted-12.1.0/twisted/spread/ui/gtk2util.py':[
33,
],
'project:twisted-12.1.0/twisted/spread/ui/tktree.py':[
21,
67,
113,
],
'project:twisted-12.1.0/twisted/spread/ui/tkutil.py':[
197,
],
'project:twisted-12.1.0/twisted/spread/util.py':[
20,
29,
60,
86,
],
'project:twisted-12.1.0/twisted/test/crash_test_dummy.py':[
12,
],
'project:twisted-12.1.0/twisted/test/iosim.py':[
22,
41,
185,
],
'project:twisted-12.1.0/twisted/test/myrebuilder1.py':[
2,
],
'project:twisted-12.1.0/twisted/test/myrebuilder2.py':[
2,
],
'project:twisted-12.1.0/twisted/test/plugin_basic.py':[
18,
32,
46,
],
'project:twisted-12.1.0/twisted/test/plugin_extra1.py':[
16,
],
'project:twisted-12.1.0/twisted/test/plugin_extra2.py':[
16,
26,
],
'project:twisted-12.1.0/twisted/test/proto_helpers.py':[
89,
99,
],
'project:twisted-12.1.0/twisted/test/ssl_helpers.py':[
16,
],
'project:twisted-12.1.0/twisted/test/test_adbapi.py':[
27,
248,
321,
],
'project:twisted-12.1.0/twisted/test/test_amp.py':[
498,
922,
1094,
1180,
1845,
1849,
2208,
2631,
],
'project:twisted-12.1.0/twisted/test/test_application.py':[
23,
300,
308,
],
'project:twisted-12.1.0/twisted/test/test_compat.py':[
17,
],
'project:twisted-12.1.0/twisted/test/test_cooperator.py':[
197,
222,
],
'project:twisted-12.1.0/twisted/test/test_defgen.py':[
30,
],
'project:twisted-12.1.0/twisted/test/test_explorer.py':[
31,
55,
70,
80,
],
'project:twisted-12.1.0/twisted/test/test_ftp.py':[
2352,
2840,
2941,
2952,
],
'project:twisted-12.1.0/twisted/test/test_hook.py':[
13,
],
'project:twisted-12.1.0/twisted/test/test_htb.py':[
8,
],
'project:twisted-12.1.0/twisted/test/test_jelly.py':[
38,
57,
69,
110,
479,
635,
],
'project:twisted-12.1.0/twisted/test/test_log.py':[
259,
263,
272,
],
'project:twisted-12.1.0/twisted/test/test_loopback.py':[
49,
],
'project:twisted-12.1.0/twisted/test/test_manhole.py':[
10,
13,
],
'project:twisted-12.1.0/twisted/test/test_memcache.py':[
21,
],
'project:twisted-12.1.0/twisted/test/test_monkey.py':[
12,
],
'project:twisted-12.1.0/twisted/test/test_newcred.py':[
34,
68,
365,
382,
],
'project:twisted-12.1.0/twisted/test/test_nmea.py':[
19,
],
'project:twisted-12.1.0/twisted/test/test_paths.py':[
377,
1555,
],
'project:twisted-12.1.0/twisted/test/test_pb.py':[
56,
1633,
1706,
],
'project:twisted-12.1.0/twisted/test/test_pcp.py':[
35,
47,
90,
136,
233,
],
'project:twisted-12.1.0/twisted/test/test_persisted.py':[
28,
198,
206,
213,
252,
258,
],
'project:twisted-12.1.0/twisted/test/test_policies.py':[
147,
],
'project:twisted-12.1.0/twisted/test/test_postfix.py':[
34,
],
'project:twisted-12.1.0/twisted/test/test_process.py':[
769,
992,
],
'project:twisted-12.1.0/twisted/test/test_protocols.py':[
375,
401,
],
'project:twisted-12.1.0/twisted/test/test_rebuild.py':[
14,
19,
133,
],
'project:twisted-12.1.0/twisted/test/test_reflect.py':[
350,
362,
373,
387,
433,
],
'project:twisted-12.1.0/twisted/test/test_sip.py':[
89,
382,
387,
],
'project:twisted-12.1.0/twisted/test/test_socks.py':[
33,
],
'project:twisted-12.1.0/twisted/test/test_ssl.py':[
225,
625,
],
'project:twisted-12.1.0/twisted/test/test_sslverify.py':[
467,
471,
482,
],
'project:twisted-12.1.0/twisted/test/test_tcp.py':[
1117,
],
'project:twisted-12.1.0/twisted/test/test_threadable.py':[
15,
],
'project:twisted-12.1.0/twisted/test/test_threads.py':[
191,
],
'project:twisted-12.1.0/twisted/test/test_udp.py':[
16,
452,
],
'project:twisted-12.1.0/twisted/test/test_unix.py':[
211,
366,
],
'project:twisted-12.1.0/twisted/test/testutils.py':[
4,
],
'project:twisted-12.1.0/twisted/trial/test/suppression.py':[
29,
],
'project:twisted-12.1.0/twisted/trial/test/test_assertions.py':[
451,
466,
483,
],
'project:twisted-12.1.0/twisted/trial/test/test_reporter.py':[
724,
],
'project:twisted-12.1.0/twisted/trial/test/test_runner.py':[
96,
],
'project:twisted-12.1.0/twisted/trial/test/test_tests.py':[
16,
508,
],
'project:twisted-12.1.0/twisted/web/_newclient.py':[
544,
764,
865,
1084,
1132,
],
'project:twisted-12.1.0/twisted/web/distrib.py':[
109,
],
'project:twisted-12.1.0/twisted/web/http.py':[
348,
511,
],
'project:twisted-12.1.0/twisted/web/microdom.py':[
996,
],
'project:twisted-12.1.0/twisted/web/resource.py':[
70,
],
'project:twisted-12.1.0/twisted/web/script.py':[
34,
],
'project:twisted-12.1.0/twisted/web/server.py':[
391,
],
'project:twisted-12.1.0/twisted/web/soap.py':[
117,
],
'project:twisted-12.1.0/twisted/web/test/test_distrib.py':[
283,
],
'project:twisted-12.1.0/twisted/web/test/test_domhelpers.py':[
18,
],
'project:twisted-12.1.0/twisted/web/test/test_httpauth.py':[
39,
121,
],
'project:twisted-12.1.0/twisted/web/test/test_newclient.py':[
136,
816,
841,
917,
940,
1570,
],
'project:twisted-12.1.0/twisted/web/test/test_soap.py':[
12,
],
'project:twisted-12.1.0/twisted/web/test/test_web.py':[
23,
221,
222,
],
'project:twisted-12.1.0/twisted/web/test/test_webclient.py':[
431,
526,
537,
885,
1329,
],
'project:twisted-12.1.0/twisted/web/test/test_wsgi.py':[
32,
54,
107,
1260,
],
'project:twisted-12.1.0/twisted/web/test/test_xmlrpc.py':[
522,
],
'project:twisted-12.1.0/twisted/web/wsgi.py':[
22,
66,
133,
344,
],
'project:twisted-12.1.0/twisted/web/xmlrpc.py':[
63,
465,
],
'project:twisted-12.1.0/twisted/words/im/baseaccount.py':[
9,
],
'project:twisted-12.1.0/twisted/words/im/basechat.py':[
12,
106,
179,
310,
],
'project:twisted-12.1.0/twisted/words/im/basesupport.py':[
23,
63,
89,
],
'project:twisted-12.1.0/twisted/words/im/locals.py':[
5,
],
'project:twisted-12.1.0/twisted/words/protocols/jabber/xmlstream.py':[
60,
],
'project:twisted-12.1.0/twisted/words/protocols/jabber/xmpp_stringprep.py':[
12,
53,
60,
70,
77,
90,
155,
],
'project:twisted-12.1.0/twisted/words/protocols/msn.py':[
331,
399,
470,
],
'project:twisted-12.1.0/twisted/words/protocols/oscar.py':[
97,
179,
207,
],
'project:twisted-12.1.0/twisted/words/test/test_domish.py':[
119,
],
'project:twisted-12.1.0/twisted/words/test/test_jabbercomponent.py':[
16,
],
'project:twisted-12.1.0/twisted/words/test/test_jabberxmlstream.py':[
439,
555,
571,
],
'project:twisted-12.1.0/twisted/words/test/test_xishutil.py':[
15,
34,
],
'project:twisted-12.1.0/twisted/words/xish/domish.py':[
31,
204,
734,
],
'project:twisted-12.1.0/twisted/words/xish/utility.py':[
31,
126,
],
'project:twisted-12.1.0/twisted/words/xish/xpath.py':[
24,
32,
48,
64,
108,
119,
127,
189,
278,
],
'project:twisted-12.1.0/twisted/words/xish/xpathparser.py':[
54,
199,
222,
],
}
