{
'project:buildbot-0.8.6p1/buildbot/changes/bonsaipoller.py':[
95,
96,
97,
98,
99,
],
'project:buildbot-0.8.6p1/buildbot/changes/changes.py':[
220,
],
'project:buildbot-0.8.6p1/buildbot/clients/tryclient.py':[
407,
408,
],
'project:buildbot-0.8.6p1/buildbot/config.py':[
56,
57,
58,
59,
60,
61,
62,
63,
64,
65,
67,
68,
69,
70,
71,
656,
659,
667,
],
'project:buildbot-0.8.6p1/buildbot/locks.py':[
44,
166,
167,
],
'project:buildbot-0.8.6p1/buildbot/master.py':[
50,
51,
],
'project:buildbot-0.8.6p1/buildbot/monkeypatches/bug4881.py':[
121,
],
'project:buildbot-0.8.6p1/buildbot/process/buildrequest.py':[
73,
],
'project:buildbot-0.8.6p1/buildbot/scripts/checkconfig.py':[
23,
],
'project:buildbot-0.8.6p1/buildbot/status/logfile.py':[
85,
193,
194,
195,
196,
199,
200,
201,
233,
234,
],
'project:buildbot-0.8.6p1/buildbot/status/persistent_queue.py':[
84,
146,
151,
152,
155,
157,
158,
270,
273,
],
'project:buildbot-0.8.6p1/buildbot/status/progress.py':[
36,
37,
38,
39,
134,
],
'project:buildbot-0.8.6p1/buildbot/status/slave.py':[
33,
34,
],
'project:buildbot-0.8.6p1/buildbot/status/web/authz.py':[
24,
48,
],
'project:buildbot-0.8.6p1/buildbot/status/web/console.py':[
83,
],
'project:buildbot-0.8.6p1/buildbot/status/words.py':[
72,
77,
78,
],
'project:buildbot-0.8.6p1/buildbot/steps/blocker.py':[
355,
],
'project:buildbot-0.8.6p1/buildbot/test/fake/remotecommand.py':[
33,
],
'project:buildbot-0.8.6p1/buildbot/test/unit/test_process_botmaster_DuplicateSlaveArbitrator.py':[
32,
59,
60,
61,
90,
],
'project:buildbot-0.8.6p1/buildbot/test/unit/test_process_build.py':[
53,
54,
55,
56,
57,
58,
],
'project:buildbot-0.8.6p1/buildbot/test/unit/test_process_users_manual.py':[
36,
],
'project:buildbot-0.8.6p1/buildbot/test/unit/test_schedulers_basic.py':[
46,
],
'project:buildbot-0.8.6p1/buildbot/util/eventual.py':[
28,
],
'project:buildbot-slave-0.8.6p1/buildslave/commands/base.py':[
134,
136,
],
'project:buildbot-slave-0.8.6p1/buildslave/monkeypatches/bug4881.py':[
121,
],
'project:buildbot-slave-0.8.6p1/buildslave/runprocess.py':[
212,
221,
222,
278,
279,
280,
318,
319,
322,
323,
324,
325,
332,
351,
353,
],
'project:buildbot-slave-0.8.6p1/buildslave/test/fake/slavebuilder.py':[
28,
],
'project:django-1.4/django/contrib/gis/geos/mutable_list.py':[
58,
],
'project:django-1.4/django/dispatch/saferef.py':[
71,
129,
131,
132,
133,
134,
143,
],
'project:django-1.4/django/utils/unittest/case.py':[
100,
],
'project:django-1.4/django/utils/unittest/main.py':[
73,
93,
94,
95,
144,
],
'project:django-1.4/django/utils/unittest/suite.py':[
246,
285,
286,
287,
],
'project:django-1.4/tests/regressiontests/mail/tests.py':[
331,
],
'project:django-1.4/tests/regressiontests/model_fields/imagefield.py':[
26,
28,
],
'project:twisted-12.1.0/doc/core/benchmarks/netstringreceiver.py':[
31,
32,
88,
],
'project:twisted-12.1.0/doc/core/examples/dbcred.py':[
51,
52,
53,
57,
],
'project:twisted-12.1.0/doc/core/examples/pbbenchclient.py':[
10,
23,
],
'project:twisted-12.1.0/doc/core/examples/pbgtk2.py':[
22,
39,
],
'project:twisted-12.1.0/doc/core/examples/threadedselect/blockingdemo.py':[
17,
],
'project:twisted-12.1.0/doc/core/howto/listings/pb/copy2_classes.py':[
10,
11,
],
'project:twisted-12.1.0/doc/core/howto/listings/pb/copy_sender.py':[
13,
],
'project:twisted-12.1.0/doc/core/howto/listings/pb/pb2client.py':[
22,
],
'project:twisted-12.1.0/doc/lore/howto/listings/lore/a_lore_plugin.py':[
11,
],
'project:twisted-12.1.0/twisted/application/app.py':[
35,
36,
204,
372,
373,
494,
497,
498,
],
'project:twisted-12.1.0/twisted/application/reactors.py':[
53,
54,
],
'project:twisted-12.1.0/twisted/application/service.py':[
83,
358,
],
'project:twisted-12.1.0/twisted/application/test/test_internet.py':[
43,
44,
45,
],
'project:twisted-12.1.0/twisted/conch/avatar.py':[
12,
13,
],
'project:twisted-12.1.0/twisted/conch/checkers.py':[
94,
101,
129,
248,
253,
],
'project:twisted-12.1.0/twisted/conch/client/knownhosts.py':[
80,
81,
304,
426,
],
'project:twisted-12.1.0/twisted/conch/insults/helper.py':[
41,
],
'project:twisted-12.1.0/twisted/conch/insults/window.py':[
25,
26,
27,
28,
29,
],
'project:twisted-12.1.0/twisted/conch/manhole.py':[
245,
254,
],
'project:twisted-12.1.0/twisted/conch/manhole_ssh.py':[
36,
89,
90,
92,
93,
],
'project:twisted-12.1.0/twisted/conch/manhole_tap.py':[
42,
43,
44,
],
'project:twisted-12.1.0/twisted/conch/mixin.py':[
19,
],
'project:twisted-12.1.0/twisted/conch/recvline.py':[
32,
90,
],
'project:twisted-12.1.0/twisted/conch/scripts/conch.py':[
239,
],
'project:twisted-12.1.0/twisted/conch/ssh/filetransfer.py':[
804,
],
'project:twisted-12.1.0/twisted/conch/ssh/keys.py':[
63,
91,
121,
161,
175,
240,
266,
298,
344,
369,
378,
],
'project:twisted-12.1.0/twisted/conch/ssh/transport.py':[
1337,
1352,
1360,
1361,
1362,
1363,
1364,
1365,
1366,
1367,
1368,
1513,
],
'project:twisted-12.1.0/twisted/conch/telnet.py':[
418,
],
'project:twisted-12.1.0/twisted/conch/test/test_cftp.py':[
324,
],
'project:twisted-12.1.0/twisted/conch/test/test_channel.py':[
42,
],
'project:twisted-12.1.0/twisted/conch/test/test_conch.py':[
55,
271,
310,
312,
314,
315,
],
'project:twisted-12.1.0/twisted/conch/test/test_insults.py':[
28,
],
'project:twisted-12.1.0/twisted/conch/test/test_knownhosts.py':[
817,
818,
819,
],
'project:twisted-12.1.0/twisted/conch/test/test_manhole.py':[
100,
281,
304,
359,
],
'project:twisted-12.1.0/twisted/conch/test/test_recvline.py':[
599,
676,
],
'project:twisted-12.1.0/twisted/conch/test/test_session.py':[
96,
105,
118,
131,
140,
142,
145,
155,
162,
370,
],
'project:twisted-12.1.0/twisted/conch/test/test_ssh.py':[
48,
141,
143,
148,
149,
192,
329,
395,
],
'project:twisted-12.1.0/twisted/conch/test/test_telnet.py':[
23,
24,
31,
32,
33,
34,
],
'project:twisted-12.1.0/twisted/conch/test/test_transport.py':[
125,
126,
127,
128,
129,
130,
131,
132,
133,
134,
135,
],
'project:twisted-12.1.0/twisted/conch/test/test_userauth.py':[
216,
232,
254,
272,
],
'project:twisted-12.1.0/twisted/conch/ui/ansi.py':[
65,
65,
66,
66,
],
'project:twisted-12.1.0/twisted/conch/unix.py':[
136,
167,
198,
],
'project:twisted-12.1.0/twisted/cred/checkers.py':[
54,
74,
115,
116,
158,
165,
250,
],
'project:twisted-12.1.0/twisted/cred/credentials.py':[
198,
199,
456,
458,
482,
],
'project:twisted-12.1.0/twisted/cred/strcred.py':[
156,
157,
],
'project:twisted-12.1.0/twisted/enterprise/adbapi.py':[
159,
160,
164,
202,
234,
236,
],
'project:twisted-12.1.0/twisted/internet/_newtls.py':[
257,
270,
],
'project:twisted-12.1.0/twisted/internet/_oldtls.py':[
49,
51,
52,
53,
53,
302,
],
'project:twisted-12.1.0/twisted/internet/_pollingfile.py':[
38,
39,
],
'project:twisted-12.1.0/twisted/internet/_ssl.py':[
30,
],
'project:twisted-12.1.0/twisted/internet/_sslverify.py':[
432,
665,
674,
675,
676,
677,
678,
679,
680,
681,
],
'project:twisted-12.1.0/twisted/internet/abstract.py':[
58,
59,
],
'project:twisted-12.1.0/twisted/internet/base.py':[
224,
401,
462,
466,
472,
473,
474,
475,
479,
480,
482,
907,
909,
1114,
],
'project:twisted-12.1.0/twisted/internet/defer.py':[
227,
228,
233,
239,
627,
],
'project:twisted-12.1.0/twisted/internet/endpoints.py':[
243,
296,
352,
412,
414,
464,
510,
539,
553,
],
'project:twisted-12.1.0/twisted/internet/inotify.py':[
128,
],
'project:twisted-12.1.0/twisted/internet/process.py':[
504,
],
'project:twisted-12.1.0/twisted/internet/protocol.py':[
35,
219,
640,
761,
],
'project:twisted-12.1.0/twisted/internet/serialport.py':[
41,
],
'project:twisted-12.1.0/twisted/internet/ssl.py':[
35,
102,
108,
],
'project:twisted-12.1.0/twisted/internet/task.py':[
63,
64,
112,
124,
374,
375,
376,
522,
524,
606,
675,
],
'project:twisted-12.1.0/twisted/internet/tcp.py':[
105,
153,
154,
365,
366,
427,
659,
671,
675,
],
'project:twisted-12.1.0/twisted/internet/test/reactormixins.py':[
238,
239,
240,
241,
406,
],
'project:twisted-12.1.0/twisted/internet/test/test_base.py':[
31,
35,
37,
],
'project:twisted-12.1.0/twisted/internet/test/test_fdset.py':[
363,
],
'project:twisted-12.1.0/twisted/internet/test/test_sigchld.py':[
68,
73,
],
'project:twisted-12.1.0/twisted/internet/test/test_tcp.py':[
111,
212,
212,
212,
212,
224,
763,
],
'project:twisted-12.1.0/twisted/internet/test/test_tls.py':[
42,
48,
54,
75,
117,
],
'project:twisted-12.1.0/twisted/internet/test/test_udp_internals.py':[
36,
],
'project:twisted-12.1.0/twisted/internet/test/test_win32events.py':[
45,
45,
45,
],
'project:twisted-12.1.0/twisted/internet/unix.py':[
65,
66,
69,
],
'project:twisted-12.1.0/twisted/internet/win32eventreactor.py':[
331,
376,
],
'project:twisted-12.1.0/twisted/lore/default.py':[
35,
],
'project:twisted-12.1.0/twisted/lore/htmlbook.py':[
15,
],
'project:twisted-12.1.0/twisted/lore/latex.py':[
66,
99,
],
'project:twisted-12.1.0/twisted/lore/lint.py':[
22,
],
'project:twisted-12.1.0/twisted/lore/man2lore.py':[
122,
],
'project:twisted-12.1.0/twisted/lore/tree.py':[
962,
],
'project:twisted-12.1.0/twisted/mail/alias.py':[
218,
219,
224,
],
'project:twisted-12.1.0/twisted/mail/imap4.py':[
296,
332,
360,
4412,
5400,
5401,
5582,
5666,
5674,
],
'project:twisted-12.1.0/twisted/mail/mail.py':[
217,
],
'project:twisted-12.1.0/twisted/mail/maildir.py':[
184,
506,
],
'project:twisted-12.1.0/twisted/mail/pop3.py':[
105,
124,
],
'project:twisted-12.1.0/twisted/mail/protocols.py':[
31,
],
'project:twisted-12.1.0/twisted/mail/relaymanager.py':[
231,
358,
359,
362,
363,
478,
479,
482,
],
'project:twisted-12.1.0/twisted/mail/scripts/mailmail.py':[
212,
213,
214,
215,
223,
],
'project:twisted-12.1.0/twisted/mail/test/test_imap.py':[
893,
899,
900,
1023,
1024,
1782,
1788,
2463,
],
'project:twisted-12.1.0/twisted/mail/test/test_mail.py':[
664,
1335,
],
'project:twisted-12.1.0/twisted/mail/test/test_options.py':[
209,
],
'project:twisted-12.1.0/twisted/mail/test/test_pop3.py':[
441,
442,
575,
591,
597,
],
'project:twisted-12.1.0/twisted/mail/test/test_pop3client.py':[
440,
441,
],
'project:twisted-12.1.0/twisted/mail/test/test_smtp.py':[
434,
435,
541,
564,
1161,
],
'project:twisted-12.1.0/twisted/manhole/_inspectro.py':[
316,
],
'project:twisted-12.1.0/twisted/manhole/explorer.py':[
592,
],
'project:twisted-12.1.0/twisted/manhole/ui/gtk2manhole.py':[
129,
131,
172,
213,
],
'project:twisted-12.1.0/twisted/names/client.py':[
454,
],
'project:twisted-12.1.0/twisted/names/common.py':[
37,
],
'project:twisted-12.1.0/twisted/names/dns.py':[
1536,
1537,
1544,
1547,
1550,
1551,
1552,
1654,
1698,
],
'project:twisted-12.1.0/twisted/names/srvconnect.py':[
18,
37,
50,
51,
52,
56,
],
'project:twisted-12.1.0/twisted/names/test/test_rootresolve.py':[
48,
49,
50,
],
'project:twisted-12.1.0/twisted/news/database.py':[
491,
492,
],
'project:twisted-12.1.0/twisted/news/test/test_database.py':[
42,
],
'project:twisted-12.1.0/twisted/persisted/aot.py':[
76,
276,
531,
],
'project:twisted-12.1.0/twisted/persisted/crefutil.py':[
25,
],
'project:twisted-12.1.0/twisted/persisted/styles.py':[
190,
191,
],
'project:twisted-12.1.0/twisted/plugin.py':[
74,
96,
],
'project:twisted-12.1.0/twisted/plugins/cred_anonymous.py':[
28,
29,
30,
31,
],
'project:twisted-12.1.0/twisted/plugins/cred_file.py':[
36,
37,
38,
40,
42,
],
'project:twisted-12.1.0/twisted/plugins/cred_memory.py':[
41,
42,
43,
44,
],
'project:twisted-12.1.0/twisted/plugins/cred_sshkeys.py':[
31,
32,
33,
34,
],
'project:twisted-12.1.0/twisted/plugins/cred_unix.py':[
48,
122,
123,
124,
125,
],
'project:twisted-12.1.0/twisted/plugins/twisted_lore.py':[
12,
],
'project:twisted-12.1.0/twisted/plugins/twisted_trial.py':[
14,
15,
],
'project:twisted-12.1.0/twisted/plugins/twisted_words.py':[
32,
42,
],
'project:twisted-12.1.0/twisted/protocols/amp.py':[
670,
671,
673,
1085,
1614,
1616,
1617,
1619,
1663,
1689,
1705,
1720,
2028,
2029,
2030,
2488,
],
'project:twisted-12.1.0/twisted/protocols/basic.py':[
882,
],
'project:twisted-12.1.0/twisted/protocols/ftp.py':[
578,
579,
602,
1614,
1790,
1901,
1923,
2034,
],
'project:twisted-12.1.0/twisted/protocols/htb.py':[
53,
54,
117,
118,
122,
123,
253,
],
'project:twisted-12.1.0/twisted/protocols/loopback.py':[
28,
85,
262,
268,
],
'project:twisted-12.1.0/twisted/protocols/pcp.py':[
29,
30,
31,
],
'project:twisted-12.1.0/twisted/protocols/policies.py':[
666,
668,
],
'project:twisted-12.1.0/twisted/protocols/sip.py':[
260,
261,
274,
844,
845,
],
'project:twisted-12.1.0/twisted/protocols/test/test_tls.py':[
64,
],
'project:twisted-12.1.0/twisted/protocols/tls.py':[
130,
171,
],
'project:twisted-12.1.0/twisted/python/_release.py':[
972,
973,
974,
975,
976,
977,
1262,
1305,
],
'project:twisted-12.1.0/twisted/python/_shellcomp.py':[
158,
269,
273,
274,
275,
276,
311,
312,
317,
322,
327,
],
'project:twisted-12.1.0/twisted/python/components.py':[
166,
167,
367,
368,
401,
402,
],
'project:twisted-12.1.0/twisted/python/constants.py':[
102,
104,
140,
153,
172,
],
'project:twisted-12.1.0/twisted/python/failure.py':[
168,
199,
441,
],
'project:twisted-12.1.0/twisted/python/formmethod.py':[
33,
38,
42,
43,
340,
357,
],
'project:twisted-12.1.0/twisted/python/htmlizer.py':[
14,
14,
15,
53,
],
'project:twisted-12.1.0/twisted/python/log.py':[
420,
564,
],
'project:twisted-12.1.0/twisted/python/logfile.py':[
37,
49,
],
'project:twisted-12.1.0/twisted/python/modules.py':[
261,
263,
593,
594,
595,
596,
597,
598,
607,
],
'project:twisted-12.1.0/twisted/python/monkey.py':[
15,
],
'project:twisted-12.1.0/twisted/python/randbytes.py':[
39,
],
'project:twisted-12.1.0/twisted/python/rebuild.py':[
30,
],
'project:twisted-12.1.0/twisted/python/roots.py':[
31,
],
'project:twisted-12.1.0/twisted/python/test/test_components.py':[
71,
492,
],
'project:twisted-12.1.0/twisted/python/test/test_release.py':[
568,
],
'project:twisted-12.1.0/twisted/python/threadpool.py':[
38,
39,
],
'project:twisted-12.1.0/twisted/python/urlpath.py':[
40,
45,
],
'project:twisted-12.1.0/twisted/python/usage.py':[
590,
852,
853,
854,
855,
],
'project:twisted-12.1.0/twisted/python/util.py':[
531,
546,
],
'project:twisted-12.1.0/twisted/python/versions.py':[
189,
190,
],
'project:twisted-12.1.0/twisted/python/win32.py':[
118,
119,
120,
140,
],
'project:twisted-12.1.0/twisted/python/zipstream.py':[
90,
],
'project:twisted-12.1.0/twisted/python/zshcomp.py':[
291,
292,
293,
294,
324,
325,
330,
335,
340,
],
'project:twisted-12.1.0/twisted/runner/inetdconf.py':[
43,
44,
89,
95,
],
'project:twisted-12.1.0/twisted/runner/test/test_procmon.py':[
30,
44,
45,
70,
],
'project:twisted-12.1.0/twisted/scripts/tkunzip.py':[
52,
53,
54,
55,
57,
58,
],
'project:twisted-12.1.0/twisted/spread/jelly.py':[
381,
455,
623,
625,
1020,
1030,
1048,
1049,
],
'project:twisted-12.1.0/twisted/spread/ui/tkutil.py':[
212,
213,
214,
215,
217,
218,
],
'project:twisted-12.1.0/twisted/spread/util.py':[
33,
68,
69,
97,
98,
101,
],
'project:twisted-12.1.0/twisted/test/iosim.py':[
25,
27,
55,
57,
193,
194,
],
'project:twisted-12.1.0/twisted/test/proto_helpers.py':[
90,
141,
142,
144,
282,
317,
395,
396,
397,
398,
399,
400,
401,
504,
505,
],
'project:twisted-12.1.0/twisted/test/ssl_helpers.py':[
17,
],
'project:twisted-12.1.0/twisted/test/test_adbapi.py':[
584,
],
'project:twisted-12.1.0/twisted/test/test_amp.py':[
508,
509,
510,
1850,
2218,
2220,
2224,
2226,
],
'project:twisted-12.1.0/twisted/test/test_application.py':[
24,
301,
],
'project:twisted-12.1.0/twisted/test/test_explorer.py':[
82,
83,
],
'project:twisted-12.1.0/twisted/test/test_ftp.py':[
699,
2828,
2943,
],
'project:twisted-12.1.0/twisted/test/test_hook.py':[
21,
22,
23,
],
'project:twisted-12.1.0/twisted/test/test_log.py':[
289,
],
'project:twisted-12.1.0/twisted/test/test_loopback.py':[
256,
290,
],
'project:twisted-12.1.0/twisted/test/test_newcred.py':[
37,
38,
372,
380,
383,
384,
385,
387,
],
'project:twisted-12.1.0/twisted/test/test_pb.py':[
65,
66,
1118,
1120,
1647,
],
'project:twisted-12.1.0/twisted/test/test_pbfailure.py':[
414,
],
'project:twisted-12.1.0/twisted/test/test_pcp.py':[
237,
],
'project:twisted-12.1.0/twisted/test/test_process.py':[
996,
1281,
1284,
1285,
1286,
1297,
1303,
1304,
],
'project:twisted-12.1.0/twisted/test/test_protocols.py':[
403,
],
'project:twisted-12.1.0/twisted/test/test_rebuild.py':[
27,
],
'project:twisted-12.1.0/twisted/test/test_reflect.py':[
450,
451,
],
'project:twisted-12.1.0/twisted/test/test_ssl.py':[
258,
258,
260,
260,
],
'project:twisted-12.1.0/twisted/test/test_tcp.py':[
110,
112,
113,
118,
],
'project:twisted-12.1.0/twisted/test/test_twistd.py':[
222,
500,
823,
824,
],
'project:twisted-12.1.0/twisted/test/test_udp.py':[
21,
],
'project:twisted-12.1.0/twisted/test/testutils.py':[
12,
13,
],
'project:twisted-12.1.0/twisted/test/time_helpers.py':[
24,
],
'project:twisted-12.1.0/twisted/trial/reporter.py':[
868,
971,
],
'project:twisted-12.1.0/twisted/trial/runner.py':[
328,
434,
435,
438,
440,
502,
517,
647,
739,
767,
773,
775,
776,
777,
778,
],
'project:twisted-12.1.0/twisted/trial/test/test_reporter.py':[
33,
1583,
1639,
],
'project:twisted-12.1.0/twisted/trial/test/test_runner.py':[
47,
55,
780,
],
'project:twisted-12.1.0/twisted/trial/test/test_tests.py':[
536,
537,
537,
538,
],
'project:twisted-12.1.0/twisted/trial/test/test_util.py':[
322,
324,
],
'project:twisted-12.1.0/twisted/trial/unittest.py':[
540,
541,
542,
],
'project:twisted-12.1.0/twisted/trial/util.py':[
139,
],
'project:twisted-12.1.0/twisted/web/_auth/basic.py':[
34,
],
'project:twisted-12.1.0/twisted/web/_auth/wrapper.py':[
31,
35,
82,
96,
],
'project:twisted-12.1.0/twisted/web/_newclient.py':[
572,
912,
913,
921,
930,
995,
1041,
],
'project:twisted-12.1.0/twisted/web/_stan.py':[
62,
63,
117,
119,
120,
124,
],
'project:twisted-12.1.0/twisted/web/client.py':[
688,
730,
732,
843,
844,
927,
928,
929,
1345,
1541,
],
'project:twisted-12.1.0/twisted/web/http.py':[
561,
563,
565,
569,
581,
583,
797,
1315,
1316,
1317,
1417,
1418,
],
'project:twisted-12.1.0/twisted/web/http_headers.py':[
135,
145,
],
'project:twisted-12.1.0/twisted/web/microdom.py':[
112,
115,
116,
],
'project:twisted-12.1.0/twisted/web/resource.py':[
81,
90,
],
'project:twisted-12.1.0/twisted/web/script.py':[
38,
],
'project:twisted-12.1.0/twisted/web/server.py':[
393,
394,
395,
],
'project:twisted-12.1.0/twisted/web/static.py':[
673,
681,
],
'project:twisted-12.1.0/twisted/web/template.py':[
394,
432,
],
'project:twisted-12.1.0/twisted/web/test/test_httpauth.py':[
50,
304,
305,
306,
600,
],
'project:twisted-12.1.0/twisted/web/test/test_proxy.py':[
115,
],
'project:twisted-12.1.0/twisted/web/test/test_template.py':[
214,
215,
667,
],
'project:twisted-12.1.0/twisted/web/test/test_web.py':[
66,
68,
69,
70,
72,
171,
770,
],
'project:twisted-12.1.0/twisted/web/test/test_webclient.py':[
1084,
1349,
],
'project:twisted-12.1.0/twisted/web/test/test_wsgi.py':[
112,
],
'project:twisted-12.1.0/twisted/web/wsgi.py':[
166,
361,
],
'project:twisted-12.1.0/twisted/web/xmlrpc.py':[
505,
542,
543,
544,
],
'project:twisted-12.1.0/twisted/words/im/basechat.py':[
38,
338,
341,
342,
],
'project:twisted-12.1.0/twisted/words/im/basesupport.py':[
105,
],
'project:twisted-12.1.0/twisted/words/protocols/jabber/sasl_mechanisms.py':[
90,
],
'project:twisted-12.1.0/twisted/words/protocols/msn.py':[
362,
363,
367,
424,
425,
431,
432,
433,
434,
490,
],
'project:twisted-12.1.0/twisted/words/protocols/oscar.py':[
115,
117,
119,
124,
136,
138,
157,
184,
213,
217,
218,
230,
],
'project:twisted-12.1.0/twisted/words/service.py':[
140,
146,
1081,
1082,
],
'project:twisted-12.1.0/twisted/words/test/test_basesupport.py':[
38,
],
'project:twisted-12.1.0/twisted/words/test/test_jabbersasl.py':[
32,
],
'project:twisted-12.1.0/twisted/words/test/test_service.py':[
208,
209,
],
'project:twisted-12.1.0/twisted/words/test/test_xishutil.py':[
40,
],
'project:twisted-12.1.0/twisted/words/xish/domish.py':[
39,
40,
388,
401,
405,
737,
738,
739,
747,
748,
749,
750,
],
'project:twisted-12.1.0/twisted/words/xish/utility.py':[
169,
170,
171,
173,
],
'project:twisted-12.1.0/twisted/words/xish/xpath.py':[
110,
130,
131,
192,
193,
280,
282,
],
}
