{
'project:buildbot-0.8.6p1/buildbot/__init__.py':[
39,
],
'project:buildbot-0.8.6p1/buildbot/changes/changes.py':[
183,
247,
],
'project:buildbot-0.8.6p1/buildbot/changes/filter.py':[
66,
78,
106,
],
'project:buildbot-0.8.6p1/buildbot/changes/gitpoller.py':[
319,
],
'project:buildbot-0.8.6p1/buildbot/changes/mail.py':[
222,
324,
],
'project:buildbot-0.8.6p1/buildbot/changes/p4poller.py':[
178,
],
'project:buildbot-0.8.6p1/buildbot/changes/svnpoller.py':[
33,
40,
42,
],
'project:buildbot-0.8.6p1/buildbot/clients/gtkPanes.py':[
25,
],
'project:buildbot-0.8.6p1/buildbot/clients/tryclient.py':[
359,
361,
],
'project:buildbot-0.8.6p1/buildbot/db/buildsets.py':[
86,
],
'project:buildbot-0.8.6p1/buildbot/db/pool.py':[
306,
312,
314,
],
'project:buildbot-0.8.6p1/buildbot/locks.py':[
148,
152,
],
'project:buildbot-0.8.6p1/buildbot/manhole.py':[
55,
],
'project:buildbot-0.8.6p1/buildbot/master.py':[
509,
],
'project:buildbot-0.8.6p1/buildbot/pbmanager.py':[
160,
],
'project:buildbot-0.8.6p1/buildbot/process/build.py':[
98,
],
'project:buildbot-0.8.6p1/buildbot/process/buildstep.py':[
168,
879,
],
'project:buildbot-0.8.6p1/buildbot/process/factory.py':[
31,
],
'project:buildbot-0.8.6p1/buildbot/process/mtrlogobserver.py':[
348,
],
'project:buildbot-0.8.6p1/buildbot/process/users/users.py':[
129,
],
'project:buildbot-0.8.6p1/buildbot/schedulers/dependent.py':[
84,
],
'project:buildbot-0.8.6p1/buildbot/schedulers/timed.py':[
290,
],
'project:buildbot-0.8.6p1/buildbot/scripts/runner.py':[
89,
],
'project:buildbot-0.8.6p1/buildbot/status/build.py':[
125,
145,
],
'project:buildbot-0.8.6p1/buildbot/status/builder.py':[
264,
275,
],
'project:buildbot-0.8.6p1/buildbot/status/buildstep.py':[
91,
112,
118,
166,
],
'project:buildbot-0.8.6p1/buildbot/status/client.py':[
482,
506,
],
'project:buildbot-0.8.6p1/buildbot/status/event.py':[
28,
],
'project:buildbot-0.8.6p1/buildbot/status/logfile.py':[
115,
379,
],
'project:buildbot-0.8.6p1/buildbot/status/mail.py':[
441,
573,
675,
],
'project:buildbot-0.8.6p1/buildbot/status/progress.py':[
164,
292,
],
'project:buildbot-0.8.6p1/buildbot/status/results.py':[
23,
],
'project:buildbot-0.8.6p1/buildbot/status/status_push.py':[
188,
383,
],
'project:buildbot-0.8.6p1/buildbot/status/web/base.py':[
596,
],
'project:buildbot-0.8.6p1/buildbot/status/web/builder.py':[
414,
],
'project:buildbot-0.8.6p1/buildbot/status/web/change_hook.py':[
128,
],
'project:buildbot-0.8.6p1/buildbot/status/web/console.py':[
336,
495,
],
'project:buildbot-0.8.6p1/buildbot/status/web/grid.py':[
99,
],
'project:buildbot-0.8.6p1/buildbot/status/web/hooks/base.py':[
37,
75,
],
'project:buildbot-0.8.6p1/buildbot/status/web/hooks/github.py':[
98,
],
'project:buildbot-0.8.6p1/buildbot/status/web/waterfall.py':[
215,
686,
687,
708,
737,
752,
774,
799,
],
'project:buildbot-0.8.6p1/buildbot/status/words.py':[
440,
],
'project:buildbot-0.8.6p1/buildbot/steps/blocker.py':[
209,
311,
],
'project:buildbot-0.8.6p1/buildbot/steps/shell.py':[
449,
460,
506,
513,
515,
517,
],
'project:buildbot-0.8.6p1/buildbot/steps/source/oldsource.py':[
667,
1399,
1401,
],
'project:buildbot-0.8.6p1/buildbot/test/fake/fakedb.py':[
1008,
],
'project:buildbot-0.8.6p1/buildbot/test/fake/remotecommand.py':[
169,
173,
177,
],
'project:buildbot-0.8.6p1/buildbot/test/unit/test_changes_filter.py':[
51,
],
'project:buildbot-0.8.6p1/buildbot/test/unit/test_changes_mail.py':[
66,
86,
],
'project:buildbot-0.8.6p1/buildbot/test/unit/test_steps_trigger.py':[
182,
],
'project:buildbot-0.8.6p1/buildbot/test/unit/test_util_lru.py':[
244,
],
'project:buildbot-0.8.6p1/buildbot/util/sautils.py':[
40,
],
'project:buildbot-0.8.6p1/contrib/buildbot_json.py':[
900,
],
'project:buildbot-0.8.6p1/contrib/bzr_buildbot.py':[
169,
],
'project:buildbot-0.8.6p1/contrib/fakemaster.py':[
50,
],
'project:buildbot-0.8.6p1/contrib/svn_buildbot.py':[
125,
141,
],
'project:buildbot-0.8.6p1/contrib/trac/bbwatcher/web_ui.py':[
41,
56,
],
'project:buildbot-0.8.6p1/contrib/webhook_status.py':[
61,
],
'project:buildbot-0.8.6p1/docs/bbdocs/ext.py':[
118,
],
'project:buildbot-0.8.6p1/setup.py':[
38,
],
'project:buildbot-slave-0.8.6p1/buildslave/__init__.py':[
39,
],
'project:buildbot-slave-0.8.6p1/buildslave/bot.py':[
259,
279,
],
'project:buildbot-slave-0.8.6p1/buildslave/runprocess.py':[
100,
],
'project:buildbot-slave-0.8.6p1/buildslave/scripts/startup.py':[
121,
],
'project:buildbot-slave-0.8.6p1/buildslave/test/unit/test_commands_transfer.py':[
401,
],
'project:django-1.4/django/bin/profiling/gather_profile_stats.py':[
33,
],
'project:django-1.4/django/bin/unique-messages.py':[
17,
],
'project:django-1.4/django/conf/urls/__init__.py':[
37,
],
'project:django-1.4/django/contrib/admin/options.py':[
581,
],
'project:django-1.4/django/contrib/admin/templatetags/admin_list.py':[
212,
],
'project:django-1.4/django/contrib/admin/util.py':[
300,
376,
],
'project:django-1.4/django/contrib/admin/validation.py':[
169,
],
'project:django-1.4/django/contrib/admin/views/main.py':[
179,
],
'project:django-1.4/django/contrib/admindocs/views.py':[
131,
235,
],
'project:django-1.4/django/contrib/auth/hashers.py':[
19,
],
'project:django-1.4/django/contrib/auth/management/__init__.py':[
19,
],
'project:django-1.4/django/contrib/auth/models.py':[
85,
127,
267,
],
'project:django-1.4/django/contrib/auth/tests/forms.py':[
271,
],
'project:django-1.4/django/contrib/auth/tests/hashers.py':[
109,
127,
],
'project:django-1.4/django/contrib/auth/tokens.py':[
38,
65,
],
'project:django-1.4/django/contrib/comments/views/comments.py':[
121,
],
'project:django-1.4/django/contrib/contenttypes/models.py':[
169,
],
'project:django-1.4/django/contrib/formtools/wizard/storage/base.py':[
90,
],
'project:django-1.4/django/contrib/gis/db/backends/base.py':[
190,
280,
282,
284,
],
'project:django-1.4/django/contrib/gis/db/backends/oracle/operations.py':[
153,
],
'project:django-1.4/django/contrib/gis/db/backends/postgis/adapter.py':[
27,
],
'project:django-1.4/django/contrib/gis/db/backends/postgis/operations.py':[
299,
310,
455,
],
'project:django-1.4/django/contrib/gis/db/backends/spatialite/operations.py':[
48,
276,
],
'project:django-1.4/django/contrib/gis/db/models/proxy.py':[
33,
],
'project:django-1.4/django/contrib/gis/db/models/sql/where.py':[
28,
],
'project:django-1.4/django/contrib/gis/gdal/envelope.py':[
156,
161,
166,
],
'project:django-1.4/django/contrib/gis/gdal/field.py':[
61,
],
'project:django-1.4/django/contrib/gis/gdal/geometries.py':[
190,
563,
565,
577,
579,
581,
],
'project:django-1.4/django/contrib/gis/gdal/geomtype.py':[
70,
],
'project:django-1.4/django/contrib/gis/gdal/srs.py':[
225,
234,
],
'project:django-1.4/django/contrib/gis/gdal/tests/test_geom.py':[
70,
341,
425,
],
'project:django-1.4/django/contrib/gis/gdal/tests/test_srs.py':[
89,
],
'project:django-1.4/django/contrib/gis/geoip/tests.py':[
20,
60,
61,
63,
74,
76,
78,
94,
],
'project:django-1.4/django/contrib/gis/geos/coordseq.py':[
72,
],
'project:django-1.4/django/contrib/gis/geos/geometry.py':[
166,
509,
655,
],
'project:django-1.4/django/contrib/gis/geos/tests/test_geos.py':[
51,
216,
231,
854,
1001,
],
'project:django-1.4/django/contrib/gis/geos/tests/test_geos_mutation.py':[
47,
66,
],
'project:django-1.4/django/contrib/gis/geos/tests/test_io.py':[
17,
45,
67,
89,
],
'project:django-1.4/django/contrib/gis/geos/tests/test_mutable_list.py':[
209,
308,
351,
],
'project:django-1.4/django/contrib/gis/maps/google/zoom.py':[
83,
100,
141,
],
'project:django-1.4/django/contrib/gis/tests/geoapp/feeds.py':[
27,
41,
],
'project:django-1.4/django/contrib/gis/tests/geoapp/test_sitemaps.py':[
45,
],
'project:django-1.4/django/contrib/gis/tests/geoapp/tests.py':[
664,
666,
],
'project:django-1.4/django/contrib/gis/tests/layermap/tests.py':[
48,
152,
158,
250,
],
'project:django-1.4/django/contrib/gis/tests/relatedapp/tests.py':[
29,
281,
],
'project:django-1.4/django/contrib/gis/tests/test_geoforms.py':[
12,
49,
],
'project:django-1.4/django/contrib/gis/tests/test_measure.py':[
19,
26,
30,
],
'project:django-1.4/django/contrib/humanize/templatetags/humanize.py':[
143,
],
'project:django-1.4/django/contrib/localflavor/ca/forms.py':[
148,
],
'project:django-1.4/django/contrib/localflavor/cz/forms.py':[
89,
90,
94,
105,
],
'project:django-1.4/django/contrib/localflavor/es/forms.py':[
188,
],
'project:django-1.4/django/contrib/localflavor/id/forms.py':[
155,
157,
],
'project:django-1.4/django/contrib/localflavor/mk/forms.py':[
83,
],
'project:django-1.4/django/contrib/localflavor/se/utils.py':[
9,
18,
21,
43,
],
'project:django-1.4/django/contrib/localflavor/uy/util.py':[
12,
],
'project:django-1.4/django/contrib/messages/tests/base.py':[
157,
200,
231,
257,
],
'project:django-1.4/django/contrib/sessions/backends/cache.py':[
59,
],
'project:django-1.4/django/contrib/sessions/backends/cached_db.py':[
37,
],
'project:django-1.4/django/contrib/staticfiles/finders.py':[
63,
],
'project:django-1.4/django/core/files/temp.py':[
46,
],
'project:django-1.4/django/core/management/commands/dumpdata.py':[
177,
],
'project:django-1.4/django/core/management/commands/makemessages.py':[
67,
73,
89,
301,
],
'project:django-1.4/django/core/management/validation.py':[
30,
],
'project:django-1.4/django/core/paginator.py':[
148,
],
'project:django-1.4/django/core/serializers/python.py':[
86,
],
'project:django-1.4/django/core/urlresolvers.py':[
65,
],
'project:django-1.4/django/db/backends/sqlite3/base.py':[
363,
],
'project:django-1.4/django/db/backends/sqlite3/introspection.py':[
38,
],
'project:django-1.4/django/db/models/base.py':[
423,
],
'project:django-1.4/django/db/models/fields/files.py':[
217,
],
'project:django-1.4/django/db/models/options.py':[
393,
],
'project:django-1.4/django/db/models/query.py':[
334,
742,
1544,
],
'project:django-1.4/django/db/models/sql/compiler.py':[
391,
402,
642,
1058,
],
'project:django-1.4/django/db/models/sql/query.py':[
1079,
1179,
1342,
1466,
],
'project:django-1.4/django/db/models/sql/where.py':[
185,
205,
213,
345,
],
'project:django-1.4/django/dispatch/dispatcher.py':[
10,
],
'project:django-1.4/django/dispatch/saferef.py':[
142,
],
'project:django-1.4/django/forms/formsets.py':[
220,
221,
],
'project:django-1.4/django/forms/models.py':[
887,
903,
],
'project:django-1.4/django/http/multipartparser.py':[
548,
578,
],
'project:django-1.4/django/template/base.py':[
1081,
],
'project:django-1.4/django/template/debug.py':[
94,
],
'project:django-1.4/django/template/defaultfilters.py':[
50,
251,
],
'project:django-1.4/django/template/defaulttags.py':[
248,
],
'project:django-1.4/django/template/loader.py':[
135,
],
'project:django-1.4/django/template/loaders/app_directories.py':[
57,
],
'project:django-1.4/django/template/loaders/cached.py':[
34,
],
'project:django-1.4/django/template/loaders/eggs.py':[
25,
],
'project:django-1.4/django/template/loaders/filesystem.py':[
39,
],
'project:django-1.4/django/test/_doctest.py':[
1209,
1473,
1475,
2014,
2023,
2080,
],
'project:django-1.4/django/test/client.py':[
119,
],
'project:django-1.4/django/test/utils.py':[
146,
],
'project:django-1.4/django/utils/_os.py':[
68,
],
'project:django-1.4/django/utils/cache.py':[
48,
50,
76,
],
'project:django-1.4/django/utils/checksums.py':[
20,
],
'project:django-1.4/django/utils/copycompat.py':[
13,
],
'project:django-1.4/django/utils/datastructures.py':[
353,
],
'project:django-1.4/django/utils/dateformat.py':[
249,
268,
],
'project:django-1.4/django/utils/functional.py':[
85,
],
'project:django-1.4/django/utils/http.py':[
216,
],
'project:django-1.4/django/utils/jslex.py':[
66,
],
'project:django-1.4/django/utils/simplejson/encoder.py':[
182,
],
'project:django-1.4/django/utils/termcolors.py':[
54,
],
'project:django-1.4/django/utils/unittest/case.py':[
577,
585,
],
'project:django-1.4/django/utils/unittest/result.py':[
138,
],
'project:django-1.4/django/views/generic/dates.py':[
250,
284,
372,
],
'project:django-1.4/django/views/generic/list.py':[
48,
],
'project:django-1.4/docs/_ext/applyxrefs.py':[
37,
47,
52,
54,
55,
66,
],
'project:django-1.4/docs/_ext/literals_to_xrefs.py':[
165,
],
'project:django-1.4/extras/csrf_migration_helper.py':[
252,
270,
],
'project:django-1.4/tests/modeltests/fixtures/models.py':[
72,
],
'project:django-1.4/tests/modeltests/serializers/tests.py':[
279,
],
'project:django-1.4/tests/regressiontests/admin_filters/tests.py':[
66,
68,
70,
174,
],
'project:django-1.4/tests/regressiontests/admin_scripts/tests.py':[
1532,
],
'project:django-1.4/tests/regressiontests/admin_views/admin.py':[
358,
377,
],
'project:django-1.4/tests/regressiontests/admin_widgets/tests.py':[
179,
],
'project:django-1.4/tests/regressiontests/cache/tests.py':[
148,
347,
352,
358,
361,
],
'project:django-1.4/tests/regressiontests/custom_managers_regress/tests.py':[
29,
],
'project:django-1.4/tests/regressiontests/fixtures_regress/models.py':[
102,
118,
],
'project:django-1.4/tests/regressiontests/forms/tests/widgets.py':[
294,
493,
618,
805,
],
'project:django-1.4/tests/regressiontests/generic_views/models.py':[
17,
],
'project:django-1.4/tests/regressiontests/max_lengths/tests.py':[
35,
],
'project:django-1.4/tests/regressiontests/model_permalink/models.py':[
11,
],
'project:django-1.4/tests/regressiontests/modeladmin/tests.py':[
1076,
],
'project:django-1.4/tests/regressiontests/serializers_regress/models.py':[
124,
],
'project:django-1.4/tests/regressiontests/serializers_regress/tests.py':[
435,
454,
466,
483,
],
'project:django-1.4/tests/regressiontests/settings_tests/tests.py':[
264,
],
'project:django-1.4/tests/regressiontests/templates/tests.py':[
179,
469,
],
'project:django-1.4/tests/regressiontests/test_client_regress/models.py':[
808,
],
'project:django-1.4/tests/regressiontests/test_runner/tests.py':[
275,
],
'project:tornado-2.3/demos/appengine/markdown.py':[
1067,
],
'project:tornado-2.3/demos/blog/markdown.py':[
1067,
],
'project:tornado-2.3/tornado/httpclient.py':[
217,
],
'project:tornado-2.3/tornado/httputil.py':[
96,
],
'project:tornado-2.3/tornado/ioloop.py':[
456,
],
'project:tornado-2.3/tornado/options.py':[
405,
],
'project:tornado-2.3/tornado/template.py':[
381,
406,
429,
469,
491,
],
'project:tornado-2.3/tornado/web.py':[
1890,
1968,
1979,
],
'project:twisted-12.1.0/doc/core/benchmarks/banana.py':[
8,
],
'project:twisted-12.1.0/doc/core/benchmarks/linereceiver.py':[
37,
38,
42,
43,
],
'project:twisted-12.1.0/doc/core/examples/threadedselect/blockingdemo.py':[
53,
],
'project:twisted-12.1.0/twisted/application/service.py':[
384,
],
'project:twisted-12.1.0/twisted/conch/client/knownhosts.py':[
270,
],
'project:twisted-12.1.0/twisted/conch/insults/helper.py':[
359,
392,
],
'project:twisted-12.1.0/twisted/conch/insults/insults.py':[
937,
],
'project:twisted-12.1.0/twisted/conch/insults/window.py':[
258,
682,
705,
],
'project:twisted-12.1.0/twisted/conch/scripts/cftp.py':[
358,
362,
],
'project:twisted-12.1.0/twisted/conch/scripts/conch.py':[
141,
348,
],
'project:twisted-12.1.0/twisted/conch/scripts/tkconch.py':[
158,
313,
316,
324,
],
'project:twisted-12.1.0/twisted/conch/ssh/channel.py':[
120,
261,
269,
],
'project:twisted-12.1.0/twisted/conch/ssh/filetransfer.py':[
137,
309,
461,
],
'project:twisted-12.1.0/twisted/conch/ssh/forwarding.py':[
149,
],
'project:twisted-12.1.0/twisted/conch/ssh/keys.py':[
598,
],
'project:twisted-12.1.0/twisted/conch/ssh/transport.py':[
367,
732,
1426,
],
'project:twisted-12.1.0/twisted/conch/telnet.py':[
917,
919,
],
'project:twisted-12.1.0/twisted/conch/test/test_channel.py':[
20,
23,
],
'project:twisted-12.1.0/twisted/conch/test/test_helper.py':[
262,
],
'project:twisted-12.1.0/twisted/conch/test/test_insults.py':[
175,
196,
197,
235,
236,
340,
349,
],
'project:twisted-12.1.0/twisted/conch/test/test_telnet.py':[
41,
],
'project:twisted-12.1.0/twisted/conch/test/test_transport.py':[
145,
157,
],
'project:twisted-12.1.0/twisted/conch/unix.py':[
450,
],
'project:twisted-12.1.0/twisted/cred/_digest.py':[
51,
],
'project:twisted-12.1.0/twisted/cred/credentials.py':[
345,
],
'project:twisted-12.1.0/twisted/internet/_sslverify.py':[
664,
],
'project:twisted-12.1.0/twisted/internet/_threadedselect.py':[
130,
179,
199,
],
'project:twisted-12.1.0/twisted/internet/address.py':[
141,
],
'project:twisted-12.1.0/twisted/internet/base.py':[
386,
771,
],
'project:twisted-12.1.0/twisted/internet/endpoints.py':[
797,
862,
864,
],
'project:twisted-12.1.0/twisted/internet/inotify.py':[
266,
],
'project:twisted-12.1.0/twisted/internet/iocpreactor/abstract.py':[
105,
],
'project:twisted-12.1.0/twisted/internet/selectreactor.py':[
121,
],
'project:twisted-12.1.0/twisted/internet/test/_posixifaces.py':[
128,
],
'project:twisted-12.1.0/twisted/internet/test/test_endpoints.py':[
1488,
],
'project:twisted-12.1.0/twisted/internet/test/test_tcp.py':[
201,
],
'project:twisted-12.1.0/twisted/lore/default.py':[
43,
],
'project:twisted-12.1.0/twisted/lore/indexer.py':[
37,
],
'project:twisted-12.1.0/twisted/lore/scripts/lore.py':[
132,
],
'project:twisted-12.1.0/twisted/lore/slides.py':[
213,
],
'project:twisted-12.1.0/twisted/lore/test/test_lore.py':[
76,
81,
],
'project:twisted-12.1.0/twisted/lore/tree.py':[
744,
1052,
],
'project:twisted-12.1.0/twisted/mail/alias.py':[
88,
],
'project:twisted-12.1.0/twisted/mail/imap4.py':[
638,
756,
786,
799,
809,
833,
839,
848,
859,
861,
874,
876,
1263,
1478,
2062,
2102,
2133,
2166,
3658,
4237,
4724,
4728,
4861,
5552,
5772,
5804,
],
'project:twisted-12.1.0/twisted/mail/maildir.py':[
275,
328,
],
'project:twisted-12.1.0/twisted/mail/relaymanager.py':[
387,
417,
595,
],
'project:twisted-12.1.0/twisted/mail/scripts/mailmail.py':[
90,
109,
254,
254,
256,
256,
273,
],
'project:twisted-12.1.0/twisted/mail/smtp.py':[
728,
827,
1468,
1902,
1921,
1933,
],
'project:twisted-12.1.0/twisted/mail/test/test_imap.py':[
117,
126,
321,
343,
356,
472,
497,
563,
591,
605,
747,
791,
877,
880,
3398,
4054,
4121,
4150,
4168,
4485,
4488,
],
'project:twisted-12.1.0/twisted/mail/test/test_mail.py':[
582,
585,
1375,
1652,
1658,
1665,
],
'project:twisted-12.1.0/twisted/mail/test/test_pop3client.py':[
577,
580,
],
'project:twisted-12.1.0/twisted/mail/test/test_smtp.py':[
494,
672,
687,
746,
750,
],
'project:twisted-12.1.0/twisted/manhole/_inspectro.py':[
81,
],
'project:twisted-12.1.0/twisted/manhole/explorer.py':[
249,
431,
433,
458,
464,
],
'project:twisted-12.1.0/twisted/manhole/service.py':[
59,
122,
370,
],
'project:twisted-12.1.0/twisted/manhole/telnet.py':[
28,
],
'project:twisted-12.1.0/twisted/manhole/ui/gtk2manhole.py':[
355,
],
'project:twisted-12.1.0/twisted/names/authority.py':[
146,
246,
],
'project:twisted-12.1.0/twisted/names/cache.py':[
43,
],
'project:twisted-12.1.0/twisted/names/client.py':[
243,
384,
450,
],
'project:twisted-12.1.0/twisted/names/common.py':[
41,
],
'project:twisted-12.1.0/twisted/names/dns.py':[
174,
345,
485,
1628,
],
'project:twisted-12.1.0/twisted/names/hosts.py':[
83,
],
'project:twisted-12.1.0/twisted/names/root.py':[
235,
],
'project:twisted-12.1.0/twisted/names/tap.py':[
145,
],
'project:twisted-12.1.0/twisted/names/test/test_dns.py':[
288,
],
'project:twisted-12.1.0/twisted/names/test/test_names.py':[
612,
620,
],
'project:twisted-12.1.0/twisted/names/test/test_rootresolve.py':[
226,
],
'project:twisted-12.1.0/twisted/news/database.py':[
382,
],
'project:twisted-12.1.0/twisted/news/nntp.py':[
382,
],
'project:twisted-12.1.0/twisted/news/tap.py':[
125,
],
'project:twisted-12.1.0/twisted/pair/tuntap.py':[
170,
],
'project:twisted-12.1.0/twisted/protocols/amp.py':[
1680,
],
'project:twisted-12.1.0/twisted/protocols/dict.py':[
19,
33,
37,
40,
42,
45,
51,
229,
],
'project:twisted-12.1.0/twisted/protocols/ftp.py':[
793,
906,
909,
963,
966,
970,
974,
991,
1016,
1026,
1066,
1071,
1089,
1090,
1120,
1127,
1155,
1156,
1173,
1185,
1197,
1202,
1209,
1225,
1232,
1261,
1267,
2457,
],
'project:twisted-12.1.0/twisted/protocols/gps/nmea.py':[
72,
151,
],
'project:twisted-12.1.0/twisted/protocols/gps/rockwell.py':[
199,
214,
228,
],
'project:twisted-12.1.0/twisted/protocols/htb.py':[
161,
],
'project:twisted-12.1.0/twisted/protocols/ident.py':[
176,
182,
],
'project:twisted-12.1.0/twisted/protocols/pcp.py':[
175,
],
'project:twisted-12.1.0/twisted/protocols/sip.py':[
410,
558,
804,
967,
974,
1180,
],
'project:twisted-12.1.0/twisted/python/_inotify.py':[
81,
],
'project:twisted-12.1.0/twisted/python/_release.py':[
720,
728,
754,
777,
791,
],
'project:twisted-12.1.0/twisted/python/_shellcomp.py':[
104,
178,
],
'project:twisted-12.1.0/twisted/python/constants.py':[
125,
130,
],
'project:twisted-12.1.0/twisted/python/dist.py':[
325,
],
'project:twisted-12.1.0/twisted/python/failure.py':[
630,
],
'project:twisted-12.1.0/twisted/python/filepath.py':[
376,
516,
],
'project:twisted-12.1.0/twisted/python/formmethod.py':[
298,
],
'project:twisted-12.1.0/twisted/python/htmlizer.py':[
63,
],
'project:twisted-12.1.0/twisted/python/monkey.py':[
39,
],
'project:twisted-12.1.0/twisted/python/randbytes.py':[
114,
],
'project:twisted-12.1.0/twisted/python/reflect.py':[
718,
722,
],
'project:twisted-12.1.0/twisted/python/test/pullpipe.py':[
34,
],
'project:twisted-12.1.0/twisted/python/test/test_components.py':[
236,
],
'project:twisted-12.1.0/twisted/python/test/test_deprecate.py':[
523,
],
'project:twisted-12.1.0/twisted/python/test/test_fakepwd.py':[
155,
],
'project:twisted-12.1.0/twisted/python/test/test_shellcomp.py':[
102,
],
'project:twisted-12.1.0/twisted/python/test/test_util.py':[
334,
345,
],
'project:twisted-12.1.0/twisted/python/text.py':[
71,
75,
103,
115,
],
'project:twisted-12.1.0/twisted/python/threadable.py':[
23,
70,
],
'project:twisted-12.1.0/twisted/python/usage.py':[
261,
486,
502,
527,
928,
],
'project:twisted-12.1.0/twisted/python/util.py':[
118,
138,
138,
172,
194,
498,
582,
],
'project:twisted-12.1.0/twisted/spread/flavors.py':[
199,
],
'project:twisted-12.1.0/twisted/spread/jelly.py':[
767,
1120,
],
'project:twisted-12.1.0/twisted/spread/pb.py':[
749,
854,
],
'project:twisted-12.1.0/twisted/test/mock_win32process.py':[
48,
],
'project:twisted-12.1.0/twisted/test/test_amp.py':[
2376,
],
'project:twisted-12.1.0/twisted/test/test_banana.py':[
54,
68,
69,
71,
],
'project:twisted-12.1.0/twisted/test/test_explorer.py':[
121,
],
'project:twisted-12.1.0/twisted/test/test_jelly.py':[
483,
],
'project:twisted-12.1.0/twisted/test/test_newcred.py':[
185,
189,
197,
201,
208,
221,
247,
368,
],
'project:twisted-12.1.0/twisted/test/test_nmea.py':[
104,
],
'project:twisted-12.1.0/twisted/test/test_paths.py':[
535,
536,
537,
551,
552,
553,
575,
576,
577,
617,
618,
673,
1487,
1504,
],
'project:twisted-12.1.0/twisted/test/test_pb.py':[
281,
571,
1166,
],
'project:twisted-12.1.0/twisted/test/test_pbfailure.py':[
182,
],
'project:twisted-12.1.0/twisted/test/test_process.py':[
779,
2467,
2473,
],
'project:twisted-12.1.0/twisted/test/test_roots.py':[
49,
],
'project:twisted-12.1.0/twisted/test/test_sslverify.py':[
82,
],
'project:twisted-12.1.0/twisted/test/test_strcred.py':[
250,
],
'project:twisted-12.1.0/twisted/test/test_task.py':[
461,
],
'project:twisted-12.1.0/twisted/test/test_threads.py':[
411,
],
'project:twisted-12.1.0/twisted/trial/runner.py':[
724,
],
'project:twisted-12.1.0/twisted/trial/test/test_script.py':[
331,
],
'project:twisted-12.1.0/twisted/trial/unittest.py':[
961,
],
'project:twisted-12.1.0/twisted/trial/util.py':[
206,
284,
306,
307,
],
'project:twisted-12.1.0/twisted/web/_auth/wrapper.py':[
224,
225,
],
'project:twisted-12.1.0/twisted/web/_newclient.py':[
398,
],
'project:twisted-12.1.0/twisted/web/client.py':[
79,
1066,
],
'project:twisted-12.1.0/twisted/web/domhelpers.py':[
37,
],
'project:twisted-12.1.0/twisted/web/http.py':[
269,
278,
312,
344,
657,
1037,
1077,
],
'project:twisted-12.1.0/twisted/web/microdom.py':[
280,
343,
486,
803,
848,
902,
],
'project:twisted-12.1.0/twisted/web/server.py':[
71,
73,
124,
132,
194,
],
'project:twisted-12.1.0/twisted/web/sux.py':[
97,
167,
248,
327,
],
'project:twisted-12.1.0/twisted/web/test/test_http.py':[
901,
902,
903,
904,
],
'project:twisted-12.1.0/twisted/web/test/test_webclient.py':[
515,
566,
722,
],
'project:twisted-12.1.0/twisted/web/test/test_xml.py':[
295,
],
'project:twisted-12.1.0/twisted/web/util.py':[
280,
],
'project:twisted-12.1.0/twisted/words/im/basesupport.py':[
169,
175,
195,
],
'project:twisted-12.1.0/twisted/words/im/pbsupport.py':[
212,
],
'project:twisted-12.1.0/twisted/words/protocols/irc.py':[
1765,
2370,
2942,
2972,
2996,
],
'project:twisted-12.1.0/twisted/words/protocols/jabber/component.py':[
170,
382,
],
'project:twisted-12.1.0/twisted/words/protocols/jabber/jid.py':[
105,
],
'project:twisted-12.1.0/twisted/words/protocols/jabber/jstrports.py':[
13,
16,
26,
],
'project:twisted-12.1.0/twisted/words/protocols/jabber/sasl_mechanisms.py':[
156,
],
'project:twisted-12.1.0/twisted/words/protocols/msn.py':[
626,
],
'project:twisted-12.1.0/twisted/words/protocols/oscar.py':[
717,
],
'project:twisted-12.1.0/twisted/words/service.py':[
62,
727,
],
'project:twisted-12.1.0/twisted/words/test/test_irc.py':[
879,
],
'project:twisted-12.1.0/twisted/words/test/test_irc_service.py':[
66,
],
'project:twisted-12.1.0/twisted/words/test/test_msn.py':[
60,
70,
],
'project:twisted-12.1.0/twisted/words/test/test_service.py':[
269,
764,
],
'project:twisted-12.1.0/twisted/words/xish/domish.py':[
24,
209,
211,
612,
],
}
