{
'project:buildbot-0.8.6p1/buildbot/changes/changes.py':[
96,
],
'project:buildbot-0.8.6p1/buildbot/changes/filter.py':[
113,
114,
],
'project:buildbot-0.8.6p1/buildbot/changes/gitpoller.py':[
43,
],
'project:buildbot-0.8.6p1/buildbot/changes/p4poller.py':[
40,
123,
171,
178,
],
'project:buildbot-0.8.6p1/buildbot/db/migrate/versions/001_initial.py':[
173,
],
'project:buildbot-0.8.6p1/buildbot/db/schedulers.py':[
60,
],
'project:buildbot-0.8.6p1/buildbot/db/state.py':[
81,
],
'project:buildbot-0.8.6p1/buildbot/manhole.py':[
292,
293,
],
'project:buildbot-0.8.6p1/buildbot/monkeypatches/bug5079.py':[
42,
],
'project:buildbot-0.8.6p1/buildbot/process/botmaster.py':[
437,
438,
],
'project:buildbot-0.8.6p1/buildbot/process/build.py':[
352,
],
'project:buildbot-0.8.6p1/buildbot/process/properties.py':[
52,
247,
],
'project:buildbot-0.8.6p1/buildbot/schedulers/basic.py':[
37,
],
'project:buildbot-0.8.6p1/buildbot/schedulers/timed.py':[
236,
288,
289,
],
'project:buildbot-0.8.6p1/buildbot/scripts/runner.py':[
192,
376,
383,
399,
436,
],
'project:buildbot-0.8.6p1/buildbot/status/build.py':[
355,
],
'project:buildbot-0.8.6p1/buildbot/status/builder.py':[
261,
262,
267,
268,
],
'project:buildbot-0.8.6p1/buildbot/status/progress.py':[
66,
83,
],
'project:buildbot-0.8.6p1/buildbot/status/web/console.py':[
26,
60,
],
'project:buildbot-0.8.6p1/buildbot/status/web/grid.py':[
21,
50,
51,
169,
232,
],
'project:buildbot-0.8.6p1/buildbot/status/web/waterfall.py':[
139,
234,
237,
240,
244,
252,
265,
624,
685,
],
'project:buildbot-0.8.6p1/buildbot/status/words.py':[
292,
],
'project:buildbot-0.8.6p1/buildbot/steps/master.py':[
80,
89,
],
'project:buildbot-0.8.6p1/buildbot/steps/python_twisted.py':[
134,
136,
138,
140,
142,
145,
],
'project:buildbot-0.8.6p1/buildbot/steps/shell.py':[
317,
],
'project:buildbot-0.8.6p1/buildbot/test/unit/test_util_eventual.py':[
37,
80,
90,
],
'project:buildbot-0.8.6p1/buildbot/test/unit/test_util_loop.py':[
187,
],
'project:buildbot-0.8.6p1/buildbot/util/netstrings.py':[
27,
28,
29,
],
'project:buildbot-slave-0.8.6p1/buildslave/commands/svn.py':[
98,
99,
],
'project:buildbot-slave-0.8.6p1/buildslave/monkeypatches/bug5079.py':[
42,
],
'project:buildbot-slave-0.8.6p1/buildslave/runprocess.py':[
167,
169,
412,
428,
601,
],
'project:buildbot-slave-0.8.6p1/buildslave/scripts/runner.py':[
199,
],
'project:buildbot-slave-0.8.6p1/buildslave/test/fake/remote.py':[
30,
31,
],
'project:buildbot-slave-0.8.6p1/buildslave/test/unit/runprocess-scripts.py':[
96,
],
'project:buildbot-slave-0.8.6p1/buildslave/test/unit/test_runprocess.py':[
324,
326,
328,
329,
382,
],
'project:buildbot-slave-0.8.6p1/buildslave/test/util/command.py':[
132,
],
'project:django-1.4/django/contrib/admin/views/main.py':[
146,
147,
],
'project:django-1.4/django/contrib/admindocs/utils.py':[
88,
89,
95,
96,
],
'project:django-1.4/django/contrib/gis/admin/options.py':[
71,
72,
],
'project:django-1.4/django/contrib/gis/admin/widgets.py':[
20,
],
'project:django-1.4/django/contrib/gis/db/backends/base.py':[
190,
191,
],
'project:django-1.4/django/contrib/gis/db/backends/oracle/operations.py':[
274,
],
'project:django-1.4/django/contrib/gis/db/backends/postgis/introspection.py':[
67,
],
'project:django-1.4/django/contrib/gis/db/backends/postgis/operations.py':[
475,
476,
577,
],
'project:django-1.4/django/contrib/gis/db/backends/spatialite/operations.py':[
261,
266,
287,
],
'project:django-1.4/django/contrib/gis/db/backends/util.py':[
13,
],
'project:django-1.4/django/contrib/gis/db/models/proxy.py':[
55,
],
'project:django-1.4/django/contrib/gis/db/models/query.py':[
154,
155,
156,
159,
160,
161,
439,
487,
531,
536,
],
'project:django-1.4/django/contrib/gis/db/models/sql/compiler.py':[
179,
256,
],
'project:django-1.4/django/contrib/gis/db/models/sql/query.py':[
114,
],
'project:django-1.4/django/contrib/gis/feeds.py':[
59,
67,
],
'project:django-1.4/django/contrib/gis/gdal/base.py':[
21,
22,
],
'project:django-1.4/django/contrib/gis/gdal/datasource.py':[
92,
103,
],
'project:django-1.4/django/contrib/gis/gdal/driver.py':[
59,
],
'project:django-1.4/django/contrib/gis/gdal/error.py':[
7,
8,
9,
],
'project:django-1.4/django/contrib/gis/gdal/feature.py':[
27,
108,
],
'project:django-1.4/django/contrib/gis/gdal/field.py':[
127,
128,
129,
167,
168,
169,
170,
],
'project:django-1.4/django/contrib/gis/gdal/geometries.py':[
128,
135,
149,
299,
624,
695,
717,
718,
719,
],
'project:django-1.4/django/contrib/gis/gdal/geomtype.py':[
37,
],
'project:django-1.4/django/contrib/gis/gdal/layer.py':[
46,
87,
],
'project:django-1.4/django/contrib/gis/gdal/libgdal.py':[
30,
83,
84,
90,
],
'project:django-1.4/django/contrib/gis/gdal/prototypes/errcheck.py':[
21,
22,
48,
49,
58,
],
'project:django-1.4/django/contrib/gis/gdal/prototypes/generation.py':[
18,
19,
103,
],
'project:django-1.4/django/contrib/gis/gdal/srs.py':[
96,
175,
176,
177,
178,
333,
],
'project:django-1.4/django/contrib/gis/gdal/tests/test_ds.py':[
90,
166,
],
'project:django-1.4/django/contrib/gis/gdal/tests/test_geom.py':[
111,
249,
425,
],
'project:django-1.4/django/contrib/gis/geoip/base.py':[
18,
88,
126,
127,
199,
200,
],
'project:django-1.4/django/contrib/gis/geoip/libgeoip.py':[
21,
22,
],
'project:django-1.4/django/contrib/gis/geoip/prototypes.py':[
29,
],
'project:django-1.4/django/contrib/gis/geos/base.py':[
38,
39,
],
'project:django-1.4/django/contrib/gis/geos/collections.py':[
75,
],
'project:django-1.4/django/contrib/gis/geos/coordseq.py':[
66,
146,
147,
155,
156,
],
'project:django-1.4/django/contrib/gis/geos/geometry.py':[
64,
98,
112,
147,
359,
360,
375,
376,
],
'project:django-1.4/django/contrib/gis/geos/libgeos.py':[
41,
79,
80,
81,
82,
115,
],
'project:django-1.4/django/contrib/gis/geos/linestring.py':[
26,
27,
33,
34,
40,
44,
57,
58,
59,
105,
120,
121,
146,
147,
],
'project:django-1.4/django/contrib/gis/geos/mutable_list.py':[
157,
167,
173,
],
'project:django-1.4/django/contrib/gis/geos/point.py':[
51,
75,
76,
77,
],
'project:django-1.4/django/contrib/gis/geos/polygon.py':[
95,
108,
],
'project:django-1.4/django/contrib/gis/geos/prepared.py':[
14,
18,
],
'project:django-1.4/django/contrib/gis/geos/prototypes/errcheck.py':[
36,
56,
57,
83,
],
'project:django-1.4/django/contrib/gis/geos/prototypes/geom.py':[
38,
],
'project:django-1.4/django/contrib/gis/geos/prototypes/io.py':[
10,
11,
12,
13,
108,
121,
169,
179,
189,
190,
],
'project:django-1.4/django/contrib/gis/geos/prototypes/predicates.py':[
14,
],
'project:django-1.4/django/contrib/gis/geos/prototypes/threadsafe.py':[
14,
],
'project:django-1.4/django/contrib/gis/geos/prototypes/topology.py':[
19,
],
'project:django-1.4/django/contrib/gis/geos/tests/test_geos.py':[
132,
196,
334,
374,
504,
505,
612,
619,
650,
683,
813,
835,
1003,
1007,
1035,
],
'project:django-1.4/django/contrib/gis/geos/tests/test_geos_mutation.py':[
9,
10,
11,
13,
14,
15,
16,
17,
18,
19,
20,
21,
22,
23,
24,
25,
26,
41,
],
'project:django-1.4/django/contrib/gis/geos/tests/test_mutable_list.py':[
16,
18,
20,
56,
87,
205,
206,
207,
245,
262,
263,
273,
281,
282,
296,
],
'project:django-1.4/django/contrib/gis/maps/google/gmap.py':[
88,
90,
228,
],
'project:django-1.4/django/contrib/gis/maps/google/overlays.py':[
99,
100,
149,
150,
275,
276,
294,
295,
296,
],
'project:django-1.4/django/contrib/gis/measure.py':[
49,
],
'project:django-1.4/django/contrib/gis/sitemaps/georss.py':[
30,
45,
],
'project:django-1.4/django/contrib/gis/sitemaps/kml.py':[
49,
],
'project:django-1.4/django/contrib/gis/tests/distapp/models.py':[
8,
15,
22,
29,
36,
43,
50,
],
'project:django-1.4/django/contrib/gis/tests/distapp/tests.py':[
55,
56,
64,
65,
68,
69,
110,
111,
122,
123,
262,
326,
327,
340,
341,
],
'project:django-1.4/django/contrib/gis/tests/geoadmin/models.py':[
8,
],
'project:django-1.4/django/contrib/gis/tests/geoapp/models.py':[
11,
17,
29,
35,
46,
],
'project:django-1.4/django/contrib/gis/tests/geoapp/tests.py':[
277,
407,
413,
423,
431,
598,
616,
656,
729,
],
'project:django-1.4/django/contrib/gis/tests/geogapp/models.py':[
7,
13,
20,
],
'project:django-1.4/django/contrib/gis/tests/geogapp/tests.py':[
60,
],
'project:django-1.4/django/contrib/gis/tests/layermap/tests.py':[
97,
167,
168,
209,
244,
245,
],
'project:django-1.4/django/contrib/gis/tests/relatedapp/models.py':[
7,
14,
34,
],
'project:django-1.4/django/contrib/gis/tests/relatedapp/tests.py':[
78,
],
'project:django-1.4/django/contrib/gis/tests/utils.py':[
5,
16,
17,
18,
19,
],
'project:django-1.4/django/contrib/gis/utils/layermapping.py':[
22,
23,
24,
25,
26,
268,
271,
418,
519,
541,
553,
590,
591,
],
'project:django-1.4/django/contrib/gis/utils/ogrinspect.py':[
41,
44,
45,
155,
156,
157,
158,
171,
],
'project:django-1.4/django/core/management/color.py':[
30,
],
'project:django-1.4/django/core/management/validation.py':[
277,
],
'project:django-1.4/django/core/servers/basehttp.py':[
165,
],
'project:django-1.4/django/db/backends/util.py':[
82,
93,
94,
],
'project:django-1.4/django/forms/util.py':[
31,
47,
52,
],
'project:django-1.4/django/forms/widgets.py':[
270,
288,
393,
541,
616,
720,
740,
],
'project:django-1.4/django/test/_doctest.py':[
447,
1000,
1001,
1002,
1003,
],
'project:django-1.4/django/utils/text.py':[
247,
248,
],
'project:django-1.4/django/utils/translation/trans_null.py':[
10,
],
'project:django-1.4/django/utils/xmlutils.py':[
10,
],
'project:django-1.4/django/views/generic/create_update.py':[
111,
153,
199,
],
'project:django-1.4/django/views/generic/date_based.py':[
32,
76,
127,
201,
258,
330,
],
'project:django-1.4/django/views/generic/list_detail.py':[
52,
123,
],
'project:django-1.4/django/views/generic/simple.py':[
19,
],
'project:django-1.4/setup.py':[
56,
],
'project:django-1.4/tests/regressiontests/comment_tests/tests/comment_view_tests.py':[
186,
],
'project:django-1.4/tests/regressiontests/comment_tests/tests/moderation_view_tests.py':[
138,
],
'project:django-1.4/tests/regressiontests/decorators/tests.py':[
107,
108,
],
'project:django-1.4/tests/regressiontests/forms/tests/error_messages.py':[
227,
],
'project:django-1.4/tests/regressiontests/forms/tests/extra.py':[
594,
],
'project:django-1.4/tests/regressiontests/forms/tests/util.py':[
47,
],
'project:django-1.4/tests/regressiontests/queries/tests.py':[
943,
1246,
],
'project:tornado-2.3/demos/appengine/blog.py':[
64,
89,
127,
],
'project:tornado-2.3/demos/appengine/markdown.py':[
345,
346,
1597,
1610,
1615,
1619,
1627,
1829,
1830,
],
'project:tornado-2.3/demos/auth/authdemo.py':[
46,
],
'project:tornado-2.3/demos/blog/blog.py':[
73,
90,
126,
136,
139,
],
'project:tornado-2.3/demos/blog/markdown.py':[
345,
346,
1597,
1610,
1615,
1619,
1627,
1829,
1830,
],
'project:tornado-2.3/demos/chat/chatdemo.py':[
54,
75,
],
'project:tornado-2.3/demos/facebook/facebook.py':[
59,
],
'project:twisted-12.1.0/doc/core/benchmarks/failure.py':[
46,
],
'project:twisted-12.1.0/doc/core/examples/pbgtk2.py':[
101,
102,
],
'project:twisted-12.1.0/doc/core/examples/stdiodemo.py':[
28,
],
'project:twisted-12.1.0/doc/core/howto/listings/pb/cache_classes.py':[
16,
19,
],
'project:twisted-12.1.0/doc/core/howto/listings/pb/trap_client.py':[
10,
11,
],
'project:twisted-12.1.0/doc/words/examples/cursesclient.py':[
44,
138,
156,
157,
162,
],
'project:twisted-12.1.0/doc/words/examples/oscardemo.py':[
85,
86,
],
'project:twisted-12.1.0/twisted/conch/ls.py':[
24,
25,
26,
27,
28,
29,
30,
31,
33,
34,
35,
37,
38,
39,
41,
42,
43,
46,
47,
49,
50,
],
'project:twisted-12.1.0/twisted/conch/scripts/cftp.py':[
79,
112,
114,
],
'project:twisted-12.1.0/twisted/conch/scripts/conch.py':[
158,
347,
464,
465,
],
'project:twisted-12.1.0/twisted/conch/scripts/tkconch.py':[
262,
277,
],
'project:twisted-12.1.0/twisted/conch/ssh/common.py':[
42,
76,
],
'project:twisted-12.1.0/twisted/conch/ssh/filetransfer.py':[
626,
627,
],
'project:twisted-12.1.0/twisted/conch/ssh/session.py':[
143,
145,
147,
],
'project:twisted-12.1.0/twisted/conch/ssh/sexpy.py':[
25,
],
'project:twisted-12.1.0/twisted/conch/ssh/transport.py':[
353,
],
'project:twisted-12.1.0/twisted/conch/test/test_ssh.py':[
257,
276,
297,
],
'project:twisted-12.1.0/twisted/conch/test/test_transport.py':[
29,
30,
31,
],
'project:twisted-12.1.0/twisted/conch/unix.py':[
69,
240,
244,
255,
],
'project:twisted-12.1.0/twisted/internet/error.py':[
330,
331,
],
'project:twisted-12.1.0/twisted/internet/process.py':[
651,
663,
667,
673,
679,
680,
770,
778,
786,
793,
809,
],
'project:twisted-12.1.0/twisted/lore/test/test_lore.py':[
76,
81,
314,
],
'project:twisted-12.1.0/twisted/mail/imap4.py':[
421,
423,
425,
2177,
2179,
2192,
3914,
3976,
4439,
],
'project:twisted-12.1.0/twisted/mail/test/test_imap.py':[
1243,
1244,
],
'project:twisted-12.1.0/twisted/manhole/ui/gtk2manhole.py':[
299,
],
'project:twisted-12.1.0/twisted/news/test/test_nntp.py':[
41,
],
'project:twisted-12.1.0/twisted/pair/test/test_ip.py':[
22,
23,
],
'project:twisted-12.1.0/twisted/persisted/dirdbm.py':[
139,
172,
173,
],
'project:twisted-12.1.0/twisted/protocols/sip.py':[
398,
],
'project:twisted-12.1.0/twisted/protocols/socks.py':[
177,
184,
197,
198,
],
'project:twisted-12.1.0/twisted/python/formmethod.py':[
274,
],
'project:twisted-12.1.0/twisted/python/hook.py':[
136,
],
'project:twisted-12.1.0/twisted/python/log.py':[
645,
646,
647,
648,
],
'project:twisted-12.1.0/twisted/python/reflect.py':[
265,
266,
],
'project:twisted-12.1.0/twisted/python/util.py':[
213,
390,
403,
],
'project:twisted-12.1.0/twisted/spread/ui/tktree.py':[
142,
145,
147,
154,
169,
],
'project:twisted-12.1.0/twisted/spread/ui/tkutil.py':[
81,
82,
190,
194,
293,
],
'project:twisted-12.1.0/twisted/test/process_fds.py':[
10,
12,
15,
19,
24,
28,
32,
36,
39,
],
'project:twisted-12.1.0/twisted/test/test_adbapi.py':[
394,
395,
424,
425,
442,
443,
462,
463,
486,
487,
512,
513,
],
'project:twisted-12.1.0/twisted/test/test_defgen.py':[
123,
],
'project:twisted-12.1.0/twisted/test/test_newcred.py':[
99,
],
'project:twisted-12.1.0/twisted/test/test_pb.py':[
645,
648,
652,
],
'project:twisted-12.1.0/twisted/test/test_process.py':[
788,
793,
799,
821,
826,
829,
836,
843,
],
'project:twisted-12.1.0/twisted/test/test_rebuild.py':[
14,
15,
16,
17,
],
'project:twisted-12.1.0/twisted/web/domhelpers.py':[
46,
55,
101,
108,
119,
],
'project:twisted-12.1.0/twisted/web/http.py':[
1688,
],
'project:twisted-12.1.0/twisted/web/test/test_soap.py':[
12,
],
'project:twisted-12.1.0/twisted/words/im/ircsupport.py':[
143,
152,
],
'project:twisted-12.1.0/twisted/words/protocols/irc.py':[
2215,
2859,
],
'project:twisted-12.1.0/twisted/words/protocols/oscar.py':[
25,
113,
143,
144,
145,
146,
147,
148,
149,
150,
151,
155,
168,
169,
170,
171,
172,
266,
268,
305,
559,
695,
1186,
1195,
1203,
],
'project:twisted-12.1.0/twisted/words/test/test_msn.py':[
70,
110,
130,
133,
145,
475,
478,
],
'project:twisted-12.1.0/twisted/words/xish/domish.py':[
438,
],
'project:twisted-12.1.0/twisted/words/xish/xpathparser.py':[
47,
48,
101,
102,
250,
269,
277,
360,
363,
457,
469,
507,
],
}
