{
'project:buildbot-0.8.6p1/buildbot/buildslave.py':[
956,
],
'project:buildbot-0.8.6p1/buildbot/changes/changes.py':[
238,
],
'project:buildbot-0.8.6p1/buildbot/changes/hgbuildbot.py':[
46,
],
'project:buildbot-0.8.6p1/buildbot/changes/mail.py':[
82,
273,
409,
],
'project:buildbot-0.8.6p1/buildbot/changes/p4poller.py':[
101,
],
'project:buildbot-0.8.6p1/buildbot/changes/pb.py':[
36,
],
'project:buildbot-0.8.6p1/buildbot/changes/svnpoller.py':[
277,
],
'project:buildbot-0.8.6p1/buildbot/config.py':[
210,
520,
596,
],
'project:buildbot-0.8.6p1/buildbot/db/buildrequests.py':[
66,
],
'project:buildbot-0.8.6p1/buildbot/db/migrate/versions/001_initial.py':[
166,
],
'project:buildbot-0.8.6p1/buildbot/db/model.py':[
417,
],
'project:buildbot-0.8.6p1/buildbot/db/pool.py':[
167,
],
'project:buildbot-0.8.6p1/buildbot/db/users.py':[
150,
],
'project:buildbot-0.8.6p1/buildbot/ec2buildslave.py':[
45,
190,
],
'project:buildbot-0.8.6p1/buildbot/process/botmaster.py':[
71,
],
'project:buildbot-0.8.6p1/buildbot/process/build.py':[
284,
398,
],
'project:buildbot-0.8.6p1/buildbot/process/builder.py':[
461,
],
'project:buildbot-0.8.6p1/buildbot/process/metrics.py':[
390,
],
'project:buildbot-0.8.6p1/buildbot/process/properties.py':[
194,
],
'project:buildbot-0.8.6p1/buildbot/process/users/manual.py':[
51,
100,
],
'project:buildbot-0.8.6p1/buildbot/schedulers/base.py':[
170,
364,
],
'project:buildbot-0.8.6p1/buildbot/schedulers/forcesched.py':[
48,
],
'project:buildbot-0.8.6p1/buildbot/schedulers/timed.py':[
283,
],
'project:buildbot-0.8.6p1/buildbot/schedulers/trysched.py':[
85,
],
'project:buildbot-0.8.6p1/buildbot/scripts/runner.py':[
73,
96,
266,
1143,
1297,
],
'project:buildbot-0.8.6p1/buildbot/sourcestamp.py':[
131,
],
'project:buildbot-0.8.6p1/buildbot/status/builder.py':[
215,
320,
352,
],
'project:buildbot-0.8.6p1/buildbot/status/buildstep.py':[
273,
],
'project:buildbot-0.8.6p1/buildbot/status/logfile.py':[
360,
445,
571,
],
'project:buildbot-0.8.6p1/buildbot/status/mail.py':[
69,
169,
402,
540,
623,
],
'project:buildbot-0.8.6p1/buildbot/status/master.py':[
130,
233,
],
'project:buildbot-0.8.6p1/buildbot/status/status_gerrit.py':[
83,
],
'project:buildbot-0.8.6p1/buildbot/status/status_push.py':[
122,
],
'project:buildbot-0.8.6p1/buildbot/status/tinderbox.py':[
152,
],
'project:buildbot-0.8.6p1/buildbot/status/web/authz.py':[
122,
],
'project:buildbot-0.8.6p1/buildbot/status/web/base.py':[
669,
],
'project:buildbot-0.8.6p1/buildbot/status/web/baseweb.py':[
145,
379,
],
'project:buildbot-0.8.6p1/buildbot/status/web/build.py':[
39,
144,
],
'project:buildbot-0.8.6p1/buildbot/status/web/builder.py':[
164,
331,
373,
],
'project:buildbot-0.8.6p1/buildbot/status/web/console.py':[
368,
413,
497,
584,
],
'project:buildbot-0.8.6p1/buildbot/status/web/feeds.py':[
98,
169,
],
'project:buildbot-0.8.6p1/buildbot/status/web/grid.py':[
160,
223,
],
'project:buildbot-0.8.6p1/buildbot/status/web/slaves.py':[
67,
],
'project:buildbot-0.8.6p1/buildbot/status/web/status_json.py':[
196,
287,
],
'project:buildbot-0.8.6p1/buildbot/status/web/waterfall.py':[
71,
229,
430,
534,
689,
],
'project:buildbot-0.8.6p1/buildbot/status/words.py':[
472,
],
'project:buildbot-0.8.6p1/buildbot/steps/master.py':[
73,
],
'project:buildbot-0.8.6p1/buildbot/steps/python.py':[
78,
],
'project:buildbot-0.8.6p1/buildbot/steps/python_twisted.py':[
102,
209,
409,
503,
],
'project:buildbot-0.8.6p1/buildbot/steps/shell.py':[
462,
526,
626,
652,
],
'project:buildbot-0.8.6p1/buildbot/steps/source/oldsource.py':[
504,
],
'project:buildbot-0.8.6p1/buildbot/steps/subunit.py':[
36,
],
'project:buildbot-0.8.6p1/buildbot/steps/trigger.py':[
77,
],
'project:buildbot-0.8.6p1/buildbot/test/fake/fakedb.py':[
710,
880,
],
'project:buildbot-0.8.6p1/buildbot/util/lru.py':[
78,
],
'project:buildbot-0.8.6p1/contrib/buildbot_json.py':[
859,
943,
978,
1018,
1079,
],
'project:buildbot-0.8.6p1/contrib/check_buildbot.py':[
25,
],
'project:buildbot-0.8.6p1/contrib/coverage2text.py':[
24,
],
'project:buildbot-0.8.6p1/contrib/git_buildbot.py':[
200,
],
'project:buildbot-0.8.6p1/contrib/svn_buildbot.py':[
154,
],
'project:buildbot-0.8.6p1/contrib/windows/buildbot_service.py':[
138,
216,
],
'project:buildbot-slave-0.8.6p1/buildslave/bot.py':[
256,
],
'project:buildbot-slave-0.8.6p1/buildslave/commands/hg.py':[
130,
],
'project:buildbot-slave-0.8.6p1/buildslave/commands/utils.py':[
46,
],
'project:buildbot-slave-0.8.6p1/buildslave/runprocess.py':[
232,
395,
568,
720,
],
'project:buildbot-slave-0.8.6p1/buildslave/scripts/runner.py':[
184,
],
'project:buildbot-slave-0.8.6p1/buildslave/test/fake/runprocess.py':[
96,
136,
],
'project:buildbot-slave-0.8.6p1/contrib/windows/buildbot_service.py':[
138,
216,
],
'project:django-1.4/django/conf/__init__.py':[
83,
],
'project:django-1.4/django/contrib/admin/forms.py':[
20,
],
'project:django-1.4/django/contrib/admin/helpers.py':[
170,
],
'project:django-1.4/django/contrib/admin/options.py':[
227,
924,
1012,
1103,
],
'project:django-1.4/django/contrib/admin/sites.py':[
329,
388,
],
'project:django-1.4/django/contrib/admin/templatetags/admin_list.py':[
36,
81,
167,
281,
],
'project:django-1.4/django/contrib/admin/util.py':[
256,
],
'project:django-1.4/django/contrib/admin/validation.py':[
14,
262,
],
'project:django-1.4/django/contrib/admin/views/main.py':[
80,
265,
298,
],
'project:django-1.4/django/contrib/admindocs/views.py':[
44,
79,
179,
],
'project:django-1.4/django/contrib/auth/management/commands/createsuperuser.py':[
46,
],
'project:django-1.4/django/contrib/auth/models.py':[
199,
],
'project:django-1.4/django/contrib/comments/views/comments.py':[
32,
],
'project:django-1.4/django/contrib/contenttypes/management.py':[
5,
],
'project:django-1.4/django/contrib/contenttypes/views.py':[
7,
],
'project:django-1.4/django/contrib/databrowse/datastructures.py':[
141,
172,
],
'project:django-1.4/django/contrib/formtools/wizard/views.py':[
122,
],
'project:django-1.4/django/contrib/gis/db/backends/oracle/operations.py':[
222,
],
'project:django-1.4/django/contrib/gis/db/backends/postgis/operations.py':[
71,
483,
],
'project:django-1.4/django/contrib/gis/db/backends/spatialite/operations.py':[
292,
],
'project:django-1.4/django/contrib/gis/db/models/query.py':[
571,
],
'project:django-1.4/django/contrib/gis/db/models/sql/compiler.py':[
10,
96,
],
'project:django-1.4/django/contrib/gis/feeds.py':[
31,
],
'project:django-1.4/django/contrib/gis/forms/fields.py':[
32,
],
'project:django-1.4/django/contrib/gis/gdal/envelope.py':[
91,
],
'project:django-1.4/django/contrib/gis/gdal/geometries.py':[
69,
395,
],
'project:django-1.4/django/contrib/gis/gdal/tests/test_ds.py':[
60,
],
'project:django-1.4/django/contrib/gis/geoip/base.py':[
55,
],
'project:django-1.4/django/contrib/gis/geos/geometry.py':[
41,
],
'project:django-1.4/django/contrib/gis/geos/linestring.py':[
13,
],
'project:django-1.4/django/contrib/gis/geos/mutable_list.py':[
294,
],
'project:django-1.4/django/contrib/gis/geos/tests/test_geos.py':[
638,
],
'project:django-1.4/django/contrib/gis/geos/tests/test_mutable_list.py':[
85,
],
'project:django-1.4/django/contrib/gis/maps/google/gmap.py':[
24,
],
'project:django-1.4/django/contrib/gis/sitemaps/kml.py':[
17,
],
'project:django-1.4/django/contrib/gis/tests/distapp/tests.py':[
40,
],
'project:django-1.4/django/contrib/gis/tests/test_spatialrefsys.py':[
66,
],
'project:django-1.4/django/contrib/gis/utils/layermapping.py':[
148,
321,
452,
],
'project:django-1.4/django/contrib/gis/utils/ogrinfo.py':[
10,
],
'project:django-1.4/django/contrib/gis/utils/ogrinspect.py':[
119,
],
'project:django-1.4/django/contrib/humanize/templatetags/humanize.py':[
172,
],
'project:django-1.4/django/contrib/localflavor/cz/forms.py':[
57,
],
'project:django-1.4/django/contrib/localflavor/es/forms.py':[
91,
],
'project:django-1.4/django/contrib/localflavor/id/forms.py':[
115,
],
'project:django-1.4/django/contrib/markup/templatetags/markup.py':[
35,
],
'project:django-1.4/django/contrib/staticfiles/management/commands/collectstatic.py':[
81,
134,
211,
],
'project:django-1.4/django/contrib/staticfiles/storage.py':[
100,
134,
175,
],
'project:django-1.4/django/contrib/syndication/views.py':[
93,
],
'project:django-1.4/django/core/files/storage.py':[
158,
],
'project:django-1.4/django/core/handlers/base.py':[
25,
72,
],
'project:django-1.4/django/core/management/__init__.py':[
264,
],
'project:django-1.4/django/core/management/base.py':[
198,
],
'project:django-1.4/django/core/management/commands/compilemessages.py':[
14,
],
'project:django-1.4/django/core/management/commands/createcachetable.py':[
22,
],
'project:django-1.4/django/core/management/commands/dumpdata.py':[
30,
119,
],
'project:django-1.4/django/core/management/commands/inspectdb.py':[
27,
],
'project:django-1.4/django/core/management/commands/loaddata.py':[
37,
],
'project:django-1.4/django/core/management/commands/makemessages.py':[
48,
101,
150,
263,
],
'project:django-1.4/django/core/management/commands/runserver.py':[
41,
],
'project:django-1.4/django/core/management/commands/syncdb.py':[
24,
],
'project:django-1.4/django/core/management/sql.py':[
55,
],
'project:django-1.4/django/core/management/templates.py':[
64,
],
'project:django-1.4/django/core/management/validation.py':[
16,
],
'project:django-1.4/django/core/serializers/base.py':[
31,
],
'project:django-1.4/django/core/serializers/python.py':[
70,
],
'project:django-1.4/django/core/servers/fastcgi.py':[
90,
],
'project:django-1.4/django/core/urlresolvers.py':[
78,
237,
293,
356,
422,
],
'project:django-1.4/django/core/validators.py':[
61,
],
'project:django-1.4/django/db/backends/__init__.py':[
940,
],
'project:django-1.4/django/db/backends/creation.py':[
31,
],
'project:django-1.4/django/db/backends/oracle/base.py':[
151,
472,
760,
],
'project:django-1.4/django/db/backends/oracle/creation.py':[
46,
],
'project:django-1.4/django/db/backends/postgresql_psycopg2/base.py':[
157,
],
'project:django-1.4/django/db/backends/sqlite3/creation.py':[
48,
],
'project:django-1.4/django/db/models/base.py':[
32,
278,
467,
642,
694,
],
'project:django-1.4/django/db/models/deletion.py':[
133,
225,
],
'project:django-1.4/django/db/models/fields/__init__.py':[
166,
322,
],
'project:django-1.4/django/db/models/fields/related.py':[
354,
439,
516,
],
'project:django-1.4/django/db/models/manager.py':[
8,
],
'project:django-1.4/django/db/models/options.py':[
66,
117,
388,
432,
],
'project:django-1.4/django/db/models/query.py':[
165,
231,
948,
1240,
1339,
1447,
1579,
1688,
],
'project:django-1.4/django/db/models/sql/compiler.py':[
53,
168,
248,
333,
495,
539,
573,
751,
934,
],
'project:django-1.4/django/db/models/sql/query.py':[
443,
559,
741,
851,
1030,
1219,
1270,
],
'project:django-1.4/django/db/models/sql/where.py':[
74,
130,
232,
],
'project:django-1.4/django/forms/extras/widgets.py':[
61,
],
'project:django-1.4/django/forms/fields.py':[
333,
873,
926,
],
'project:django-1.4/django/forms/forms.py':[
141,
],
'project:django-1.4/django/forms/formsets.py':[
191,
],
'project:django-1.4/django/forms/models.py':[
97,
133,
502,
633,
766,
],
'project:django-1.4/django/forms/widgets.py':[
105,
],
'project:django-1.4/django/http/multipartparser.py':[
92,
],
'project:django-1.4/django/middleware/common.py':[
35,
92,
],
'project:django-1.4/django/middleware/csrf.py':[
86,
],
'project:django-1.4/django/template/base.py':[
234,
409,
524,
568,
738,
885,
934,
1061,
],
'project:django-1.4/django/template/defaultfilters.py':[
582,
],
'project:django-1.4/django/template/defaulttags.py':[
131,
395,
504,
998,
1197,
],
'project:django-1.4/django/template/loader.py':[
87,
],
'project:django-1.4/django/templatetags/i18n.py':[
361,
],
'project:django-1.4/django/test/_doctest.py':[
875,
938,
975,
1177,
1379,
],
'project:django-1.4/django/test/html.py':[
59,
86,
],
'project:django-1.4/django/test/simple.py':[
98,
206,
275,
],
'project:django-1.4/django/test/testcases.py':[
669,
1018,
],
'project:django-1.4/django/utils/archive.py':[
133,
],
'project:django-1.4/django/utils/dateformat.py':[
251,
],
'project:django-1.4/django/utils/decorators.py':[
76,
],
'project:django-1.4/django/utils/dictconfig.py':[
184,
272,
457,
],
'project:django-1.4/django/utils/encoding.py':[
54,
],
'project:django-1.4/django/utils/formats.py':[
59,
],
'project:django-1.4/django/utils/functional.py':[
52,
],
'project:django-1.4/django/utils/html.py':[
123,
],
'project:django-1.4/django/utils/html_parser.py':[
26,
],
'project:django-1.4/django/utils/ipv6.py':[
6,
143,
],
'project:django-1.4/django/utils/module_loading.py':[
6,
],
'project:django-1.4/django/utils/numberformat.py':[
5,
],
'project:django-1.4/django/utils/regex_helper.py':[
42,
286,
],
'project:django-1.4/django/utils/simplejson/decoder.py':[
57,
139,
214,
],
'project:django-1.4/django/utils/simplejson/encoder.py':[
196,
252,
],
'project:django-1.4/django/utils/simplejson/scanner.py':[
15,
],
'project:django-1.4/django/utils/termcolors.py':[
121,
],
'project:django-1.4/django/utils/text.py':[
140,
],
'project:django-1.4/django/utils/translation/trans_real.py':[
95,
366,
449,
],
'project:django-1.4/django/utils/unittest/case.py':[
300,
623,
],
'project:django-1.4/django/utils/unittest/loader.py':[
97,
245,
],
'project:django-1.4/django/utils/unittest/main.py':[
114,
],
'project:django-1.4/django/utils/unittest/result.py':[
73,
],
'project:django-1.4/django/utils/unittest/runner.py':[
150,
],
'project:django-1.4/django/utils/unittest/util.py':[
25,
65,
],
'project:django-1.4/django/views/debug.py':[
128,
153,
208,
],
'project:django-1.4/django/views/decorators/http.py':[
54,
],
'project:django-1.4/django/views/generic/date_based.py':[
107,
239,
317,
],
'project:django-1.4/django/views/generic/list_detail.py':[
14,
],
'project:django-1.4/django/views/i18n.py':[
168,
],
'project:django-1.4/docs/_ext/literals_to_xrefs.py':[
40,
],
'project:django-1.4/extras/csrf_migration_helper.py':[
307,
],
'project:django-1.4/tests/regressiontests/templates/tests.py':[
399,
],
'project:django-1.4/tests/regressiontests/test_client_regress/models.py':[
29,
],
'project:django-1.4/tests/regressiontests/urlpatterns_reverse/tests.py':[
188,
],
'project:django-1.4/tests/runtests.py':[
173,
],
'project:tornado-2.3/demos/appengine/markdown.py':[
188,
279,
441,
828,
1578,
1758,
],
'project:tornado-2.3/demos/blog/markdown.py':[
188,
279,
441,
828,
1578,
1758,
],
'project:tornado-2.3/tornado/auth.py':[
151,
],
'project:tornado-2.3/tornado/curl_httpclient.py':[
275,
],
'project:tornado-2.3/tornado/escape.py':[
238,
],
'project:tornado-2.3/tornado/gen.py':[
322,
],
'project:tornado-2.3/tornado/httpserver.py':[
269,
367,
],
'project:tornado-2.3/tornado/httputil.py':[
208,
],
'project:tornado-2.3/tornado/ioloop.py':[
251,
],
'project:tornado-2.3/tornado/iostream.py':[
438,
],
'project:tornado-2.3/tornado/locale.py':[
84,
261,
],
'project:tornado-2.3/tornado/netutil.py':[
195,
],
'project:tornado-2.3/tornado/options.py':[
115,
158,
],
'project:tornado-2.3/tornado/platform/twisted.py':[
178,
],
'project:tornado-2.3/tornado/process.py':[
69,
],
'project:tornado-2.3/tornado/simple_httpclient.py':[
128,
237,
338,
390,
485,
],
'project:tornado-2.3/tornado/stack_context.py':[
185,
],
'project:tornado-2.3/tornado/template.py':[
679,
],
'project:tornado-2.3/tornado/test/process_test.py':[
52,
],
'project:tornado-2.3/tornado/testing.py':[
169,
],
'project:tornado-2.3/tornado/web.py':[
496,
662,
1276,
1366,
],
'project:tornado-2.3/tornado/websocket.py':[
570,
],
'project:tornado-2.3/tornado/wsgi.py':[
108,
],
'project:twisted-12.1.0/doc/core/examples/dbcred.py':[
84,
],
'project:twisted-12.1.0/twisted/conch/checkers.py':[
197,
],
'project:twisted-12.1.0/twisted/conch/client/default.py':[
81,
],
'project:twisted-12.1.0/twisted/conch/insults/client.py':[
26,
],
'project:twisted-12.1.0/twisted/conch/insults/helper.py':[
293,
],
'project:twisted-12.1.0/twisted/conch/insults/insults.py':[
425,
850,
],
'project:twisted-12.1.0/twisted/conch/insults/window.py':[
270,
300,
],
'project:twisted-12.1.0/twisted/conch/ls.py':[
16,
],
'project:twisted-12.1.0/twisted/conch/openssh_compat/factory.py':[
43,
],
'project:twisted-12.1.0/twisted/conch/scripts/cftp.py':[
745,
],
'project:twisted-12.1.0/twisted/conch/scripts/conch.py':[
90,
188,
],
'project:twisted-12.1.0/twisted/conch/scripts/tkconch.py':[
112,
256,
284,
],
'project:twisted-12.1.0/twisted/conch/ssh/session.py':[
231,
],
'project:twisted-12.1.0/twisted/conch/telnet.py':[
509,
],
'project:twisted-12.1.0/twisted/conch/ui/ansi.py':[
97,
158,
],
'project:twisted-12.1.0/twisted/conch/ui/tkvt100.py':[
101,
],
'project:twisted-12.1.0/twisted/conch/unix.py':[
236,
],
'project:twisted-12.1.0/twisted/internet/_dumbwin32proc.py':[
119,
],
'project:twisted-12.1.0/twisted/internet/_pollingfile.py':[
270,
],
'project:twisted-12.1.0/twisted/internet/_sslverify.py':[
705,
],
'project:twisted-12.1.0/twisted/internet/_threadedselect.py':[
152,
],
'project:twisted-12.1.0/twisted/internet/abstract.py':[
212,
],
'project:twisted-12.1.0/twisted/internet/base.py':[
174,
762,
826,
],
'project:twisted-12.1.0/twisted/internet/defer.py':[
476,
875,
1026,
],
'project:twisted-12.1.0/twisted/internet/iocpreactor/udp.py':[
153,
],
'project:twisted-12.1.0/twisted/internet/kqreactor.py':[
154,
181,
],
'project:twisted-12.1.0/twisted/internet/posixbase.py':[
334,
572,
],
'project:twisted-12.1.0/twisted/internet/process.py':[
355,
616,
719,
980,
],
'project:twisted-12.1.0/twisted/internet/selectreactor.py':[
94,
],
'project:twisted-12.1.0/twisted/internet/tcp.py':[
959,
],
'project:twisted-12.1.0/twisted/internet/udp.py':[
127,
152,
],
'project:twisted-12.1.0/twisted/internet/unix.py':[
262,
],
'project:twisted-12.1.0/twisted/internet/win32eventreactor.py':[
216,
],
'project:twisted-12.1.0/twisted/internet/wxreactor.py':[
120,
],
'project:twisted-12.1.0/twisted/lore/latex.py':[
118,
],
'project:twisted-12.1.0/twisted/lore/lint.py':[
92,
],
'project:twisted-12.1.0/twisted/lore/scripts/lore.py':[
91,
],
'project:twisted-12.1.0/twisted/lore/slides.py':[
211,
],
'project:twisted-12.1.0/twisted/mail/imap4.py':[
1528,
1967,
2434,
2470,
2900,
3559,
3647,
3686,
3916,
4143,
4250,
4820,
5308,
],
'project:twisted-12.1.0/twisted/mail/pop3.py':[
363,
545,
],
'project:twisted-12.1.0/twisted/mail/relaymanager.py':[
545,
],
'project:twisted-12.1.0/twisted/mail/scripts/mailmail.py':[
62,
226,
312,
],
'project:twisted-12.1.0/twisted/mail/smtp.py':[
372,
780,
1349,
],
'project:twisted-12.1.0/twisted/mail/tap.py':[
294,
],
'project:twisted-12.1.0/twisted/mail/test/pop3testserver.py':[
104,
],
'project:twisted-12.1.0/twisted/mail/test/test_smtp.py':[
480,
],
'project:twisted-12.1.0/twisted/manhole/service.py':[
250,
],
'project:twisted-12.1.0/twisted/names/authority.py':[
78,
137,
],
'project:twisted-12.1.0/twisted/names/common.py':[
220,
],
'project:twisted-12.1.0/twisted/names/dns.py':[
322,
],
'project:twisted-12.1.0/twisted/names/root.py':[
171,
],
'project:twisted-12.1.0/twisted/news/nntp.py':[
528,
780,
],
'project:twisted-12.1.0/twisted/persisted/aot.py':[
176,
315,
468,
],
'project:twisted-12.1.0/twisted/persisted/styles.py':[
213,
],
'project:twisted-12.1.0/twisted/plugin.py':[
123,
],
'project:twisted-12.1.0/twisted/protocols/basic.py':[
543,
],
'project:twisted-12.1.0/twisted/protocols/dict.py':[
16,
],
'project:twisted-12.1.0/twisted/protocols/ftp.py':[
733,
1548,
],
'project:twisted-12.1.0/twisted/protocols/gps/rockwell.py':[
76,
],
'project:twisted-12.1.0/twisted/protocols/sip.py':[
329,
428,
673,
],
'project:twisted-12.1.0/twisted/protocols/telnet.py':[
272,
],
'project:twisted-12.1.0/twisted/python/_release.py':[
1007,
1062,
],
'project:twisted-12.1.0/twisted/python/_shellcomp.py':[
34,
466,
],
'project:twisted-12.1.0/twisted/python/compat.py':[
17,
63,
],
'project:twisted-12.1.0/twisted/python/dist.py':[
172,
],
'project:twisted-12.1.0/twisted/python/failure.py':[
30,
170,
520,
],
'project:twisted-12.1.0/twisted/python/filepath.py':[
356,
],
'project:twisted-12.1.0/twisted/python/lockfile.py':[
114,
],
'project:twisted-12.1.0/twisted/python/log.py':[
176,
],
'project:twisted-12.1.0/twisted/python/modules.py':[
111,
416,
],
'project:twisted-12.1.0/twisted/python/rebuild.py':[
130,
],
'project:twisted-12.1.0/twisted/python/reflect.py':[
91,
250,
739,
],
'project:twisted-12.1.0/twisted/python/text.py':[
15,
],
'project:twisted-12.1.0/twisted/python/usage.py':[
210,
370,
475,
859,
],
'project:twisted-12.1.0/twisted/python/util.py':[
272,
380,
606,
935,
],
'project:twisted-12.1.0/twisted/python/zipstream.py':[
261,
342,
],
'project:twisted-12.1.0/twisted/python/zshcomp.py':[
467,
],
'project:twisted-12.1.0/twisted/runner/inetdtap.py':[
64,
],
'project:twisted-12.1.0/twisted/spread/banana.py':[
114,
157,
288,
],
'project:twisted-12.1.0/twisted/spread/jelly.py':[
468,
636,
],
'project:twisted-12.1.0/twisted/spread/pb.py':[
881,
],
'project:twisted-12.1.0/twisted/test/iosim.py':[
213,
],
'project:twisted-12.1.0/twisted/test/test_nmea.py':[
90,
],
'project:twisted-12.1.0/twisted/test/test_process.py':[
865,
],
'project:twisted-12.1.0/twisted/trial/test/test_loader.py':[
532,
],
'project:twisted-12.1.0/twisted/trial/unittest.py':[
895,
],
'project:twisted-12.1.0/twisted/web/_flatten.py':[
97,
],
'project:twisted-12.1.0/twisted/web/_newclient.py':[
447,
621,
],
'project:twisted-12.1.0/twisted/web/domhelpers.py':[
29,
],
'project:twisted-12.1.0/twisted/web/http.py':[
889,
1422,
1515,
],
'project:twisted-12.1.0/twisted/web/microdom.py':[
546,
799,
872,
941,
],
'project:twisted-12.1.0/twisted/web/server.py':[
184,
],
'project:twisted-12.1.0/twisted/web/static.py':[
329,
],
'project:twisted-12.1.0/twisted/web/sux.py':[
228,
358,
],
'project:twisted-12.1.0/twisted/web/template.py':[
169,
],
'project:twisted-12.1.0/twisted/web/test/test_http.py':[
895,
],
'project:twisted-12.1.0/twisted/web/twcgi.py':[
234,
],
'project:twisted-12.1.0/twisted/web/wsgi.py':[
307,
],
'project:twisted-12.1.0/twisted/words/protocols/irc.py':[
176,
],
'project:twisted-12.1.0/twisted/words/protocols/jabber/jid.py':[
21,
],
'project:twisted-12.1.0/twisted/words/protocols/msn.py':[
635,
2197,
],
'project:twisted-12.1.0/twisted/words/protocols/oscar.py':[
98,
208,
529,
671,
],
'project:twisted-12.1.0/twisted/words/xish/domish.py':[
58,
602,
],
'project:twisted-12.1.0/twisted/words/xish/utility.py':[
281,
],
'project:twisted-12.1.0/twisted/words/xish/xpath.py':[
217,
],
'project:twisted-12.1.0/twisted/words/xish/xpathparser.py':[
157,
],
}
