{
'project:buildbot-0.8.6p1/buildbot/buildslave.py':[
0,
],
'project:buildbot-0.8.6p1/buildbot/interfaces.py':[
0,
],
'project:buildbot-0.8.6p1/buildbot/scripts/runner.py':[
0,
],
'project:buildbot-0.8.6p1/buildbot/status/words.py':[
0,
],
'project:buildbot-0.8.6p1/buildbot/steps/source/oldsource.py':[
0,
],
'project:buildbot-0.8.6p1/buildbot/test/fake/fakedb.py':[
0,
],
'project:buildbot-0.8.6p1/buildbot/test/unit/test_config.py':[
0,
],
'project:buildbot-0.8.6p1/buildbot/test/unit/test_steps_source_svn.py':[
0,
],
'project:buildbot-0.8.6p1/contrib/buildbot_json.py':[
0,
],
'project:django-1.4/django/contrib/admin/options.py':[
0,
],
'project:django-1.4/django/contrib/gis/geos/tests/test_geos.py':[
0,
],
'project:django-1.4/django/db/backends/__init__.py':[
0,
],
'project:django-1.4/django/db/models/fields/__init__.py':[
0,
],
'project:django-1.4/django/db/models/fields/related.py':[
0,
],
'project:django-1.4/django/db/models/query.py':[
0,
],
'project:django-1.4/django/db/models/sql/compiler.py':[
0,
],
'project:django-1.4/django/db/models/sql/query.py':[
0,
],
'project:django-1.4/django/forms/fields.py':[
0,
],
'project:django-1.4/django/forms/models.py':[
0,
],
'project:django-1.4/django/template/base.py':[
0,
],
'project:django-1.4/django/template/defaulttags.py':[
0,
],
'project:django-1.4/django/test/_doctest.py':[
0,
],
'project:django-1.4/django/test/testcases.py':[
0,
],
'project:django-1.4/django/utils/unittest/case.py':[
0,
],
'project:django-1.4/django/views/debug.py':[
0,
],
'project:django-1.4/tests/modeltests/model_forms/tests.py':[
0,
],
'project:django-1.4/tests/modeltests/model_formsets/tests.py':[
0,
],
'project:django-1.4/tests/modeltests/timezones/tests.py':[
0,
],
'project:django-1.4/tests/regressiontests/admin_scripts/tests.py':[
0,
],
'project:django-1.4/tests/regressiontests/admin_views/tests.py':[
0,
],
'project:django-1.4/tests/regressiontests/cache/tests.py':[
0,
],
'project:django-1.4/tests/regressiontests/forms/tests/fields.py':[
0,
],
'project:django-1.4/tests/regressiontests/forms/tests/forms.py':[
0,
],
'project:django-1.4/tests/regressiontests/forms/tests/widgets.py':[
0,
],
'project:django-1.4/tests/regressiontests/i18n/tests.py':[
0,
],
'project:django-1.4/tests/regressiontests/modeladmin/tests.py':[
0,
],
'project:django-1.4/tests/regressiontests/multiple_database/tests.py':[
0,
],
'project:django-1.4/tests/regressiontests/queries/tests.py':[
0,
],
'project:django-1.4/tests/regressiontests/templates/tests.py':[
0,
],
'project:django-1.4/tests/regressiontests/test_client_regress/models.py':[
0,
],
'project:tornado-2.3/demos/appengine/markdown.py':[
0,
],
'project:tornado-2.3/demos/blog/markdown.py':[
0,
],
'project:tornado-2.3/tornado/auth.py':[
0,
],
'project:tornado-2.3/tornado/web.py':[
0,
],
'project:twisted-12.1.0/twisted/conch/insults/insults.py':[
0,
],
'project:twisted-12.1.0/twisted/conch/ssh/transport.py':[
0,
],
'project:twisted-12.1.0/twisted/conch/telnet.py':[
0,
],
'project:twisted-12.1.0/twisted/conch/test/test_session.py':[
0,
],
'project:twisted-12.1.0/twisted/conch/test/test_transport.py':[
0,
],
'project:twisted-12.1.0/twisted/conch/test/test_userauth.py':[
0,
],
'project:twisted-12.1.0/twisted/internet/base.py':[
0,
],
'project:twisted-12.1.0/twisted/internet/defer.py':[
0,
],
'project:twisted-12.1.0/twisted/internet/endpoints.py':[
0,
],
'project:twisted-12.1.0/twisted/internet/interfaces.py':[
0,
],
'project:twisted-12.1.0/twisted/internet/process.py':[
0,
],
'project:twisted-12.1.0/twisted/internet/tcp.py':[
0,
],
'project:twisted-12.1.0/twisted/internet/test/test_endpoints.py':[
0,
],
'project:twisted-12.1.0/twisted/internet/test/test_tcp.py':[
0,
],
'project:twisted-12.1.0/twisted/lore/test/test_lore.py':[
0,
],
'project:twisted-12.1.0/twisted/lore/tree.py':[
0,
],
'project:twisted-12.1.0/twisted/mail/imap4.py':[
0,
],
'project:twisted-12.1.0/twisted/mail/pop3.py':[
0,
],
'project:twisted-12.1.0/twisted/mail/smtp.py':[
0,
],
'project:twisted-12.1.0/twisted/mail/test/test_imap.py':[
0,
],
'project:twisted-12.1.0/twisted/mail/test/test_mail.py':[
0,
],
'project:twisted-12.1.0/twisted/mail/test/test_pop3.py':[
0,
],
'project:twisted-12.1.0/twisted/mail/test/test_smtp.py':[
0,
],
'project:twisted-12.1.0/twisted/names/dns.py':[
0,
],
'project:twisted-12.1.0/twisted/names/test/test_dns.py':[
0,
],
'project:twisted-12.1.0/twisted/news/database.py':[
0,
],
'project:twisted-12.1.0/twisted/news/nntp.py':[
0,
],
'project:twisted-12.1.0/twisted/protocols/amp.py':[
0,
],
'project:twisted-12.1.0/twisted/protocols/ftp.py':[
0,
],
'project:twisted-12.1.0/twisted/protocols/sip.py':[
0,
],
'project:twisted-12.1.0/twisted/protocols/test/test_tls.py':[
0,
],
'project:twisted-12.1.0/twisted/python/_release.py':[
0,
],
'project:twisted-12.1.0/twisted/python/filepath.py':[
0,
],
'project:twisted-12.1.0/twisted/python/test/test_release.py':[
0,
],
'project:twisted-12.1.0/twisted/spread/jelly.py':[
0,
],
'project:twisted-12.1.0/twisted/spread/pb.py':[
0,
],
'project:twisted-12.1.0/twisted/test/test_amp.py':[
0,
],
'project:twisted-12.1.0/twisted/test/test_defer.py':[
0,
],
'project:twisted-12.1.0/twisted/test/test_ftp.py':[
0,
],
'project:twisted-12.1.0/twisted/test/test_internet.py':[
0,
],
'project:twisted-12.1.0/twisted/test/test_paths.py':[
0,
],
'project:twisted-12.1.0/twisted/test/test_pb.py':[
0,
],
'project:twisted-12.1.0/twisted/test/test_process.py':[
0,
],
'project:twisted-12.1.0/twisted/test/test_protocols.py':[
0,
],
'project:twisted-12.1.0/twisted/test/test_tcp.py':[
0,
],
'project:twisted-12.1.0/twisted/test/test_twistd.py':[
0,
],
'project:twisted-12.1.0/twisted/trial/reporter.py':[
0,
],
'project:twisted-12.1.0/twisted/trial/test/test_reporter.py':[
0,
],
'project:twisted-12.1.0/twisted/trial/test/test_runner.py':[
0,
],
'project:twisted-12.1.0/twisted/trial/test/test_tests.py':[
0,
],
'project:twisted-12.1.0/twisted/trial/unittest.py':[
0,
],
'project:twisted-12.1.0/twisted/web/_newclient.py':[
0,
],
'project:twisted-12.1.0/twisted/web/client.py':[
0,
],
'project:twisted-12.1.0/twisted/web/http.py':[
0,
],
'project:twisted-12.1.0/twisted/web/microdom.py':[
0,
],
'project:twisted-12.1.0/twisted/web/static.py':[
0,
],
'project:twisted-12.1.0/twisted/web/test/test_http.py':[
0,
],
'project:twisted-12.1.0/twisted/web/test/test_newclient.py':[
0,
],
'project:twisted-12.1.0/twisted/web/test/test_static.py':[
0,
],
'project:twisted-12.1.0/twisted/web/test/test_web.py':[
0,
],
'project:twisted-12.1.0/twisted/web/test/test_webclient.py':[
0,
],
'project:twisted-12.1.0/twisted/web/test/test_wsgi.py':[
0,
],
'project:twisted-12.1.0/twisted/web/test/test_xml.py':[
0,
],
'project:twisted-12.1.0/twisted/words/protocols/irc.py':[
0,
],
'project:twisted-12.1.0/twisted/words/protocols/jabber/xmlstream.py':[
0,
],
'project:twisted-12.1.0/twisted/words/protocols/msn.py':[
0,
],
'project:twisted-12.1.0/twisted/words/protocols/oscar.py':[
0,
],
'project:twisted-12.1.0/twisted/words/service.py':[
0,
],
'project:twisted-12.1.0/twisted/words/test/test_irc.py':[
0,
],
'project:twisted-12.1.0/twisted/words/test/test_jabberxmlstream.py':[
0,
],
}
