{
'project:buildbot-0.8.6p1/buildbot/buildslave.py':[
55,
756,
],
'project:buildbot-0.8.6p1/buildbot/changes/bonsaipoller.py':[
209,
],
'project:buildbot-0.8.6p1/buildbot/changes/changes.py':[
83,
],
'project:buildbot-0.8.6p1/buildbot/changes/filter.py':[
27,
],
'project:buildbot-0.8.6p1/buildbot/changes/gitpoller.py':[
34,
],
'project:buildbot-0.8.6p1/buildbot/changes/p4poller.py':[
65,
],
'project:buildbot-0.8.6p1/buildbot/changes/svnpoller.py':[
62,
],
'project:buildbot-0.8.6p1/buildbot/clients/base.py':[
73,
],
'project:buildbot-0.8.6p1/buildbot/clients/sendchange.py':[
28,
],
'project:buildbot-0.8.6p1/buildbot/clients/tryclient.py':[
337,
],
'project:buildbot-0.8.6p1/buildbot/config.py':[
596,
],
'project:buildbot-0.8.6p1/buildbot/db/changes.py':[
32,
],
'project:buildbot-0.8.6p1/buildbot/db/sourcestamps.py':[
31,
],
'project:buildbot-0.8.6p1/buildbot/db/users.py':[
150,
],
'project:buildbot-0.8.6p1/buildbot/ec2buildslave.py':[
45,
],
'project:buildbot-0.8.6p1/buildbot/libvirtbuildslave.py':[
135,
],
'project:buildbot-0.8.6p1/buildbot/master.py':[
358,
],
'project:buildbot-0.8.6p1/buildbot/process/buildstep.py':[
343,
],
'project:buildbot-0.8.6p1/buildbot/process/factory.py':[
160,
195,
211,
],
'project:buildbot-0.8.6p1/buildbot/process/mtrlogobserver.py':[
271,
],
'project:buildbot-0.8.6p1/buildbot/schedulers/base.py':[
258,
],
'project:buildbot-0.8.6p1/buildbot/schedulers/basic.py':[
38,
],
'project:buildbot-0.8.6p1/buildbot/schedulers/forcesched.py':[
203,
],
'project:buildbot-0.8.6p1/buildbot/schedulers/timed.py':[
237,
],
'project:buildbot-0.8.6p1/buildbot/schedulers/trysched.py':[
215,
],
'project:buildbot-0.8.6p1/buildbot/sourcestamp.py':[
131,
],
'project:buildbot-0.8.6p1/buildbot/status/mail.py':[
169,
540,
],
'project:buildbot-0.8.6p1/buildbot/status/status_push.py':[
51,
328,
],
'project:buildbot-0.8.6p1/buildbot/status/tinderbox.py':[
55,
],
'project:buildbot-0.8.6p1/buildbot/status/web/baseweb.py':[
145,
],
'project:buildbot-0.8.6p1/buildbot/status/web/console.py':[
284,
528,
],
'project:buildbot-0.8.6p1/buildbot/status/words.py':[
774,
897,
964,
],
'project:buildbot-0.8.6p1/buildbot/steps/master.py':[
36,
],
'project:buildbot-0.8.6p1/buildbot/steps/package/rpm/rpmbuild.py':[
36,
],
'project:buildbot-0.8.6p1/buildbot/steps/python.py':[
224,
],
'project:buildbot-0.8.6p1/buildbot/steps/python_twisted.py':[
209,
],
'project:buildbot-0.8.6p1/buildbot/steps/shell.py':[
384,
],
'project:buildbot-0.8.6p1/buildbot/steps/source/cvs.py':[
32,
],
'project:buildbot-0.8.6p1/buildbot/steps/source/git.py':[
28,
],
'project:buildbot-0.8.6p1/buildbot/steps/source/mercurial.py':[
35,
],
'project:buildbot-0.8.6p1/buildbot/steps/source/oldsource.py':[
79,
396,
573,
838,
1246,
],
'project:buildbot-0.8.6p1/buildbot/steps/source/svn.py':[
38,
],
'project:buildbot-0.8.6p1/buildbot/steps/transfer.py':[
224,
305,
424,
495,
],
'project:buildbot-0.8.6p1/buildbot/steps/trigger.py':[
31,
],
'project:buildbot-0.8.6p1/buildbot/steps/vstudio.py':[
103,
],
'project:buildbot-0.8.6p1/buildbot/test/fake/fakedb.py':[
351,
541,
],
'project:buildbot-0.8.6p1/buildbot/test/fake/remotecommand.py':[
50,
233,
],
'project:buildbot-0.8.6p1/buildbot/test/unit/test_steps_vstudio.py':[
97,
],
'project:buildbot-0.8.6p1/docs/bbdocs/ext.py':[
75,
121,
150,
165,
180,
263,
],
'project:buildbot-slave-0.8.6p1/buildslave/bot.py':[
424,
],
'project:buildbot-slave-0.8.6p1/buildslave/runprocess.py':[
232,
517,
],
'project:django-1.4/django/contrib/admin/helpers.py':[
68,
253,
],
'project:django-1.4/django/contrib/admin/views/main.py':[
35,
],
'project:django-1.4/django/contrib/auth/forms.py':[
212,
],
'project:django-1.4/django/contrib/auth/views.py':[
135,
184,
],
'project:django-1.4/django/contrib/contenttypes/generic.py':[
295,
422,
],
'project:django-1.4/django/contrib/gis/maps/google/gmap.py':[
24,
],
'project:django-1.4/django/contrib/gis/maps/google/overlays.py':[
223,
],
'project:django-1.4/django/contrib/gis/utils/layermapping.py':[
66,
452,
],
'project:django-1.4/django/contrib/gis/utils/ogrinspect.py':[
119,
],
'project:django-1.4/django/core/mail/__init__.py':[
44,
],
'project:django-1.4/django/core/mail/backends/smtp.py':[
16,
],
'project:django-1.4/django/core/mail/message.py':[
173,
331,
],
'project:django-1.4/django/core/management/commands/makemessages.py':[
150,
221,
263,
],
'project:django-1.4/django/db/models/fields/__init__.py':[
76,
],
'project:django-1.4/django/db/models/fields/related.py':[
520,
],
'project:django-1.4/django/db/models/sql/compiler.py':[
573,
],
'project:django-1.4/django/db/models/sql/query.py':[
851,
1030,
1270,
],
'project:django-1.4/django/forms/fields.py':[
57,
692,
926,
],
'project:django-1.4/django/forms/forms.py':[
75,
],
'project:django-1.4/django/forms/models.py':[
226,
664,
683,
806,
914,
1005,
],
'project:django-1.4/django/http/__init__.py':[
640,
],
'project:django-1.4/django/template/base.py':[
934,
1001,
],
'project:django-1.4/django/template/response.py':[
140,
],
'project:django-1.4/django/test/_doctest.py':[
875,
1730,
1834,
],
'project:django-1.4/django/utils/feedgenerator.py':[
78,
105,
],
'project:django-1.4/django/utils/simplejson/__init__.py':[
157,
219,
278,
305,
],
'project:django-1.4/django/utils/simplejson/encoder.py':[
92,
252,
],
'project:django-1.4/django/utils/unittest/main.py':[
75,
],
'project:django-1.4/django/views/generic/create_update.py':[
100,
138,
183,
],
'project:django-1.4/django/views/generic/date_based.py':[
18,
59,
107,
187,
239,
317,
],
'project:django-1.4/django/views/generic/list_detail.py':[
14,
110,
],
'project:django-1.4/tests/regressiontests/test_runner/tests.py':[
172,
],
'project:tornado-2.3/demos/appengine/markdown.py':[
108,
],
'project:tornado-2.3/demos/blog/markdown.py':[
108,
],
'project:tornado-2.3/tornado/httpclient.py':[
227,
350,
],
'project:tornado-2.3/tornado/httpserver.py':[
367,
],
'project:tornado-2.3/tornado/options.py':[
92,
187,
],
'project:tornado-2.3/tornado/web.py':[
360,
],
'project:twisted-12.1.0/doc/words/examples/oscardemo.py':[
77,
],
'project:twisted-12.1.0/twisted/conch/insults/helper.py':[
31,
],
'project:twisted-12.1.0/twisted/conch/scripts/cftp.py':[
364,
],
'project:twisted-12.1.0/twisted/conch/ssh/channel.py':[
55,
],
'project:twisted-12.1.0/twisted/conch/test/test_recvline.py':[
310,
336,
362,
],
'project:twisted-12.1.0/twisted/conch/ui/ansi.py':[
31,
],
'project:twisted-12.1.0/twisted/cred/checkers.py':[
118,
],
'project:twisted-12.1.0/twisted/internet/_posixserialport.py':[
31,
],
'project:twisted-12.1.0/twisted/internet/_sslverify.py':[
526,
602,
],
'project:twisted-12.1.0/twisted/internet/_win32serialport.py':[
29,
],
'project:twisted-12.1.0/twisted/internet/base.py':[
42,
],
'project:twisted-12.1.0/twisted/internet/interfaces.py':[
566,
],
'project:twisted-12.1.0/twisted/internet/iocpreactor/reactor.py':[
243,
],
'project:twisted-12.1.0/twisted/internet/posixbase.py':[
334,
],
'project:twisted-12.1.0/twisted/internet/process.py':[
355,
450,
616,
931,
],
'project:twisted-12.1.0/twisted/internet/ssl.py':[
177,
],
'project:twisted-12.1.0/twisted/lore/slides.py':[
241,
],
'project:twisted-12.1.0/twisted/lore/tree.py':[
808,
],
'project:twisted-12.1.0/twisted/mail/imap4.py':[
3686,
],
'project:twisted-12.1.0/twisted/mail/smtp.py':[
1815,
],
'project:twisted-12.1.0/twisted/manhole/service.py':[
95,
],
'project:twisted-12.1.0/twisted/names/dns.py':[
763,
1135,
1542,
],
'project:twisted-12.1.0/twisted/names/srvconnect.py':[
39,
],
'project:twisted-12.1.0/twisted/pair/rawudp.py':[
37,
],
'project:twisted-12.1.0/twisted/protocols/ftp.py':[
388,
],
'project:twisted-12.1.0/twisted/protocols/gps/nmea.py':[
104,
175,
],
'project:twisted-12.1.0/twisted/protocols/sip.py':[
161,
233,
375,
],
'project:twisted-12.1.0/twisted/python/fakepwd.py':[
19,
52,
122,
161,
],
'project:twisted-12.1.0/twisted/python/formmethod.py':[
72,
145,
197,
222,
315,
],
'project:twisted-12.1.0/twisted/python/reflect.py':[
739,
],
'project:twisted-12.1.0/twisted/runner/inetdconf.py':[
97,
123,
],
'project:twisted-12.1.0/twisted/runner/test/test_procmon.py':[
32,
100,
],
'project:twisted-12.1.0/twisted/scripts/test/test_tap2rpm.py':[
25,
],
'project:twisted-12.1.0/twisted/scripts/tkunzip.py':[
38,
],
'project:twisted-12.1.0/twisted/spread/pb.py':[
881,
],
'project:twisted-12.1.0/twisted/spread/ui/tkutil.py':[
198,
316,
],
'project:twisted-12.1.0/twisted/test/mock_win32process.py':[
19,
],
'project:twisted-12.1.0/twisted/test/test_amp.py':[
266,
338,
346,
],
'project:twisted-12.1.0/twisted/trial/runner.py':[
757,
],
'project:twisted-12.1.0/twisted/web/_stan.py':[
122,
],
'project:twisted-12.1.0/twisted/web/client.py':[
311,
426,
1071,
],
'project:twisted-12.1.0/twisted/web/domhelpers.py':[
165,
],
'project:twisted-12.1.0/twisted/web/http.py':[
955,
],
'project:twisted-12.1.0/twisted/web/iweb.py':[
221,
],
'project:twisted-12.1.0/twisted/web/microdom.py':[
101,
134,
300,
346,
368,
399,
424,
446,
546,
],
'project:twisted-12.1.0/twisted/web/test/test_proxy.py':[
238,
],
'project:twisted-12.1.0/twisted/web/test/test_wsgi.py':[
120,
],
'project:twisted-12.1.0/twisted/web/xmlrpc.py':[
411,
507,
],
'project:twisted-12.1.0/twisted/words/im/ircsupport.py':[
249,
],
'project:twisted-12.1.0/twisted/words/im/pbsupport.py':[
189,
],
'project:twisted-12.1.0/twisted/words/protocols/irc.py':[
513,
],
'project:twisted-12.1.0/twisted/words/protocols/oscar.py':[
944,
],
}
