{
'project:buildbot-0.8.6p1/buildbot/test/unit/test_db_users.py':[
312,
318,
360,
369,
383,
388,
396,
],
'project:buildbot-0.8.6p1/buildbot/test/unit/test_pbmanager.py':[
42,
69,
],
'project:buildbot-0.8.6p1/contrib/trac/bbwatcher/web_ui.py':[
22,
],
'project:buildbot-slave-0.8.6p1/buildslave/test/unit/test_bot_BuildSlave.py':[
94,
125,
136,
149,
179,
195,
],
'project:django-1.4/django/contrib/gis/geoip/tests.py':[
58,
72,
101,
],
'project:django-1.4/django/core/management/commands/runserver.py':[
67,
],
'project:django-1.4/django/test/client.py':[
192,
],
'project:django-1.4/django/utils/ipv6.py':[
102,
137,
],
'project:django-1.4/tests/modeltests/validation/tests.py':[
149,
161,
175,
182,
184,
189,
191,
195,
197,
],
'project:django-1.4/tests/modeltests/validators/tests.py':[
25,
32,
49,
50,
51,
62,
68,
69,
70,
73,
126,
127,
],
'project:django-1.4/tests/regressiontests/admin_scripts/tests.py':[
1125,
1127,
1128,
1131,
1141,
1142,
],
'project:django-1.4/tests/regressiontests/comment_tests/tests/comment_utils_moderators_tests.py':[
44,
54,
],
'project:django-1.4/tests/regressiontests/comment_tests/tests/comment_view_tests.py':[
106,
110,
118,
122,
139,
141,
],
'project:django-1.4/tests/regressiontests/defaultfilters/tests.py':[
437,
439,
],
'project:django-1.4/tests/regressiontests/forms/tests/extra.py':[
460,
460,
463,
469,
469,
472,
485,
485,
488,
490,
490,
491,
491,
493,
494,
495,
502,
502,
505,
507,
508,
514,
517,
519,
519,
520,
520,
522,
523,
524,
531,
531,
534,
536,
536,
537,
537,
539,
540,
541,
547,
547,
548,
548,
549,
549,
550,
550,
553,
553,
],
'project:django-1.4/tests/regressiontests/forms/tests/fields.py':[
614,
614,
615,
615,
],
'project:django-1.4/tests/regressiontests/localflavor/be/tests.py':[
33,
33,
36,
36,
],
'project:django-1.4/tests/regressiontests/localflavor/fr/tests.py':[
27,
28,
],
'project:django-1.4/tests/regressiontests/logging_tests/tests.py':[
171,
],
'project:django-1.4/tests/regressiontests/mail/tests.py':[
644,
646,
],
'project:django-1.4/tests/regressiontests/serializers_regress/tests.py':[
218,
220,
323,
324,
],
'project:django-1.4/tests/regressiontests/string_lookup/tests.py':[
78,
],
'project:django-1.4/tests/regressiontests/test_client_regress/models.py':[
1045,
],
'project:django-1.4/tests/regressiontests/utils/ipv6.py':[
7,
8,
9,
15,
16,
20,
22,
24,
33,
39,
40,
40,
41,
41,
44,
44,
45,
45,
46,
46,
49,
49,
50,
50,
51,
51,
],
'project:tornado-2.3/demos/appengine/markdown.py':[
48,
],
'project:tornado-2.3/demos/benchmark/benchmark.py':[
60,
70,
],
'project:tornado-2.3/demos/benchmark/chunk_benchmark.py':[
26,
],
'project:tornado-2.3/demos/blog/blog.py':[
31,
],
'project:tornado-2.3/demos/blog/markdown.py':[
48,
],
'project:tornado-2.3/tornado/httpserver.py':[
246,
395,
],
'project:tornado-2.3/tornado/platform/common.py':[
40,
],
'project:tornado-2.3/tornado/platform/twisted.py':[
318,
324,
],
'project:tornado-2.3/tornado/test/httpclient_test.py':[
121,
143,
],
'project:tornado-2.3/tornado/test/httpserver_test.py':[
347,
349,
352,
354,
357,
359,
362,
367,
],
'project:tornado-2.3/tornado/test/iostream_test.py':[
25,
40,
],
'project:tornado-2.3/tornado/test/process_test.py':[
57,
58,
],
'project:tornado-2.3/tornado/test/twisted_test.py':[
340,
349,
],
'project:tornado-2.3/tornado/testing.py':[
239,
],
'project:twisted-12.1.0/doc/conch/benchmarks/buffering_mixin.py':[
105,
],
'project:twisted-12.1.0/doc/core/examples/ampclient.py':[
9,
17,
],
'project:twisted-12.1.0/doc/core/examples/echoclient_udp.py':[
18,
],
'project:twisted-12.1.0/doc/core/examples/pb_exceptions.py':[
32,
],
'project:twisted-12.1.0/doc/core/examples/postfix.py':[
28,
],
'project:twisted-12.1.0/doc/core/howto/listings/amp/basic_client.py':[
15,
],
'project:twisted-12.1.0/doc/core/howto/listings/trial/calculus/test/test_remote_1.py':[
10,
],
'project:twisted-12.1.0/doc/core/howto/listings/trial/calculus/test/test_remote_2.py':[
13,
29,
],
'project:twisted-12.1.0/doc/core/howto/listings/trial/calculus/test/test_remote_3.py':[
10,
],
'project:twisted-12.1.0/doc/core/howto/listings/udp/MulticastClient.py':[
9,
12,
],
'project:twisted-12.1.0/doc/core/howto/listings/udp/MulticastServer.py':[
14,
],
'project:twisted-12.1.0/doc/core/howto/tutorial/listings/finger/finger19a_changes.py':[
28,
],
'project:twisted-12.1.0/doc/core/howto/tutorial/listings/finger/fingerPBclient.py':[
23,
],
'project:twisted-12.1.0/doc/core/howto/tutorial/listings/finger/fingerXRclient.py':[
4,
],
'project:twisted-12.1.0/doc/historic/2003/pycon/twisted-internet/twisted-internet.py':[
295,
],
'project:twisted-12.1.0/twisted/conch/scripts/conch.py':[
279,
296,
],
'project:twisted-12.1.0/twisted/conch/scripts/tkconch.py':[
478,
],
'project:twisted-12.1.0/twisted/conch/test/test_cftp.py':[
462,
472,
509,
847,
954,
],
'project:twisted-12.1.0/twisted/conch/test/test_ckeygen.py':[
50,
70,
],
'project:twisted-12.1.0/twisted/conch/test/test_conch.py':[
174,
284,
313,
363,
377,
501,
546,
],
'project:twisted-12.1.0/twisted/conch/test/test_knownhosts.py':[
63,
148,
533,
535,
550,
552,
572,
577,
580,
597,
626,
640,
643,
646,
871,
888,
927,
940,
944,
948,
960,
962,
965,
977,
],
'project:twisted-12.1.0/twisted/conch/test/test_ssh.py':[
436,
],
'project:twisted-12.1.0/twisted/internet/base.py':[
563,
],
'project:twisted-12.1.0/twisted/internet/posixbase.py':[
83,
],
'project:twisted-12.1.0/twisted/internet/test/connectionmixins.py':[
52,
],
'project:twisted-12.1.0/twisted/internet/test/test_address.py':[
122,
129,
138,
154,
161,
170,
],
'project:twisted-12.1.0/twisted/internet/test/test_base.py':[
64,
],
'project:twisted-12.1.0/twisted/internet/test/test_endpoints.py':[
632,
647,
746,
779,
957,
958,
1068,
1073,
1086,
1092,
1203,
1209,
1221,
1227,
1240,
1254,
1364,
1373,
1402,
1411,
1487,
],
'project:twisted-12.1.0/twisted/internet/test/test_fdset.py':[
27,
34,
],
'project:twisted-12.1.0/twisted/internet/test/test_iocp.py':[
84,
],
'project:twisted-12.1.0/twisted/internet/test/test_protocol.py':[
94,
99,
128,
134,
],
'project:twisted-12.1.0/twisted/internet/test/test_tcp.py':[
327,
530,
785,
866,
913,
1048,
1191,
1205,
1264,
],
'project:twisted-12.1.0/twisted/internet/test/test_tls.py':[
161,
217,
236,
302,
],
'project:twisted-12.1.0/twisted/internet/test/test_udp.py':[
190,
],
'project:twisted-12.1.0/twisted/internet/test/test_udp_internals.py':[
142,
],
'project:twisted-12.1.0/twisted/mail/relay.py':[
46,
],
'project:twisted-12.1.0/twisted/mail/scripts/mailmail.py':[
26,
],
'project:twisted-12.1.0/twisted/mail/test/test_imap.py':[
708,
718,
],
'project:twisted-12.1.0/twisted/mail/test/test_mail.py':[
216,
220,
224,
698,
729,
733,
737,
821,
825,
826,
1030,
1034,
1039,
1234,
1279,
1283,
1486,
1502,
1529,
1532,
1548,
1568,
],
'project:twisted-12.1.0/twisted/mail/test/test_pop3client.py':[
501,
],
'project:twisted-12.1.0/twisted/mail/test/test_smtp.py':[
956,
1270,
1299,
],
'project:twisted-12.1.0/twisted/names/client.py':[
191,
585,
],
'project:twisted-12.1.0/twisted/names/dns.py':[
688,
866,
],
'project:twisted-12.1.0/twisted/names/test/test_cache.py':[
31,
33,
35,
58,
60,
62,
87,
89,
91,
],
'project:twisted-12.1.0/twisted/names/test/test_client.py':[
28,
463,
],
'project:twisted-12.1.0/twisted/names/test/test_dns.py':[
136,
381,
407,
475,
483,
487,
489,
491,
499,
517,
533,
608,
610,
734,
735,
768,
769,
973,
974,
975,
979,
980,
981,
992,
993,
994,
998,
999,
1000,
1004,
1005,
1006,
1088,
1089,
1090,
1093,
1094,
1095,
1170,
1171,
1172,
1175,
1176,
1177,
1180,
1181,
1182,
1185,
1186,
1187,
],
'project:twisted-12.1.0/twisted/names/test/test_hosts.py':[
29,
31,
41,
53,
54,
66,
69,
71,
90,
91,
94,
94,
103,
105,
139,
140,
141,
157,
159,
191,
204,
],
'project:twisted-12.1.0/twisted/names/test/test_names.py':[
79,
80,
90,
91,
97,
101,
106,
107,
114,
115,
121,
128,
141,
163,
174,
183,
219,
227,
227,
235,
235,
259,
273,
289,
371,
381,
392,
400,
401,
424,
545,
589,
590,
630,
638,
651,
744,
767,
820,
854,
877,
905,
906,
917,
918,
935,
942,
],
'project:twisted-12.1.0/twisted/names/test/test_rootresolve.py':[
149,
174,
175,
189,
205,
246,
270,
273,
276,
278,
285,
295,
298,
302,
305,
307,
314,
324,
330,
333,
335,
342,
352,
370,
387,
408,
427,
449,
452,
462,
473,
478,
488,
499,
517,
526,
529,
535,
538,
541,
556,
566,
613,
633,
668,
],
'project:twisted-12.1.0/twisted/names/test/test_tap.py':[
31,
33,
36,
46,
48,
57,
59,
68,
69,
73,
77,
],
'project:twisted-12.1.0/twisted/news/test/test_database.py':[
96,
120,
],
'project:twisted-12.1.0/twisted/pair/test/test_ip.py':[
38,
39,
79,
80,
95,
96,
150,
151,
170,
171,
235,
236,
251,
252,
272,
273,
288,
289,
],
'project:twisted-12.1.0/twisted/protocols/loopback.py':[
347,
350,
],
'project:twisted-12.1.0/twisted/protocols/socks.py':[
175,
],
'project:twisted-12.1.0/twisted/protocols/test/test_tls.py':[
378,
],
'project:twisted-12.1.0/twisted/python/test/test_release.py':[
2489,
],
'project:twisted-12.1.0/twisted/runner/test/test_procmontap.py':[
84,
87,
],
'project:twisted-12.1.0/twisted/tap/socks.py':[
17,
29,
],
'project:twisted-12.1.0/twisted/test/proto_helpers.py':[
199,
205,
410,
426,
448,
],
'project:twisted-12.1.0/twisted/test/test_abstract.py':[
22,
23,
34,
],
'project:twisted-12.1.0/twisted/test/test_adbapi.py':[
534,
541,
],
'project:twisted-12.1.0/twisted/test/test_amp.py':[
2227,
],
'project:twisted-12.1.0/twisted/test/test_application.py':[
333,
372,
390,
588,
591,
618,
621,
625,
],
'project:twisted-12.1.0/twisted/test/test_compat.py':[
114,
117,
118,
119,
130,
131,
132,
139,
142,
145,
147,
147,
148,
149,
150,
151,
],
'project:twisted-12.1.0/twisted/test/test_digestauth.py':[
63,
575,
],
'project:twisted-12.1.0/twisted/test/test_epoll.py':[
29,
49,
],
'project:twisted-12.1.0/twisted/test/test_factories.py':[
94,
],
'project:twisted-12.1.0/twisted/test/test_ftp.py':[
89,
113,
318,
461,
649,
651,
670,
681,
929,
949,
1138,
1155,
1173,
1188,
1206,
1222,
1239,
1251,
1290,
1303,
1327,
1340,
1359,
1364,
1414,
1436,
1452,
1478,
1496,
1512,
1527,
1549,
1573,
1591,
1607,
1623,
],
'project:twisted-12.1.0/twisted/test/test_ident.py':[
162,
167,
173,
173,
181,
181,
188,
189,
190,
191,
192,
193,
],
'project:twisted-12.1.0/twisted/test/test_internet.py':[
1069,
],
'project:twisted-12.1.0/twisted/test/test_manhole.py':[
15,
],
'project:twisted-12.1.0/twisted/test/test_pb.py':[
130,
1229,
1252,
1342,
1404,
1445,
1476,
1505,
1528,
1550,
1574,
1599,
1627,
1664,
1677,
],
'project:twisted-12.1.0/twisted/test/test_pbfailure.py':[
148,
153,
],
'project:twisted-12.1.0/twisted/test/test_policies.py':[
134,
197,
214,
245,
249,
251,
253,
268,
300,
331,
380,
693,
727,
731,
],
'project:twisted-12.1.0/twisted/test/test_protocols.py':[
1179,
1181,
1184,
1208,
1219,
1220,
],
'project:twisted-12.1.0/twisted/test/test_sip.py':[
220,
221,
230,
240,
245,
319,
322,
324,
353,
359,
396,
403,
404,
407,
408,
416,
417,
418,
423,
426,
427,
430,
431,
438,
443,
445,
454,
457,
458,
465,
468,
476,
477,
483,
486,
489,
491,
502,
567,
690,
694,
697,
715,
716,
718,
739,
740,
750,
872,
876,
880,
884,
],
'project:twisted-12.1.0/twisted/test/test_socks.py':[
26,
80,
92,
105,
112,
140,
157,
183,
197,
208,
213,
221,
240,
264,
276,
283,
288,
298,
325,
342,
347,
357,
381,
395,
406,
411,
418,
425,
435,
450,
457,
467,
481,
488,
497,
],
'project:twisted-12.1.0/twisted/test/test_ssl.py':[
393,
396,
481,
484,
512,
555,
591,
],
'project:twisted-12.1.0/twisted/test/test_sslverify.py':[
166,
253,
],
'project:twisted-12.1.0/twisted/test/test_stringtransport.py':[
273,
],
'project:twisted-12.1.0/twisted/test/test_tcp.py':[
178,
191,
196,
207,
233,
253,
262,
288,
303,
313,
336,
343,
361,
385,
390,
409,
416,
466,
500,
546,
558,
571,
640,
646,
647,
673,
679,
698,
703,
708,
732,
739,
740,
761,
762,
815,
821,
895,
900,
988,
1170,
1325,
1420,
1425,
1476,
1558,
1621,
1692,
1726,
1785,
],
'project:twisted-12.1.0/twisted/test/test_tcp_internals.py':[
77,
101,
163,
],
'project:twisted-12.1.0/twisted/test/test_udp.py':[
123,
139,
156,
163,
176,
184,
200,
206,
212,
276,
280,
288,
292,
319,
322,
324,
346,
471,
508,
523,
546,
550,
558,
578,
580,
582,
583,
588,
590,
599,
602,
606,
610,
623,
638,
642,
674,
],
'project:twisted-12.1.0/twisted/web/test/test_distrib.py':[
84,
90,
111,
118,
270,
],
'project:twisted-12.1.0/twisted/web/test/test_httpauth.py':[
163,
],
'project:twisted-12.1.0/twisted/web/test/test_proxy.py':[
31,
46,
53,
80,
86,
95,
],
'project:twisted-12.1.0/twisted/web/test/test_soap.py':[
61,
68,
],
'project:twisted-12.1.0/twisted/web/test/test_web.py':[
231,
241,
992,
1009,
1019,
1029,
1039,
1049,
1059,
],
'project:twisted-12.1.0/twisted/web/test/test_webclient.py':[
213,
214,
218,
219,
318,
377,
450,
493,
829,
832,
846,
849,
864,
865,
894,
908,
934,
989,
1001,
1013,
1025,
1037,
1049,
1749,
1767,
2040,
2043,
2051,
2054,
],
'project:twisted-12.1.0/twisted/web/test/test_wsgi.py':[
388,
437,
],
'project:twisted-12.1.0/twisted/web/test/test_xmlrpc.py':[
262,
285,
353,
363,
428,
441,
455,
472,
475,
543,
547,
641,
647,
655,
663,
675,
733,
743,
],
'project:twisted-12.1.0/twisted/words/test/test_irc.py':[
1896,
],
'project:twisted-12.1.0/twisted/words/test/test_msn.py':[
156,
395,
468,
478,
],
'project:twisted-12.1.0/twisted/words/test/test_service.py':[
224,
936,
],
'project:twisted-12.1.0/twisted/words/test/test_xmpproutertap.py':[
30,
68,
],
'project:twisted-12.1.0/twisted/words/xmpproutertap.py':[
12,
],
}
