{
'project:buildbot-0.8.6p1/buildbot/status/web/hooks/__init__.py':[
0,
],
'project:django-1.4/django/contrib/admin/tests.py':[
0,
],
'project:django-1.4/django/contrib/localflavor/at/at_states.py':[
0,
],
'project:django-1.4/django/contrib/localflavor/ca/ca_provinces.py':[
0,
],
'project:django-1.4/django/contrib/localflavor/fi/fi_municipalities.py':[
0,
],
'project:django-1.4/django/contrib/localflavor/mx/models.py':[
0,
],
'project:django-1.4/django/contrib/redirects/admin.py':[
0,
],
'project:django-1.4/django/contrib/sitemaps/models.py':[
0,
],
'project:django-1.4/django/contrib/sites/admin.py':[
0,
],
'project:django-1.4/django/dispatch/__init__.py':[
0,
],
'project:django-1.4/django/utils/synch.py':[
0,
],
'project:django-1.4/docs/_ext/applyxrefs.py':[
0,
],
'project:django-1.4/docs/_ext/literals_to_xrefs.py':[
0,
],
'project:django-1.4/tests/modeltests/lookup/models.py':[
0,
],
'project:django-1.4/tests/modeltests/many_to_one_null/tests.py':[
0,
],
'project:django-1.4/tests/modeltests/reserved_names/models.py':[
0,
],
'project:django-1.4/tests/modeltests/select_related/models.py':[
0,
],
'project:django-1.4/tests/modeltests/str/models.py':[
0,
],
'project:django-1.4/tests/modeltests/str/tests.py':[
0,
],
'project:django-1.4/tests/modeltests/transactions/models.py':[
0,
],
'project:django-1.4/tests/modeltests/validation/models.py':[
0,
],
'project:django-1.4/tests/regressiontests/admin_changelist/tests.py':[
0,
],
'project:django-1.4/tests/regressiontests/admin_filters/tests.py':[
0,
],
'project:django-1.4/tests/regressiontests/admin_inlines/admin.py':[
0,
],
'project:django-1.4/tests/regressiontests/admin_inlines/models.py':[
0,
],
'project:django-1.4/tests/regressiontests/admin_inlines/tests.py':[
0,
],
'project:django-1.4/tests/regressiontests/admin_scripts/custom_templates/app_template/api.py':[
0,
],
'project:django-1.4/tests/regressiontests/admin_scripts/custom_templates/app_template/models.py':[
0,
],
'project:django-1.4/tests/regressiontests/admin_scripts/custom_templates/project_template/additional_dir/additional_file.py':[
0,
],
'project:django-1.4/tests/regressiontests/admin_widgets/models.py':[
0,
],
'project:django-1.4/tests/regressiontests/admin_widgets/tests.py':[
0,
],
'project:django-1.4/tests/regressiontests/admin_widgets/widgetadmin.py':[
0,
],
'project:django-1.4/tests/regressiontests/bug8245/tests.py':[
0,
],
'project:django-1.4/tests/regressiontests/bulk_create/models.py':[
0,
],
'project:django-1.4/tests/regressiontests/bulk_create/tests.py':[
0,
],
'project:django-1.4/tests/regressiontests/comment_tests/tests/comment_utils_moderators_tests.py':[
0,
],
'project:django-1.4/tests/regressiontests/dispatch/tests/test_saferef.py':[
0,
],
'project:django-1.4/tests/regressiontests/i18n/resolution/models.py':[
0,
],
'project:django-1.4/tests/regressiontests/introspection/models.py':[
0,
],
'project:django-1.4/tests/regressiontests/mail/models.py':[
0,
],
'project:django-1.4/tests/regressiontests/max_lengths/tests.py':[
0,
],
'project:django-1.4/tests/regressiontests/servers/urls.py':[
0,
],
'project:django-1.4/tests/regressiontests/servers/views.py':[
0,
],
'project:django-1.4/tests/regressiontests/templates/templatetags/broken_tag.py':[
0,
],
'project:django-1.4/tests/regressiontests/test_utils/views.py':[
0,
],
'project:django-1.4/tests/regressiontests/urlpatterns_reverse/urlconf_inner.py':[
0,
],
'project:django-1.4/tests/regressiontests/urlpatterns_reverse/urlconf_outer.py':[
0,
],
'project:django-1.4/tests/regressiontests/utils/test_module/bad_module.py':[
0,
],
'project:django-1.4/tests/regressiontests/utils/test_module/good_module.py':[
0,
],
}
