{
'project:buildbot-0.8.6p1/buildbot/status/web/base.py':[
94,
107,
],
'project:buildbot-0.8.6p1/buildbot/status/web/step.py':[
40,
],
'project:buildbot-0.8.6p1/buildbot/test/unit/test_buildslave.py':[
168,
],
'project:buildbot-0.8.6p1/buildbot/test/unit/test_status_mail.py':[
179,
380,
503,
],
'project:django-1.4/django/contrib/admin/options.py':[
745,
],
'project:django-1.4/django/core/handlers/modpython.py':[
18,
],
'project:django-1.4/django/db/models/base.py':[
863,
],
'project:django-1.4/django/db/models/fields/related.py':[
132,
160,
],
'project:django-1.4/django/db/models/sql/query.py':[
727,
],
'project:django-1.4/django/utils/regex_helper.py':[
90,
],
'project:django-1.4/docs/_ext/djangodocs.py':[
137,
],
'project:twisted-12.1.0/twisted/lore/slides.py':[
242,
264,
265,
],
'project:twisted-12.1.0/twisted/news/nntp.py':[
669,
],
'project:twisted-12.1.0/twisted/protocols/dict.py':[
50,
],
'project:twisted-12.1.0/twisted/protocols/ftp.py':[
2149,
2218,
2537,
2539,
],
'project:twisted-12.1.0/twisted/python/components.py':[
144,
],
'project:twisted-12.1.0/twisted/python/threadpool.py':[
207,
],
'project:twisted-12.1.0/twisted/runner/inetd.py':[
41,
],
'project:twisted-12.1.0/twisted/runner/inetdconf.py':[
135,
],
'project:twisted-12.1.0/twisted/test/test_application.py':[
395,
],
'project:twisted-12.1.0/twisted/trial/test/test_runner.py':[
582,
],
'project:twisted-12.1.0/twisted/trial/unittest.py':[
1284,
],
}
