{
'project:django-1.4/django/db/models/sql/query.py':[
86,
],
'project:twisted-12.1.0/twisted/mail/imap4.py':[
460,
2196,
],
'project:twisted-12.1.0/twisted/words/protocols/irc.py':[
971,
],
}
