{
'project:buildbot-0.8.6p1/buildbot/changes/bonsaipoller.py':[
54,
],
'project:twisted-12.1.0/doc/core/examples/mouse.py':[
30,
],
'project:twisted-12.1.0/doc/historic/2003/pycon/deferex/deferex-complex-raise.py':[
6,
],
'project:twisted-12.1.0/doc/historic/2003/pycon/deferex/deferex-simple-raise.py':[
2,
],
'project:twisted-12.1.0/twisted/conch/ssh/filetransfer.py':[
56,
],
'project:twisted-12.1.0/twisted/mail/imap4.py':[
2681,
],
'project:twisted-12.1.0/twisted/manhole/service.py':[
339,
],
'project:twisted-12.1.0/twisted/web/test/test_web.py':[
594,
],
'project:twisted-12.1.0/twisted/words/protocols/irc.py':[
1757,
],
}
