// NON-PRIMITIVE TYPE SUMMARY
// (NOTE: Wrapper types and String are not considered.)
// Total types: 4
// Total unsupported types: 0
// Ratio supported types: 1.0
// Total type usages: 5
// Total unsupported type usages: 0
// Ratio supported type usages: 1.0
// Supported type usage of 90.0% reached.
// Supported type usage of 80.0% reached.

